Namespace(input='/home/ahyoung/Desktop/tor-folder/final/dark_web.db', number=16, output='/home/ahyoung/output', port=9050)
Start html file making
{'Address': 'ka3ds43g3wfltjn4', 'Result': 'Fail'}
{'Address': 'xb635ncim63dlahg', 'Result': 'Fail'}
{'Address': 'deepmar57fbonfiw', 'Result': 'Fail'}
{'Address': 'sn2vwdleom47kzqp', 'Result': 'Fail'}
{'Address': 'pdf6uqyd4nxmghgw', 'Result': 'Fail'}
{'Address': 'omertavzkmsn6tp6', 'Result': 'Fail'}
{'Address': 'ccguruetr5jwye5g', 'Result': 'Fail'}
{'Address': 'vendorcugc6oppvb', 'Result': 'Fail'}
{'Address': 'cccenterjb27ubnm', 'Result': 'Fail'}
{'Address': 'carddumpa36spoya', 'Result': 'Fail'}
{'Address': 'roscard5xxpj4g3g', 'Result': 'Fail'}
{'Address': 'acteam2nmbucjnht', 'Result': 'Fail'}
{'Address': 'blackph5fuiz72bf', 'Result': 'Fail'}
{'Address': 'xstftgk5c3hnf2s6', 'Result': 'Fail'}
{'Address': 'amazongw6uqefsmo', 'Result': 'Fail'}
{'Address': 'torcvvq44o7ofjuu', 'Result': 'Fail'}
{'Address': 'yaleshopznl7dyus', 'Result': 'Fail'}
{'Address': 'easyvisa5i67p2hc', 'Result': 'Fail'}
{'Address': 'moneyplheq37vfyk', 'Result': 'Fail'}
{'Address': 'ppextalynbst3xqm', 'Result': 'Fail'}
{'Address': 'e7sin3urmxxcnu6a', 'Result': 'Fail'}
{'Address': 'buybtcstbl2d3igz', 'Result': 'Fail'}
{'Address': 'fbyr455vwvkpzp5k', 'Result': 'Fail'}
{'Address': 'accountlwghunkeg', 'Result': 'Fail'}
{'Address': 'paypalacfi5pv4t2', 'Result': 'Fail'}
{'Address': 'easycoinsayj7p5l', 'Result': 'Fail'}
{'Address': 'jzn5w5pac26sqef4', 'Result': 'Fail'}
{'Address': 'ow24et3tetp6tvmk', 'Result': 'Fail'}
{'Address': '3dbr5t4pygahedms', 'Result': 'Fail'}
{'Address': 'h24wtibkbgc543ck', 'Result': 'Fail'}
{'Address': 'xilliayhoiuv5qmk', 'Result': 'Fail'}
{'Address': 'y3fpieiezy2sin4a', 'Result': 'Fail'}
{'Address': 'qkj4drtgvpm7eecl', 'Result': 'Fail'}
{'Address': '65px7xq64qrib2fx', 'Result': 'Fail'}
{'Address': 'worldtx2zjdrxwwdvthuilhadqyfcl3fqgyjddhtakq3j4fonppvy3id', 'Result': 'Fail'}
{'Address': 'asap2u4pvplnkzl7ecle45wajojnftja45wvovl3jrvhangeyq67ziid', 'Result': 'Fail'}
{'Address': 'yxuy5oau7nugw4kpb4lclrqdbixp3wvc4iuiad23ebyp2q3gx7rtrgqd', 'Result': 'Fail'}
{'Address': 'liberty6o7lubin4t2nzyebylmk4l4xfw6kk2o5xhg3fahqoatfiprqd', 'Result': 'Fail'}
{'Address': 'wallstyizjhkrvmj', 'Result': 'Fail'}
{'Address': 'darkmarketsomqvzqfjudpd6t5eabgvvpplrbtzq6prervyogenlrlqd', 'Result': 'Fail'}
{'Address': 'un62d2ywi33bho53', 'Result': 'Fail'}
{'Address': 'cards5yvy44gucvo', 'Result': 'Fail'}
{'Address': 'hydraruzxpnew4af', 'Result': 'Fail'}
{'Address': 'cavetord6bosm3sl', 'Result': 'Fail'}
{'Address': 'blackmarthw3vp7a', 'Result': 'Fail'}
{'Address': 'midcity7ccxtrzhn', 'Result': 'Fail'}
{'Address': 'ozon3kdtlr6gtzjn', 'Result': 'Fail'}
{'Address': 'scryptmaildniwm6', 'Result': 'Fail'}
{'Address': 'bitmailendavkbec', 'Result': 'Fail'}
{'Address': 'it.louhlbgyupgktsw7', 'Result': 'Fail'}
{'Address': 'nzh3fv6jc6jskki3', 'Result': 'Fail'}
{'Address': 'clgs64523yi2bkhz', 'Result': 'Fail'}
{'Address': 'doggyfipznipbaia', 'Result': 'Fail'}
{'Address': 'cwu7eglxcabwttzf', 'Result': 'Fail'}
{'Address': 'zrwxcayqc4jgggnm', 'Result': 'Fail'}
{'Address': 'qj3m7wxqk4pfqwob', 'Result': 'Fail'}
{'Address': 'infantilefb6ovh4', 'Result': 'Fail'}
{'Address': 'cockmailwwfvrtqj', 'Result': 'Fail'}
{'Address': 'vola7ileiax4ueow', 'Result': 'Fail'}
{'Address': 'jitjatxmemcaaadp', 'Result': 'Fail'}
{'Address': 'zw3crggtadila2sg', 'Result': 'Fail'}
{'Address': 'rhe4faeuhjs4ldc5', 'Result': 'Fail'}
{'Address': 'suprbayoubiexnmp', 'Result': 'Fail'}
{'Address': 'oniichanylo2tsi4', 'Result': 'Fail'}
{'Address': 'ocu3errhpxppmwpr', 'Result': 'Fail'}
{'Address': 'answerstedhctbek', 'Result': 'Fail'}
{'Address': 'cashkxxqpzbgggg7', 'Result': 'Fail'}
{'Address': 'tumbachegvyaadyq', 'Result': 'Fail'}
{'Address': 'pncldyerk4gqofhp', 'Result': 'Fail'}
{'Address': 'rzb5nlpvy5oqnket', 'Result': 'Fail'}
{'Address': 'thehub7xbw4dc5r2', 'Result': 'Fail'}
{'Address': 'dkzerogt6z6ybhcj', 'Result': 'Fail'}
{'Address': 'realpissxny3hgyl', 'Result': 'Fail'}
{'Address': 'rutorzzmfflzllk5', 'Result': 'Fail'}
{'Address': 'avengersdutyk3xf', 'Result': 'Fail'}
{'Address': 'arhivachovtj2jrp', 'Result': 'Fail'}
{'Address': 'rzilaygoiqfvmmcl', 'Result': 'Fail'}
{'Address': 'mllpfi3dsfp7wjms', 'Result': 'Fail'}
{'Address': 'bchz4vggexx63qvy', 'Result': 'Fail'}
{'Address': 'csrinru3c2ownkep', 'Result': 'Fail'}
{'Address': 'pt2mftbxeczbzufi2v7b3ekmsun4khq6hi7bdjo7w23fsx3easvr73ad', 'Result': 'Fail'}
{'Address': 'ny4a6zwwmrvyjtlu', 'Result': 'Fail'}
{'Address': 'rso4hutlefirefqp', 'Result': 'Fail'}
{'Address': 'newpdsuslmzqazvr', 'Result': 'Fail'}
{'Address': 'smoker32pk4qt3mx', 'Result': 'Fail'}
{'Address': 'fzqnrlcvhkgbdwx5', 'Result': 'Fail'}
{'Address': 'kbvbh4kdddiha2ht', 'Result': 'Fail'}
{'Address': 's5q54hfww56ov2xc', 'Result': 'Fail'}
{'Address': 'll6lardicrvrljvq', 'Result': 'Fail'}
{'Address': '25ffhnaechrbzwf3', 'Result': 'Fail'}
{'Address': 'k4btcoezc5tlxyaf', 'Result': 'Fail'}
{'Address': 'pharma5jbbmwjoo3', 'Result': 'Fail'}
{'Address': 'auw6fzx756f6gqcd', 'Result': 'Fail'}
{'Address': 'do7dt6vuskgrz3sa', 'Result': 'Fail'}
{'Address': 'smokerhv5hlklzh2', 'Result': 'Fail'}
{'Address': 'eucannapggbtppdd', 'Result': 'Fail'}
{'Address': 'mollyworh4524fop', 'Result': 'Fail'}
{'Address': '7uvijlsswycvih2p', 'Result': 'Fail'}
{'Address': 'cjakglmv3vidqwgt', 'Result': 'Fail'}
{'Address': 'pushingtabu7itqj', 'Result': 'Fail'}
{'Address': 'cocain2xkqiesuqd', 'Result': 'Fail'}
{'Address': 'maghrebwzbkucctg', 'Result': 'Fail'}
{'Address': 'viagr4rub7dne4xk', 'Result': 'Fail'}
{'Address': 'abyssopyps3z4xof', 'Result': 'Fail'}
{'Address': 'drugss5mif4vrbws', 'Result': 'Fail'}
{'Address': 'psyched25pydrgul', 'Result': 'Fail'}
{'Address': 'cannabi4ewmalq3g', 'Result': 'Fail'}
{'Address': 'weedsragjdyuimdm', 'Result': 'Fail'}
{'Address': 'cocahze7fqy4qwwx', 'Result': 'Fail'}
{'Address': 'weed46fkpfzc3lvi', 'Result': 'Fail'}
{'Address': 'chemspain7iw2zby', 'Result': 'Fail'}
{'Address': 'eeyovrly7charuku', 'Result': 'Fail'}
{'Address': 'newshit5g5lc5coc', 'Result': 'Fail'}
{'Address': 'blackmartqjhpnzh', 'Result': 'Fail'}
{'Address': 'drugszun7tvsgsaa', 'Result': 'Fail'}
{'Address': 'megaeeayahdmmeee', 'Result': 'Fail'}
{'Address': 'chemradvzlfaqeqc', 'Result': 'Fail'}
{'Address': 'xdsa5xcrrrxxxolc', 'Result': 'Fail'}
{'Address': 'pharmauoq6wnqp7q', 'Result': 'Fail'}
{'Address': 'bitphar76n5t3qag', 'Result': 'Fail'}
{'Address': 'dedopedhvmcsxylb', 'Result': 'Fail'}
{'Address': '25ffhpouaxzf2kue', 'Result': 'Fail'}
{'Address': 'deepdot35wvmeyd5', 'Result': 'Fail'}
{'Address': '76ssfjn22svo4vyl', 'Result': 'Fail'}
{'Address': 'tpq5sxk5cgdf35uq', 'Result': 'Fail'}
{'Address': 'tinhat233xymse34', 'Result': 'Fail'}
{'Address': 'nnksciarbrfsg3ud', 'Result': 'Fail'}
{'Address': 'kxojy6ygju4h6lwn', 'Result': 'Fail'}
{'Address': 'zriokjwqb244oci7', 'Result': 'Fail'}
{'Address': 'bpo4ybbs2apk4sk4', 'Result': 'Fail'}
{'Address': 'potatooezyf2aql6', 'Result': 'Fail'}
{'Address': 'b2lqdo3v4tphyqbf', 'Result': 'Fail'}
{'Address': 'j7hackfestgaeuvv', 'Result': 'Fail'}
{'Address': 'matrixdirectory.torpress2sarn7xw', 'Result': 'Fail'}
{'Address': '7rmath4ro2of2a42', 'Result': 'Fail'}
{'Address': '3kyl4i7bfdgwelmf', 'Result': 'Fail'}
{'Address': 'writeas7pm7rcdqg', 'Result': 'Fail'}
{'Address': 'cosmistljwunnzgr', 'Result': 'Fail'}
{'Address': 'eqac56hh4ppxzy27', 'Result': 'Fail'}
{'Address': 'zilion4h6dxztysk', 'Result': 'Fail'}
{'Address': 'ctzzqqimlfamyhrc', 'Result': 'Fail'}
{'Address': '74ypjqjwf6oejmax', 'Result': 'Fail'}
{'Address': '7hk64iz2vn2ewi7h', 'Result': 'Fail'}
{'Address': 'torvps7kzis5ujfz', 'Result': 'Fail'}
{'Address': 'apkx44pmf7fyd63e', 'Result': 'Fail'}
{'Address': 'mh7mkfvezts5j6yu', 'Result': 'Fail'}
{'Address': 'vfqnd6mieccqyiit', 'Result': 'Fail'}
{'Address': 'en35tuzqmn4lofbk', 'Result': 'Fail'}
{'Address': 'xfnwyig7olypdq5r', 'Result': 'Fail'}
{'Address': 'cpartywvpihlabsy', 'Result': 'Fail'}
{'Address': 'kobrabd77ppgjd2r', 'Result': 'Fail'}
{'Address': 'zjuhnrnaz573362iwpqm2peoozwd37yfeohyzdymmn2xlewr5li3zpqd', 'Result': 'Fail'}
{'Address': 'huomyxhpzx6mw74e6jfxtj5kmxov6wdmc62ylk6oc7feht5gntuawaqd', 'Result': 'Fail'}
{'Address': 'ytteyiazq2xyazjws45lxjpqie5krxdcoe4nr5vysldu54olnbtrg5qd', 'Result': 'Fail'}
{'Address': 'vscvkdcnjpwkdumrrnxsfhmx5shkztqzehnkvelpfrzj7sqkra7bcjid', 'Result': 'Fail'}
{'Address': 'timaq4ygg2iegci7', 'Result': 'Fail'}
{'Address': 'hackerrljqhmq6jb', 'Result': 'Fail'}
{'Address': 'vb75uj2ap3hyyava', 'Result': 'Fail'}
{'Address': 'fsv2bgli7wk4hkvl', 'Result': 'Fail'}
{'Address': 'blackhost5xlrhev', 'Result': 'Fail'}
{'Address': 'edfbn5gfuaj2bc2w', 'Result': 'Fail'}
{'Address': '6f6ejaiiixypfqaf', 'Result': 'Fail'}
{'Address': 'ranionjgot5cud3p', 'Result': 'Fail'}
{'Address': '3fym7qpu7jsljat7', 'Result': 'Fail'}
{'Address': 'armoryohajjhou5m', 'Result': 'Fail'}
{'Address': 'weapon5cd6o72mny', 'Result': 'Fail'}
{'Address': 'gunsdtk47tolcrre', 'Result': 'Fail'}
{'Address': '2kka4f23pcxgqkpv', 'Result': 'Fail'}
{'Address': 'luckp47s6xhz26rn', 'Result': 'Fail'}
{'Address': 'gunsganjkiexjkew', 'Result': 'Fail'}
{'Address': 'drkseidwayn6uc5x', 'Result': 'Fail'}
{'Address': 'pistolcqex2ecr5r', 'Result': 'Fail'}
{'Address': '5xxqhn7qbtug7cag', 'Result': 'Fail'}
{'Address': 'dtkeubgx47jeqvag', 'Result': 'Fail'}
{'Address': 'vi5ydynhfco62g4v', 'Result': 'Fail'}
{'Address': 'mke3j4vlpo3ccmu4', 'Result': 'Fail'}
{'Address': 'gunsdarkhzyowteb', 'Result': 'Fail'}
{'Address': 'tfwdi3izigxllure', 'Result': 'Fail'}
{'Address': 'mobil7rab6nuf7vx', 'Result': 'Fail'}
{'Address': 'electrotev3tgo2p', 'Result': 'Fail'}
{'Address': 'amazonfkuuy6g3ou', 'Result': 'Fail'}
{'Address': '35flmpspwpnarbos', 'Result': 'Fail'}
{'Address': 'trinixy73gm6z4fq', 'Result': 'Fail'}
{'Address': 'applekfwov4jebmr', 'Result': 'Fail'}
{'Address': 'etrrdbuorwng2hkw', 'Result': 'Fail'}
{'Address': '2wkwv7m4hetvqo3d', 'Result': 'Fail'}
{'Address': 'mobileay2syyw6qf', 'Result': 'Fail'}
{'Address': 'bitstorenctdwhmo', 'Result': 'Fail'}
{'Address': 'rechardsp4x6tdrh', 'Result': 'Fail'}
{'Address': 'dc5gee72qyaayr4d', 'Result': 'Fail'}
{'Address': 'hosting6iar5zo7c', 'Result': 'Fail'}
{'Address': 'y5fmhyqdr6r7ddws', 'Result': 'Fail'}
{'Address': 'n65xqgf3qj423wfj', 'Result': 'Fail'}
{'Address': 'vsdfdtkr5mh6y33p', 'Result': 'Fail'}
{'Address': 'ixpnon3zvysm24ct', 'Result': 'Fail'}
{'Address': 'animalirgsuecrvn', 'Result': 'Fail'}
{'Address': 'tssa3saypkimmkcy', 'Result': 'Fail'}
{'Address': 'exwljei3bfvchv6p', 'Result': 'Fail'}
{'Address': '222222avkcjpcbwi', 'Result': 'Fail'}
{'Address': '32pbf32xi6ccm63z', 'Result': 'Fail'}
{'Address': 'iz56hciijqh5uh5u', 'Result': 'Fail'}
{'Address': 'dosug4rea4kvnk5f', 'Result': 'Fail'}
{'Address': 'escortnokqqptuxz', 'Result': 'Fail'}
{'Address': 'escortukmoz52fmu', 'Result': 'Fail'}
{'Address': 'nudes2fdd6b775zr', 'Result': 'Fail'}
{'Address': 'csxtih62vmohxptm', 'Result': 'Fail'}
{'Address': 'ftyffwtact6nguwi', 'Result': 'Fail'}
{'Address': 'thundersplv36ecb', 'Result': 'Fail'}
{'Address': 'familybw6azkhjsc', 'Result': 'Fail'}
{'Address': 'slavegl5jgdo2pbk', 'Result': 'Fail'}
{'Address': '7ca736d4of2xe7pm', 'Result': 'Fail'}
{'Address': 'ofvibtptm3c3vxxw', 'Result': 'Fail'}
{'Address': 'g24stauh3c3fkk4j', 'Result': 'Fail'}
{'Address': 'z25ub7elk47ca2gj', 'Result': 'Fail'}
{'Address': 'xplayyyyyirxui4n', 'Result': 'Fail'}
{'Address': 'trn53kchmnc2tgzp', 'Result': 'Fail'}
{'Address': 'userl7qp24jlajyx', 'Result': 'Fail'}
{'Address': 'x35fpxqbgelkcouz', 'Result': 'Fail'}
{'Address': 'zqktlwi4fecvo6ri', 'Result': 'Fail'}
{'Address': 'kpvz7ki2v5agwt35', 'Result': 'Fail'}
{'Address': 'wiki5kauuihowqi5', 'Result': 'Fail'}
{'Address': 'wikitjerrta4qgz4', 'Result': 'Fail'}
{'Address': 'underdj5ziov3ic7', 'Result': 'Fail'}
{'Address': 'torlinkbgs6aabns', 'Result': 'Fail'}
{'Address': 'dirnxxdraygbifgc', 'Result': 'Fail'}
{'Address': 'jh32yv5zgayyyts3', 'Result': 'Fail'}
{'Address': 'hdwikicorldcisiy', 'Result': 'Fail'}
{'Address': 'toplinkzrey4sfaf', 'Result': 'Fail'}
{'Address': 'totozzimg6zbvthl', 'Result': 'Fail'}
{'Address': 'secushare.cheettyiapsyciew', 'Result': 'Fail'}
{'Address': 'redroomfing27toi', 'Result': 'Fail'}
{'Address': 'llf6yyalipib4jau', 'Result': 'Fail'}
{'Address': 'pgdnvi6nf26gbzgf', 'Result': 'Fail'}
{'Address': 'hackerw6dcplg3ej', 'Result': 'Fail'}
{'Address': 'artifaxdeep.torpress2sarn7xw', 'Result': 'Fail'}
{'Address': 'hlsf2cw74ydheg6f', 'Result': 'Fail'}
{'Address': 'radiocbsi2q27tob', 'Result': 'Fail'}
{'Address': 'kaarvixjxfdy2wv2', 'Result': 'Fail'}
{'Address': 'jlve2y45zacpbz6s', 'Result': 'Fail'}
{'Address': 'xfmro77i3lixucja', 'Result': 'Fail'}
{'Address': 'torc5bhzq6xorhb4', 'Result': 'Fail'}
{'Address': 'darknetco4i4prlp', 'Result': 'Fail'}
{'Address': 'parckwartvo7fskp', 'Result': 'Fail'}
{'Address': 'cheenazap345z6a7', 'Result': 'Fail'}
{'Address': 'zerobinqmdqd236y', 'Result': 'Fail'}
{'Address': 'nzxj65x32vh2fkhk', 'Result': 'Fail'}
{'Address': 'fakebillkelmwaos', 'Result': 'Fail'}
{'Address': 'xqxf2ggcud2kntck', 'Result': 'Fail'}
{'Address': 'countermltd42g4x', 'Result': 'Fail'}
{'Address': 'cfactoryxecooa6l', 'Result': 'Fail'}
{'Address': 'counterfxhjvtrlw', 'Result': 'Fail'}
{'Address': 'xyaukzqqcdkop4ui', 'Result': 'Fail'}
{'Address': 'cryptomixns23scr', 'Result': 'Fail'}
{'Address': '5ifblitg2ywjjo2t', 'Result': 'Fail'}
{'Address': 'apple5e3lqymppzp', 'Result': 'Fail'}
{'Address': 'bitmixergv5vvbza', 'Result': 'Fail'}
{'Address': 'sgkvfgvtxjzvbadm', 'Result': 'Fail'}
{'Address': 'loundryslz2venqx', 'Result': 'Fail'}
{'Address': 'foggeddriztrcar2', 'Result': 'Fail'}
{'Address': 'cleancoikmh6uamc', 'Result': 'Fail'}
{'Address': 'penguinsmbshtgmf', 'Result': 'Fail'}
{'Address': 'bitcloak43blmhmn', 'Result': 'Fail'}
{'Address': 'ygrqgcnoodnqdmlc', 'Result': 'Fail'}
{'Address': 'swkcw6eudl7lciek', 'Result': 'Fail'}
{'Address': 'h4gca3vb6v37awux', 'Result': 'Fail'}
{'Address': 'darkmambawopntdk', 'Result': 'Fail'}
{'Address': '3g2upl4pq6kufc4m', 'Result': 'Fail'}
{'Address': 'zqktlwi4fecvo6ri', 'Result': 'Fail'}
{'Address': 'torlinkbgs6aabns', 'Result': 'Fail'}
{'Address': 'jh32yv5zgayyyts3', 'Result': 'Fail'}
{'Address': 'wikitjerrta4qgz4', 'Result': 'Fail'}
{'Address': 'wiki5kauuihowqi5', 'Result': 'Fail'}
{'Address': '6w6vcynl6dumn67c', 'Result': 'Fail'}
{'Address': 'tuu66yxvrnn3of7l', 'Result': 'Fail'}
{'Address': 'cstoreav7i44h2lr', 'Result': 'Fail'}
{'Address': 'tfwdi3izigxllure', 'Result': 'Fail'}
{'Address': 'mobil7rab6nuf7vx', 'Result': 'Fail'}
{'Address': 'vfqnd6mieccqyiit', 'Result': 'Fail'}
{'Address': 'en35tuzqmn4lofbk', 'Result': 'Fail'}
{'Address': 'xfnwyig7olypdq5r', 'Result': 'Fail'}
{'Address': 'rso4hutlefirefqp', 'Result': 'Fail'}
{'Address': 'newpdsuslmzqazvr', 'Result': 'Fail'}
{'Address': 'smoker32pk4qt3mx', 'Result': 'Fail'}
{'Address': 'fzqnrlcvhkgbdwx5', 'Result': 'Fail'}
{'Address': 'kbvbh4kdddiha2ht', 'Result': 'Fail'}
{'Address': 's5q54hfww56ov2xc', 'Result': 'Fail'}
{'Address': 'll6lardicrvrljvq', 'Result': 'Fail'}
{'Address': '25ffhnaechrbzwf3', 'Result': 'Fail'}
{'Address': 'k4btcoezc5tlxyaf', 'Result': 'Fail'}
{'Address': '74ypjqjwf6oejmax', 'Result': 'Fail'}
{'Address': 'newsiiwanaduqpre', 'Result': 'Fail'}
{'Address': '7hk64iz2vn2ewi7h', 'Result': 'Fail'}
{'Address': 't4is3dhdc2jd4yhw', 'Result': 'Fail'}
{'Address': 'zw3crggtadila2sg', 'Result': 'Fail'}
{'Address': '6sgjmi53igmg7fm7', 'Result': 'Fail'}
{'Address': 'duskgytldkxiuqc6', 'Result': 'Fail'}
{'Address': 'duskgytldkxiuqc6', 'Result': 'Fail'}
{'Address': '2ogmrlfzdthnwkez', 'Result': 'Fail'}
{'Address': 'wuvdsbmbwyjzsgei', 'Result': 'Fail'}
{'Address': 'xfmro77i3lixucja', 'Result': 'Fail'}
{'Address': 'dunl4qc7zlaqmavm', 'Result': 'Fail'}
{'Address': 'zlvpbozpgrq7uwqc', 'Result': 'Fail'}
{'Address': 'ybiaxhp2mhn4dtog', 'Result': 'Fail'}
{'Address': '55bk7hkfqlyo2xg3', 'Result': 'Fail'}
{'Address': '3pdx7y4r2mc3zuxw', 'Result': 'Fail'}
{'Address': '4t2qo5bgrwicvqw7', 'Result': 'Fail'}
{'Address': 'xnwpwzm5dn5fi6kf', 'Result': 'Fail'}
{'Address': 'hntpud2v7otxphgf', 'Result': 'Fail'}
{'Address': 'mixbitw5m5zh4m7u', 'Result': 'Fail'}
{'Address': 'miningbf34ktfupa', 'Result': 'Fail'}
{'Address': 'invest775zkbmhiy', 'Result': 'Fail'}
{'Address': 'bbk7vwlok5a3eika', 'Result': 'Fail'}
{'Address': 'd6d6qr5r5jurtvjh', 'Result': 'Fail'}
{'Address': '2junuwyqfrfgtlfn', 'Result': 'Fail'}
{'Address': 'wi3dg355dpiy2g5k', 'Result': 'Fail'}
{'Address': 'egixqvttogpxc75f', 'Result': 'Fail'}
{'Address': 'kkf7wy3uu7kgbaa6', 'Result': 'Fail'}
{'Address': 'tugvveav653hfqig', 'Result': 'Fail'}
{'Address': 'tcc26dp2rs6g3v6c', 'Result': 'Fail'}
{'Address': 'c6qolqd4nuvdymhn', 'Result': 'Fail'}
{'Address': 't4wjrh634dnlue6i', 'Result': 'Fail'}
{'Address': 'efby23qxgt6rb6vc', 'Result': 'Fail'}
{'Address': 'q3xlqv65nhypm6tn', 'Result': 'Fail'}
{'Address': 'v5dbacb4vw3cxtzp', 'Result': 'Fail'}
{'Address': 'tsyyky3oc7fngj5l', 'Result': 'Fail'}
{'Address': 'sbqaxe6dwiydetyr', 'Result': 'Fail'}
{'Address': 'muwkpdumqr4m6kxkdfcphx7g2onhjh7iurlipbwcjsqwc7sa3lpke3id', 'Result': 'Fail'}
{'Address': 'tzit5v4hvxbmm6yotz46vxpzmjrulyuafthlrkglsd6vs4lxhc5n3kid', 'Result': 'Fail'}
{'Address': 'jedhvw74olnzgz6rdepfb3eojtjy5b2sgygaxieyf3dclucbwgnz7dqd', 'Result': 'Fail'}
{'Address': '7hictnmx2vrxzubpexxxvke44p27t2qhzclfs5h2cqfh42c3wukt3vad', 'Result': 'Fail'}
{'Address': 'nu5grt6sqv4imico', 'Result': 'Fail'}
{'Address': 'w6uc2htc3lfcs3g2', 'Result': 'Fail'}
{'Address': 'hansamkt2rr6nfg3', 'Result': 'Fail'}
{'Address': 'wallstyizjhkrvmj', 'Result': 'Fail'}
{'Address': 'morhx3irxknskwu5', 'Result': 'Fail'}
{'Address': 'ewad7i7uw2deouyg', 'Result': 'Fail'}
{'Address': '6tds66lovd24jl7f', 'Result': 'Fail'}
{'Address': 'xzycbxex66aja7fd', 'Result': 'Fail'}
{'Address': 'nnipbjberqh6lpvt', 'Result': 'Fail'}
{'Address': 'h4nopdvhp2upmvkx', 'Result': 'Fail'}
{'Address': 'itilyljv4vf6qgqm', 'Result': 'Fail'}
{'Address': 'bnruxuk34pu5l37h', 'Result': 'Fail'}
{'Address': 'deepmexzsejpzqid3k7knaas2p73dko6kxgpou7oey7vqtmrhopjyqyd', 'Result': 'Fail'}
{'Address': 'uhb2gkawseo74dzo', 'Result': 'Fail'}
{'Address': '3n3w4m56atug7osb', 'Result': 'Fail'}
{'Address': 'cashgodr53umth4z', 'Result': 'Fail'}
{'Address': 'cards5yvy44gucvo', 'Result': 'Fail'}
{'Address': 'hydraruzxpnew4af', 'Result': 'Fail'}
{'Address': 'ebkjlvge7furmo6y', 'Result': 'Fail'}
{'Address': 'midcity7ccxtrzhn', 'Result': 'Fail'}
{'Address': 'tordex7iie7z2wcg', 'Result': 'Fail'}
{'Address': 'hss3uro2hsxfogfq', 'Result': 'Fail'}
{'Address': 'msydqstlz2kzerdg', 'Result': 'Fail'}
{'Address': '3g2upl4pq6kufc4m', 'Result': 'Fail'}
{'Address': 'hdwikiueikaeviwk', 'Result': 'Fail'}
{'Address': 'visitorfi5kl7q7i', 'Result': 'Fail'}
{'Address': 'underdj5ziov3ic7', 'Result': 'Fail'}
{'Address': 'directdal7bourmy', 'Result': 'Fail'}
{'Address': 'torvps7kzis5ujfz', 'Result': 'Fail'}
{'Address': 'chchchiasaeljqgs', 'Result': 'Fail'}
{'Address': 'mgibojrlzdfoajbn', 'Result': 'Fail'}
{'Address': 'm6ssh6ejcsppepa5', 'Result': 'Fail'}
{'Address': 'protonirockerxow', 'Result': 'Fail'}
{'Address': 'zrwxcayqc4jgggnm', 'Result': 'Fail'}
{'Address': 'ozon3kdtlr6gtzjn', 'Result': 'Fail'}
{'Address': 'cwu7eglxcabwttzf', 'Result': 'Fail'}
{'Address': 'cockmailwwfvrtqj', 'Result': 'Fail'}
{'Address': 'it.louhlbgyupgktsw7', 'Result': 'Fail'}
{'Address': 'vxx2tfzprjm56eka', 'Result': 'Fail'}
{'Address': 'vola7ileiax4ueow', 'Result': 'Fail'}
{'Address': 'zw3crggtadila2sg', 'Result': 'Fail'}
{'Address': 'rhe4faeuhjs4ldc5', 'Result': 'Fail'}
{'Address': 'suprbayoubiexnmp', 'Result': 'Fail'}
{'Address': 'realpissxny3hgyl', 'Result': 'Fail'}
{'Address': 'rutorzzmfflzllk5', 'Result': 'Fail'}
{'Address': 'answerstedhctbek', 'Result': 'Fail'}
{'Address': 'bfvfq7hjcdoinzo4', 'Result': 'Fail'}
{'Address': 'saefjmgij57x5gky', 'Result': 'Fail'}
{'Address': 'easycoinsayj7p5l', 'Result': 'Fail'}
{'Address': 'jzn5w5pac26sqef4', 'Result': 'Fail'}
{'Address': 'y3fpieiezy2sin4a', 'Result': 'Fail'}
{'Address': 'qkj4drtgvpm7eecl', 'Result': 'Fail'}
{'Address': 'ow24et3tetp6tvmk', 'Result': 'Fail'}
{'Address': 'apple5e3lqymppzp', 'Result': 'Fail'}
{'Address': 'transferiwon44pq', 'Result': 'Fail'}
{'Address': 'e7sin3urmxxcnu6a', 'Result': 'Fail'}
{'Address': 'gc4youuhrzbp5rlm', 'Result': 'Fail'}
{'Address': 'eqnbwy4b4k4lrlq5', 'Result': 'Fail'}
{'Address': '65px7xq64qrib2fx', 'Result': 'Fail'}
{'Address': 'usjudr3c6ez6tesi', 'Result': 'Fail'}
{'Address': 'paypalacfi5pv4t2', 'Result': 'Fail'}
{'Address': 'omertavzkmsn6tp6', 'Result': 'Fail'}
{'Address': 'xqxf2ggcud2kntck', 'Result': 'Fail'}
{'Address': 'vendorcugc6oppvb', 'Result': 'Fail'}
{'Address': 'fakebillkelmwaos', 'Result': 'Fail'}
{'Address': 'acteam2nmbucjnht', 'Result': 'Fail'}
{'Address': 'torcvvq44o7ofjuu', 'Result': 'Fail'}
{'Address': 'oq3y6kvdjmhcavto', 'Result': 'Fail'}
{'Address': 'ccghmfd2x74s7i22', 'Result': 'Fail'}
{'Address': 'blackph5fuiz72bf', 'Result': 'Fail'}
{'Address': 'bitcloak43blmhmn', 'Result': 'Fail'}
{'Address': 'penguinsmbshtgmf', 'Result': 'Fail'}
{'Address': 'ppextalynbst3xqm', 'Result': 'Fail'}
{'Address': 'accountlwghunkeg', 'Result': 'Fail'}
{'Address': '5ifblitg2ywjjo2t', 'Result': 'Fail'}
{'Address': 'yaleshopznl7dyus', 'Result': 'Fail'}
{'Address': 'arcbatjfohvf2ahk', 'Result': 'Fail'}
{'Address': 'fbyr455vwvkpzp5k', 'Result': 'Fail'}
{'Address': 'fxwyfqrcj67nxal3', 'Result': 'Fail'}
{'Address': 'cmarketsiuhtiix5', 'Result': 'Fail'}
{'Address': 'cmarketsiuhtiix5', 'Result': 'Fail'}
{'Address': 'mystorea4mbkgt76', 'Result': 'Fail'}
{'Address': 'market7ow7cuw2hz', 'Result': 'Fail'}
{'Address': 'chbetteratd6wskq', 'Result': 'Fail'}
{'Address': 'rsprjqyxhf25l3qd', 'Result': 'Fail'}
{'Address': 'safebtck4qejiero', 'Result': 'Fail'}
{'Address': 'artifaxdeep.torpress2sarn7xw', 'Result': 'Fail'}
{'Address': 'radiocbsi2q27tob', 'Result': 'Fail'}
{'Address': 'hlsf2cw74ydheg6f', 'Result': 'Fail'}
{'Address': 'bettorzztykidrx2', 'Result': 'Fail'}
{'Address': 'betcoinahk4j27yb', 'Result': 'Fail'}
{'Address': '5p6dpc344vsbigv7', 'Result': 'Fail'}
{'Address': 'rswwpapessp3xxpw', 'Result': 'Fail'}
{'Address': 'sntfgwfami5fdbn5', 'Result': 'Fail'}
{'Address': 'fixedlwgc3burzts', 'Result': 'Fail'}
{'Address': 'wvxwdchqvprqfkl4', 'Result': 'Fail'}
{'Address': '3r7ailix2glqhrwb', 'Result': 'Fail'}
{'Address': 'sblib3fk2gryb46d', 'Result': 'Fail'}
{'Address': 'dsenxis5txr4zbxe', 'Result': 'Fail'}
{'Address': 'expressobutiolem', 'Result': 'Fail'}
{'Address': '7kuslhhtlooylgu4', 'Result': 'Fail'}
{'Address': 'hackerrljqhmq6jb', 'Result': 'Fail'}
{'Address': 'vb75uj2ap3hyyava', 'Result': 'Fail'}
{'Address': 'drugszun7tvsgsaa', 'Result': 'Fail'}
{'Address': 'edfbn5gfuaj2bc2w', 'Result': 'Fail'}
{'Address': '6f6ejaiiixypfqaf', 'Result': 'Fail'}
{'Address': 'oiiuv2gwl2jhvg3j', 'Result': 'Fail'}
{'Address': 'doxtorg7natnwyz5', 'Result': 'Fail'}
{'Address': 'amazonfkuuy6g3ou', 'Result': 'Fail'}
{'Address': '35flmpspwpnarbos', 'Result': 'Fail'}
{'Address': 'etrrdbuorwng2hkw', 'Result': 'Fail'}
{'Address': '2wkwv7m4hetvqo3d', 'Result': 'Fail'}
{'Address': 'mobileay2syyw6qf', 'Result': 'Fail'}
{'Address': 'electrotev3tgo2p', 'Result': 'Fail'}
{'Address': 'amazonfkuuy6g3ou', 'Result': 'Fail'}
{'Address': 'bitstorenctdwhmo', 'Result': 'Fail'}
{'Address': 'xym5qdjlqrpq2rj7', 'Result': 'Fail'}
{'Address': '3dbr5t4pygahedms', 'Result': 'Fail'}
{'Address': '7haz75ietrhjds3j', 'Result': 'Fail'}
{'Address': 'nare7pqnmnojs2pg', 'Result': 'Fail'}
{'Address': 'slwc4j5wkn3yyo5j', 'Result': 'Fail'}
{'Address': 'nql7pv7k32nnqor2', 'Result': 'Fail'}
{'Address': 'upv3wvf6sikfiluy', 'Result': 'Fail'}
{'Address': 'hcutffpecnc44vef', 'Result': 'Fail'}
{'Address': 'he22pncoselnm54h', 'Result': 'Fail'}
{'Address': 'loobucks2fmgyivu', 'Result': 'Fail'}
{'Address': 'ppccpzam4nurujzv', 'Result': 'Fail'}
{'Address': 'ppccpzamw4qb3yji', 'Result': 'Fail'}
{'Address': 'acardsavkhwfreuq', 'Result': 'Fail'}
{'Address': 'ccqvend6aq5wig35', 'Result': 'Fail'}
{'Address': 'accsaphx55wcxaxd', 'Result': 'Fail'}
{'Address': 'clonexp3j3qdjdvp', 'Result': 'Fail'}
{'Address': 'alimic5a3ecaeywv', 'Result': 'Fail'}
{'Address': 'allbtcsromt76qmg', 'Result': 'Fail'}
{'Address': 'alphac5biyz7adb4', 'Result': 'Fail'}
{'Address': 'alphaca4pxfzfyvm', 'Result': 'Fail'}
{'Address': 'alphaca4si7xnksc', 'Result': 'Fail'}
{'Address': '252tmoknarvaevjj', 'Result': 'Fail'}
{'Address': 'ai6snpi55zufypi2', 'Result': 'Fail'}
{'Address': 'buygc467q5ez2fg7', 'Result': 'Fail'}
{'Address': 'nh5hqktdhe2gogsb', 'Result': 'Fail'}
{'Address': 'amazonhh6bvisfdl', 'Result': 'Fail'}
{'Address': 'iphonegwasqieryi', 'Result': 'Fail'}
{'Address': 'applexgrqv3ihh6f', 'Result': 'Fail'}
{'Address': 'h4y5xramfiooe3mz', 'Result': 'Fail'}
{'Address': 'rjb2zyzskm7he5pd', 'Result': 'Fail'}
{'Address': 'applekpoykqqdjo5', 'Result': 'Fail'}
{'Address': 'applestor7qfi636', 'Result': 'Fail'}
{'Address': 'applesf6emggp2pz', 'Result': 'Fail'}
{'Address': 'g5b5erkjomqen6nm', 'Result': 'Fail'}
{'Address': 'bankors4spr7ohze', 'Result': 'Fail'}
{'Address': 'bankrollc2qbvqn3', 'Result': 'Fail'}
{'Address': '3gs7lq52ccbqvdu3kf7m7ilbasjqhsegmb2rnvu4zjfx7lf27oz7ytyd', 'Result': 'Fail'}
{'Address': '4jcfkzkwbl6t3qq4', 'Result': 'Fail'}
{'Address': 'aannwx6fzpwniruq', 'Result': 'Fail'}
{'Address': 'zsyvom262oiaoc6es7bgg66xieyil6nqkh7jn5ntraghpqgudbcl3vad', 'Result': 'Fail'}
{'Address': 'bestcc5xpfjihry2nlc25pj5ujxzrezrjh4egzugvs3u2eopjk5u5zid', 'Result': 'Fail'}
{'Address': 'jeuzg7g3xkslpf6k', 'Result': 'Fail'}
{'Address': 'bitccmch47v3xypb', 'Result': 'Fail'}
{'Address': 'oz2l3ihpg6j5vxkb', 'Result': 'Fail'}
{'Address': '6q5mipksw3qe5cqxxfmjg2gorzwlctbbmdjiub2iwxiu6zxse5bwvaid', 'Result': 'Fail'}
{'Address': 'bescrowwc3nlocsb', 'Result': 'Fail'}
{'Address': 'escrow26gdxwbzjb', 'Result': 'Fail'}
{'Address': 'escrow43eaperqie', 'Result': 'Fail'}
{'Address': 'sblqlbzrejulqzsi', 'Result': 'Fail'}
{'Address': 'sblqp5utjj3bu2ec', 'Result': 'Fail'}
{'Address': 'btcmultiimolu2fo', 'Result': 'Fail'}
{'Address': 'o5vuy75oxvwedczyqoappdlqxsuor7avb4gudhkhcvozkf3pv3o4rgqd', 'Result': 'Fail'}
{'Address': '27xxs7k2fk3vog37vhd5lqdbhzcpyvjwcorlwphngxbtoexmxkxz46yd', 'Result': 'Fail'}
{'Address': 'bitpklnnrhhk2sso', 'Result': 'Fail'}
{'Address': 'hpumcyqddysk54ejprdadm5hczqaeavqt6ygfnikcuwqa7u75z5vmtid', 'Result': 'Fail'}
{'Address': 'blackccyuvti57v7', 'Result': 'Fail'}
{'Address': 'zrsmecqukb7z4ow6', 'Result': 'Fail'}
{'Address': 'ub2fkkeeyl3jgwwz', 'Result': 'Fail'}
{'Address': 'btcsafefwiacwafb', 'Result': 'Fail'}
{'Address': 'btcaiysn5azhuwi7', 'Result': 'Fail'}
{'Address': 'mattzm5pzbaesxlj', 'Result': 'Fail'}
{'Address': 'bucepafkui6lyblt', 'Result': 'Fail'}
{'Address': 'ejcfqvftvxlyhrsloz4k2qqku2di2kvshl645o7jdoyv3co6fn6cxiyd', 'Result': 'Fail'}
{'Address': '6bw7sxdi7gtdpnng', 'Result': 'Fail'}
{'Address': 'bnrub6cwicyu7snv', 'Result': 'Fail'}
{'Address': 'bnrusds5aw6b3iul', 'Result': 'Fail'}
{'Address': 'p4o6v54dvdc6v5wo', 'Result': 'Fail'}
{'Address': 'x2c6xvao4mafnioyh26mq7j5thb7jirw2pfteobt56jidndkuqxjkuyd', 'Result': 'Fail'}
{'Address': 'mvmalrzuhmlznwookw7fg5he7ep6nhhcjof3o5vu7rtu4kzcq53lqwyd', 'Result': 'Fail'}
{'Address': 'cannazonceujdye3', 'Result': 'Fail'}
{'Address': 'cannazondp5fciis', 'Result': 'Fail'}
{'Address': 'cannazon4gbjluus', 'Result': 'Fail'}
{'Address': 'lg7iwjj3ajzz2cmd', 'Result': 'Fail'}
{'Address': '4gj66ltkilkyutyw', 'Result': 'Fail'}
{'Address': '2xdaeenpafva4adrhojz3ibj7uzpmfvzvv4drdkjxwwcqj3jt4dbfeid', 'Result': 'Fail'}
{'Address': '6h6map4z5j2e7xxbokjzcav6susjpcmc32v72k2bki2wzwhqjxd5l2qd', 'Result': 'Fail'}
{'Address': 'cardsa2u7pvmdamw', 'Result': 'Fail'}
{'Address': 'cashcc2z43vh5xtj', 'Result': 'Fail'}
{'Address': 'cashyjun2yp4tiub', 'Result': 'Fail'}
{'Address': 'qeybpwjb7qn2ws2dein5zvsqgxral3shzsobgypzom4oihqfdlvl4uid', 'Result': 'Fail'}
{'Address': 'wth474sv6ct4glwiowjipvr6ydeg6tbxlenxqibe5vno7ivmeqlumnid', 'Result': 'Fail'}
{'Address': 'cashcowbaahb6ai4', 'Result': 'Fail'}
{'Address': 'ihh6byubzfjqzrdo', 'Result': 'Fail'}
{'Address': 'hcutfffg72zg5vqd', 'Result': 'Fail'}
{'Address': 'hcutffpxiq6zdpqm', 'Result': 'Fail'}
{'Address': 'cashbuckdz67mro2', 'Result': 'Fail'}
{'Address': 'cash365ndbtwp7zn', 'Result': 'Fail'}
{'Address': 'cashoutt3qd4t5bo', 'Result': 'Fail'}
{'Address': 'ccmen5ivf6em3m3s', 'Result': 'Fail'}
{'Address': 'gala5cdiuqxm5rws', 'Result': 'Fail'}
{'Address': 'galaxyaonv32reim', 'Result': 'Fail'}
{'Address': 'arq37mrqvn6hj553', 'Result': 'Fail'}
{'Address': 'ccshopi6db65t6kj', 'Result': 'Fail'}
{'Address': 'cvendorzr7w3gdtq', 'Result': 'Fail'}
{'Address': '3ksk72lnqnuogf32ptstwqv3djndtdizdoventuhukfnxovb6y6ohvyd', 'Result': 'Fail'}
{'Address': 'ccpaxft3yl3k2oqy', 'Result': 'Fail'}
{'Address': 'ccaz3dzqrouqshop', 'Result': 'Fail'}
{'Address': 'v4t3rb4gpei5vixb', 'Result': 'Fail'}
{'Address': 'clonedusbmna6mmw', 'Result': 'Fail'}
{'Address': 'c2qzddqjccyy4qem', 'Result': 'Fail'}
{'Address': 'cccenterse4ofwp6', 'Result': 'Fail'}
{'Address': '3ld7ttejt76spqxv', 'Result': 'Fail'}
{'Address': 'trnf7mcbf6ko6h6w', 'Result': 'Fail'}
{'Address': 'z6ttukngw2hlok2u', 'Result': 'Fail'}
{'Address': 'escrowytu7s7rlqn', 'Result': 'Fail'}
{'Address': 'darkccyg2o57udrk', 'Result': 'Fail'}
{'Address': 'rq7yhshqhwnxneh6cwzoz4yi52okdtmfmmwr7pfkt6nzkysurdyzj3ad', 'Result': 'Fail'}
{'Address': 'dwlonion3o3pjqsl', 'Result': 'Fail'}
{'Address': 'darkzonebry27nxa', 'Result': 'Fail'}
{'Address': 'ib62tqf55t7f34ay7fhspcgk2a43pjkwquegwkhcewivratwg2oy3mad', 'Result': 'Fail'}
{'Address': 'd5ubjv46kownm4jl', 'Result': 'Fail'}
{'Address': 'darknet3ysxpbjtvbtyqorzuq3bp4pk3vt4fuhqxz6h2bzj2kyjbisqd', 'Result': 'Fail'}
{'Address': 'darknet4rbfizlg53dwc5lt5hj4mewcgltubcpvrfpvjavm64inaf3ad', 'Result': 'Fail'}
{'Address': 'deepmartmfvbijza', 'Result': 'Fail'}
{'Address': 'dragonccmlb5cd7w', 'Result': 'Fail'}
{'Address': 'dumpscciolcwmacb', 'Result': 'Fail'}
{'Address': 'o6maqsjp23l2i45w', 'Result': 'Fail'}
{'Address': 'etronix47auvlmt7', 'Result': 'Fail'}
{'Address': 'qdoqihbtet5jt5qx', 'Result': 'Fail'}
{'Address': 'easycarv4hxwe4ex', 'Result': 'Fail'}
{'Address': 'hlpg5p2rc3uou7wr', 'Result': 'Fail'}
{'Address': 'j7cd2za5dxcw4uan', 'Result': 'Fail'}
{'Address': 'xf3mt5ev4brqmfrh', 'Result': 'Fail'}
{'Address': 'easyppslbft37xq7', 'Result': 'Fail'}
{'Address': 'ecashpkvsc2qroz6', 'Result': 'Fail'}
{'Address': 'oybigtz43h5mhflm', 'Result': 'Fail'}
{'Address': 'whg2stauorc4wddb', 'Result': 'Fail'}
{'Address': 'electronz2gpfyz5', 'Result': 'Fail'}
{'Address': 'fastmsz4ldn4atcv', 'Result': 'Fail'}
{'Address': 'phm5aaqlcglidb4a', 'Result': 'Fail'}
{'Address': '2ljfiwqcup2kc3u3', 'Result': 'Fail'}
{'Address': '7hwy246m7zcujilc', 'Result': 'Fail'}
{'Address': 'fastragkmpqsqbu7', 'Result': 'Fail'}
{'Address': 'a534p6bdxbf2niq7', 'Result': 'Fail'}
{'Address': 'sbxxtg7qehc6wvhl', 'Result': 'Fail'}
{'Address': 'qr5rw75na7gipe62', 'Result': 'Fail'}
{'Address': 'golddig65dfkenb4', 'Result': 'Fail'}
{'Address': '2dnwnh5djmua3ji6ocfuetkgycuxrn77tc2lkvmjxuffn7vkxo7y4hid', 'Result': 'Fail'}
{'Address': 'abouc2ostnluxlrolrrwd2lhpglg2rzo5pdk52s7zmdo2hotxl46glyd', 'Result': 'Fail'}
{'Address': 'hacker5quf443wtg4n7hi6m3l4xpcyasknjvhhrb6pcbgakhu7bblhad', 'Result': 'Fail'}
{'Address': 'heineknunuziaaym', 'Result': 'Fail'}
{'Address': 'o3fkhst6gymb6duo', 'Result': 'Fail'}
{'Address': 'hidden24qtvlgaxp', 'Result': 'Fail'}
{'Address': 'idg2owpb7t3erlhz', 'Result': 'Fail'}
{'Address': 'horizontjsecs65q', 'Result': 'Fail'}
{'Address': 'zxjac423nl7gzabqpwtikyn4cgy7veflii6kmthqahofyzv5r7gswzqd', 'Result': 'Fail'}
{'Address': 'imperi2m2v2ebxey', 'Result': 'Fail'}
{'Address': 'imperialwqk43cjr', 'Result': 'Fail'}
{'Address': 'imperiaydyec4b3v', 'Result': 'Fail'}
{'Address': 'ksoteuqdvuzfwqbx', 'Result': 'Fail'}
{'Address': 'ksotfkmquheukcgp', 'Result': 'Fail'}
{'Address': 'srwmltrmx5uy3j74adakpixaptlr2lie42cshrlglsyy2mml24hcs4id', 'Result': 'Fail'}
{'Address': 'vszdlycz34k7pqoqqt5iuzsv3swf6dlwss6c3hoefoe3ds7ejidaweqd', 'Result': 'Fail'}
{'Address': 'pj3aoi7dzivfjbpe', 'Result': 'Fail'}
{'Address': 'y55zbhan7hft2dqn', 'Result': 'Fail'}
{'Address': '6tbgusvuzwovvacr3ygn66flaekw5dyigi7fnelxdgdtwxib73gwjkqd', 'Result': 'Fail'}
{'Address': 'wlriogia33mzs2kl', 'Result': 'Fail'}
{'Address': 'instapayickpt3tu', 'Result': 'Fail'}
{'Address': 'uddlxqhteqsujguz', 'Result': 'Fail'}
{'Address': 'uddlxqmuijitkobv', 'Result': 'Fail'}
{'Address': 'platypusxchhwv6z', 'Result': 'Fail'}
{'Address': 'lmoney4rw45hrqfm', 'Result': 'Fail'}
{'Address': 'lordpg3nluytdenw', 'Result': 'Fail'}
{'Address': 'lordpay3t52brqwf', 'Result': 'Fail'}
{'Address': 'yzarbkzcvuigf53l', 'Result': 'Fail'}
{'Address': 'yzarbkzcyzysxvdo', 'Result': 'Fail'}
{'Address': 'fp5xenfx2tl4tw2h', 'Result': 'Fail'}
{'Address': 'fp5xenfxy7o5a2vq', 'Result': 'Fail'}
{'Address': '54ce5x7l4m3t2spm', 'Result': 'Fail'}
{'Address': 'midnightkt43f3fk', 'Result': 'Fail'}
{'Address': 'tj2d2hizwtbialiv', 'Result': 'Fail'}
{'Address': 'tj2djlcpaj5yl6lo', 'Result': 'Fail'}
{'Address': 'moneyhundy5im6qi', 'Result': 'Fail'}
{'Address': 'u7grdclw44l44vyj', 'Result': 'Fail'}
{'Address': 'mescrowsi3yjswh2', 'Result': 'Fail'}
{'Address': 'mescrowvbbfqihed', 'Result': 'Fail'}
{'Address': 'mescynls2xqjqeoc', 'Result': 'Fail'}
{'Address': 'netauth3qialu2ha', 'Result': 'Fail'}
{'Address': 'netauth3iph4qwjd', 'Result': 'Fail'}
{'Address': 'zvvtba2a37mcydnntjkzy26lrv3y5elfyotr4glujkaaanyz5a4uerqd', 'Result': 'Fail'}
{'Address': '3bd7kkf7xm2fcthbm6ynqwg6i5crl46o4hfmllbgtkpwhlzkbdsju6id', 'Result': 'Fail'}
{'Address': 'lrcnreaelox6ccu6qnr77jlz5vbsba2davmtncb6plpklkpgrlhx2sad', 'Result': 'Fail'}
{'Address': 'qovaihss3wzf4zo2ns7tckvrm7cfkl5rfgbjmk6vim2a7eufvrlbqwyd', 'Result': 'Fail'}
{'Address': 'vfh3tsbizlsirnxg73ebrf2fuuud62oben7rijm7kzhfg43de6ecoiyd', 'Result': 'Fail'}
{'Address': 'okcardoofkl7l7ns', 'Result': 'Fail'}
{'Address': '4r4zaei5qa7qq5ha', 'Result': 'Fail'}
{'Address': 'pzog5c75czwr7pehzgzcfq26geymqqwqmlh5wqhcawf42h4ac2qjrpid', 'Result': 'Fail'}
{'Address': 'paypaltfkmgp5v4c', 'Result': 'Fail'}
{'Address': '22ppp3cboaonwjwl', 'Result': 'Fail'}
{'Address': 'uq2uolhmkpbfl4yc', 'Result': 'Fail'}
{'Address': 'plasticzxmw4gepd', 'Result': 'Fail'}
{'Address': 'nu5grt6sxtkep757', 'Result': 'Fail'}
{'Address': 'emufy7tn3dhg45wp', 'Result': 'Fail'}
{'Address': 'hbl6udan73w7qbjdey6chsu5gq5ehrfqbb73jq726kj3khnev2yarlid', 'Result': 'Fail'}
{'Address': 'premiumd7ww5c43q', 'Result': 'Fail'}
{'Address': 'premiumruzgaamwt', 'Result': 'Fail'}
{'Address': 'debitcards.torpress2sarn7xw', 'Result': 'Fail'}
{'Address': 'iqpoaloqyiocskovifuviutyazytde4a7j65b5nn6dawtebvke2nkyid', 'Result': 'Fail'}
{'Address': '2krvzozptjnzhioa', 'Result': 'Fail'}
{'Address': 'mc5qpimdpfp7pnwc', 'Result': 'Fail'}
{'Address': 'queencdcguevwedi', 'Result': 'Fail'}
{'Address': 'raptortiabg7uyez', 'Result': 'Fail'}
{'Address': 'rsescrow5zcepqjh', 'Result': 'Fail'}
{'Address': 'rsescrowtybxf43d', 'Result': 'Fail'}
{'Address': 'mzeh627q7bmzsoxozampnsstkfnby2zvm3y73qcsy43n3eaveehqjoyd', 'Result': 'Fail'}
{'Address': 'yip2pklv6nivtzrq', 'Result': 'Fail'}
{'Address': 'escrow5go6vopjjg', 'Result': 'Fail'}
{'Address': '52jiu6jc6isptocs', 'Result': 'Fail'}
{'Address': 'bitpw7stentgch5y', 'Result': 'Fail'}
{'Address': 'safepayt2nt56gy4', 'Result': 'Fail'}
{'Address': '2uyiwmcn4wudbzcj', 'Result': 'Fail'}
{'Address': 'apmqltpmgmpqwqwt', 'Result': 'Fail'}
{'Address': 'mjturxqbtbncbv6i', 'Result': 'Fail'}
{'Address': 'h7hsn3g7ebub3opewsxtcjfsstyy3s4kvtphxwmv5lvwq5lrtazit2yd', 'Result': 'Fail'}
{'Address': 'shieldvmdnxr4w4z', 'Result': 'Fail'}
{'Address': 'ab2moc6ot2wkvua7', 'Result': 'Fail'}
{'Address': 'cardshopffielsxi', 'Result': 'Fail'}
{'Address': 'fmp2arn5ftrxzoba', 'Result': 'Fail'}
{'Address': 'jwvyciheor2abnjn', 'Result': 'Fail'}
{'Address': 'nkq6572rde7s73pemuo6fxz3elcu5xczfin3qy3eo36apakrqbevzdid', 'Result': 'Fail'}
{'Address': 'qnqvvud2rkwo6zyk', 'Result': 'Fail'}
{'Address': 'shopcardphj4zjsx', 'Result': 'Fail'}
{'Address': 'wizbyu3pkptftdfzrid7oxojfw7efz6kss7cu433yr7qcefmolk2xuid', 'Result': 'Fail'}
{'Address': 'silkroadkaxmspva', 'Result': 'Fail'}
{'Address': 'silkroadxjzvoyxh', 'Result': 'Fail'}
{'Address': '3xyzrjb72jzmshoq', 'Result': 'Fail'}
{'Address': '7tllqrhac6nugool', 'Result': 'Fail'}
{'Address': 'snovzruogrfrh252', 'Result': 'Fail'}
{'Address': 'stacaqpfbfiz54sq', 'Result': 'Fail'}
{'Address': 'stacaqsyrzfg4jos', 'Result': 'Fail'}
{'Address': 'stacithgj4xrdolk', 'Result': 'Fail'}
{'Address': 'stacixwftmr27igr', 'Result': 'Fail'}
{'Address': 'stacnb5bmdtzysww', 'Result': 'Fail'}
{'Address': 'staco3a37yho7sox', 'Result': 'Fail'}
{'Address': 'stacps5rb3dwzmju', 'Result': 'Fail'}
{'Address': 'stacvvulbayktqlf', 'Result': 'Fail'}
{'Address': 'stacwitkktemyvgs', 'Result': 'Fail'}
{'Address': 'darkoddrkj3gqz7ke7nyjfkh7o72hlvr44uz5zl2xrapna4tribuorqd', 'Result': 'Fail'}
{'Address': '6thhimkhby4az3vz', 'Result': 'Fail'}
{'Address': 'tenebra5nlfxplf5', 'Result': 'Fail'}
{'Address': 'thebank33vuixg66', 'Result': 'Fail'}
{'Address': 'blkmobbzqjhpn232', 'Result': 'Fail'}
{'Address': 'brohoodahjzxriv7', 'Result': 'Fail'}
{'Address': '6lczfj6jasxcoztq', 'Result': 'Fail'}
{'Address': 'ndntmfusjmj6tkpl', 'Result': 'Fail'}
{'Address': '2oywvwmtzdelmiei', 'Result': 'Fail'}
{'Address': 'kznam6basvxxdcpf', 'Result': 'Fail'}
{'Address': 'p6afzcaghpulzr5r', 'Result': 'Fail'}
{'Address': 'talismanrestz7mr', 'Result': 'Fail'}
{'Address': 'middle2d7bkn7mdy', 'Result': 'Fail'}
{'Address': 'ppcentrend4erspk', 'Result': 'Fail'}
{'Address': 'xki4jbhk64b2efkn', 'Result': 'Fail'}
{'Address': 'aurora7t7en7racqbytspft6myxds25hnczjk56tvqev2bziir74t4yd', 'Result': 'Fail'}
{'Address': 'sf6pmq4fur5c22hu', 'Result': 'Fail'}
{'Address': 'vgnuhmuj6aex2ycc', 'Result': 'Fail'}
{'Address': 'torccwpcp6nzhlfs', 'Result': 'Fail'}
{'Address': 'torlinkswwqg3lwt', 'Result': 'Fail'}
{'Address': 'rap7gypjs4v6a7ax', 'Result': 'Fail'}
{'Address': 'stopscamzn7nqag6', 'Result': 'Fail'}
{'Address': 'w7syjbv4tqzudakassr6yzuxsmtdovihlwedwzvz4x7a7tzpjgtoqjqd', 'Result': 'Fail'}
{'Address': 'aqdkw4qjwponmlt3', 'Result': 'Fail'}
{'Address': 'ioqkxhnm3uivbtth', 'Result': 'Fail'}
{'Address': 'toringei5vt4sfk7', 'Result': 'Fail'}
{'Address': 'markethh52nfbvxy', 'Result': 'Fail'}
{'Address': 'xfbkibtiuskifrkv', 'Result': 'Fail'}
{'Address': 'uujpz6aszhnrxyix', 'Result': 'Fail'}
{'Address': 'wp6pqfeoyq3znslr', 'Result': 'Fail'}
{'Address': 'pcxpayc44a57kfo7', 'Result': 'Fail'}
{'Address': 'sgjfdl42o6565wli', 'Result': 'Fail'}
{'Address': 'gunshopzpqbe4kgl', 'Result': 'Fail'}
{'Address': '2hftxvyft7dl3fk2', 'Result': 'Fail'}
{'Address': 'ugtech3haoipeh3s', 'Result': 'Fail'}
{'Address': 'world6zlyzbs6yol36h6wjdzxddsnos3b4rakizkm3q75dwkiujyauid', 'Result': 'Fail'}
{'Address': 'worldgyonnnlgg332jwgjxvj2dojerz2hh65ce44h56howcfmpehupad', 'Result': 'Fail'}
{'Address': 'mgybzfrldjn5drzv537skh7kgwgbq45dwha67r4elda4vl7m6qul5xqd', 'Result': 'Fail'}
{'Address': 'ugtech6yot3p5n3u', 'Result': 'Fail'}
{'Address': 'ugtechlr4a6x5eab', 'Result': 'Fail'}
{'Address': '2tq6nz2a3ijn4yhh', 'Result': 'Fail'}
{'Address': 'gdaqpaukrkqwjop6', 'Result': 'Fail'}
{'Address': 'jxotugbval26qqlv', 'Result': 'Fail'}
{'Address': 'z57whuq7jaqgmh6d', 'Result': 'Fail'}
{'Address': '2vxi4nmjcn6mdb2x', 'Result': 'Fail'}
{'Address': 'vend2qz3bva3jhol', 'Result': 'Fail'}
{'Address': '2pneiouz2aj27kjs', 'Result': 'Fail'}
{'Address': 'buyccvhbq25t5l3y', 'Result': 'Fail'}
{'Address': 'weedway2vlaj37gy', 'Result': 'Fail'}
{'Address': 'v4t3ogtrdoe6ozkn', 'Result': 'Fail'}
{'Address': '7yipwxdv5cfdjfpjztiz7sv2jlzzjuepmxy4mtlvuaojejwhg3zhliqd', 'Result': 'Fail'}
{'Address': 'auzbdiguv5qtp37xoma3n4xfch62duxtdiu4cfrrwbxgckipd4aktxid', 'Result': 'Fail'}
{'Address': 'rkaq3ccrkrpdmqnb652svp7hgdiczmcaza2pcdlxhqh5wnqrc6nw5bid', 'Result': 'Fail'}
{'Address': 'zefmozbmelwjc4elhoim2q3t3y4z3yoodczvqagtquvwzhx763f4jtyd', 'Result': 'Fail'}
{'Address': 'xhackergnluw32xz', 'Result': 'Fail'}
{'Address': 'zenithccalwhzy26', 'Result': 'Fail'}
{'Address': 'psoqbrtodbnwilazrhgxjveuiaepbv5a3mpzvcnyitwvyqaea3xpxbqd', 'Result': 'Fail'}
{'Address': 'eurogdhw5fxe2xjb', 'Result': 'Fail'}
{'Address': 'dwforumsmrcqdnt3', 'Result': 'Fail'}
{'Address': 'jguhoxvxp3x6ndre', 'Result': 'Fail'}
{'Address': '2y3kpqcdwhwemfoc', 'Result': 'Fail'}
{'Address': 'deepthovyvroxkdx', 'Result': 'Fail'}
{'Address': 'deepmehruhlkmelzffkpcxathectjtnanzkgk7xw7ibuj6qieubpecqd', 'Result': 'Fail'}
End up after 0.16173958778381348
Traceback (most recent call last):
  File "/home/ahyoung/Desktop/tor-folder/final/address_refresh.py", line 74, in <module>
    main()
  File "/home/ahyoung/Desktop/tor-folder/final/address_refresh.py", line 49, in main
    get_category(FLAGS.input, path_dir)
  File "/home/ahyoung/Desktop/tor-folder/final/category_maker.py", line 49, in get_category
    d = dictionary('category_words.txt')
  File "/home/ahyoung/Desktop/tor-folder/final/category_maker.py", line 11, in dictionary
    with open(dpath, 'rb') as f:
FileNotFoundError: [Errno 2] No such file or directory: 'category_words.txt'
May 26 16:52:01.538 [notice] Tor 0.4.5.7 (git-83f895c015de5520) running on Linux with Libevent 2.1.11-stable, OpenSSL 1.1.1f, Zlib 1.2.11, Liblzma N/A, Libzstd N/A and Glibc 2.31 as libc.
May 26 16:52:01.538 [notice] Tor can't help you if you use it wrong! Learn how to be safe at https://www.torproject.org/download/download#warning
May 26 16:52:01.538 [notice] Configuration file "/var/tmp/dist/tor/etc/tor/torrc" not present, using reasonable defaults.
May 26 16:52:01.539 [notice] Opening Socks listener on 127.0.0.1:9050
May 26 16:52:01.539 [warn] Could not bind to 127.0.0.1:9050: Address already in use. Is Tor already running?
May 26 16:52:01.539 [warn] Failed to parse/validate config: Failed to bind one of the listener ports.
May 26 16:52:01.539 [err] Reading config failed--see warnings above.
Traceback (most recent call last):
  File "/home/ahyoung/Desktop/tor-folder/final/address_refresh.py", line 6, in <module>
    from date_update import address_list, refresh_availability
  File "/home/ahyoung/Desktop/tor-folder/final/date_update.py", line 33
    if 
      ^
SyntaxError: invalid syntax
May 26 16:53:01.658 [notice] Tor 0.4.5.7 (git-83f895c015de5520) running on Linux with Libevent 2.1.11-stable, OpenSSL 1.1.1f, Zlib 1.2.11, Liblzma N/A, Libzstd N/A and Glibc 2.31 as libc.
May 26 16:53:01.658 [notice] Tor can't help you if you use it wrong! Learn how to be safe at https://www.torproject.org/download/download#warning
May 26 16:53:01.658 [notice] Configuration file "/var/tmp/dist/tor/etc/tor/torrc" not present, using reasonable defaults.
May 26 16:53:01.659 [notice] Opening Socks listener on 127.0.0.1:9050
May 26 16:53:01.659 [warn] Could not bind to 127.0.0.1:9050: Address already in use. Is Tor already running?
May 26 16:53:01.659 [warn] Failed to parse/validate config: Failed to bind one of the listener ports.
May 26 16:53:01.659 [err] Reading config failed--see warnings above.
Traceback (most recent call last):
  File "/home/ahyoung/Desktop/tor-folder/final/address_refresh.py", line 6, in <module>
    from date_update import address_list, refresh_availability
  File "/home/ahyoung/Desktop/tor-folder/final/date_update.py", line 33
    if 
      ^
SyntaxError: invalid syntax
May 27 07:00:01.811 [notice] Tor 0.4.5.7 (git-83f895c015de5520) running on Linux with Libevent 2.1.11-stable, OpenSSL 1.1.1f, Zlib 1.2.11, Liblzma N/A, Libzstd N/A and Glibc 2.31 as libc.
May 27 07:00:01.812 [notice] Tor can't help you if you use it wrong! Learn how to be safe at https://www.torproject.org/download/download#warning
May 27 07:00:01.812 [notice] Configuration file "/var/tmp/dist/tor/etc/tor/torrc" not present, using reasonable defaults.
May 27 07:00:01.813 [notice] Opening Socks listener on 127.0.0.1:9050
May 27 07:00:01.813 [warn] Could not bind to 127.0.0.1:9050: Address already in use. Is Tor already running?
May 27 07:00:01.813 [warn] Failed to parse/validate config: Failed to bind one of the listener ports.
May 27 07:00:01.813 [err] Reading config failed--see warnings above.
Traceback (most recent call last):
  File "/home/ahyoung/Desktop/tor-folder/final/address_refresh.py", line 76, in <module>
    main()
  File "/home/ahyoung/Desktop/tor-folder/final/address_refresh.py", line 52, in main
    get_category(FLAGS.input, path_dir)
  File "/home/ahyoung/Desktop/tor-folder/final/category_maker.py", line 49, in get_category
    d = dictionary('./category_words.txt')
  File "/home/ahyoung/Desktop/tor-folder/final/category_maker.py", line 11, in dictionary
    with open(dpath, 'rb') as f:
FileNotFoundError: [Errno 2] No such file or directory: './category_words.txt'
May 27 10:45:01.615 [notice] Tor 0.4.5.7 (git-83f895c015de5520) running on Linux with Libevent 2.1.11-stable, OpenSSL 1.1.1f, Zlib 1.2.11, Liblzma N/A, Libzstd N/A and Glibc 2.31 as libc.
May 27 10:45:01.616 [notice] Tor can't help you if you use it wrong! Learn how to be safe at https://www.torproject.org/download/download#warning
May 27 10:45:01.616 [notice] Configuration file "/var/tmp/dist/tor/etc/tor/torrc" not present, using reasonable defaults.
May 27 10:45:01.618 [notice] Opening Socks listener on 127.0.0.1:9050
May 27 10:45:01.618 [warn] Could not bind to 127.0.0.1:9050: Address already in use. Is Tor already running?
May 27 10:45:01.618 [warn] Failed to parse/validate config: Failed to bind one of the listener ports.
May 27 10:45:01.618 [err] Reading config failed--see warnings above.
Start html file making
{'Address': 'ka3ds43g3wfltjn4', 'Result': 'Success'}
{'Address': 'xb635ncim63dlahg', 'Result': 'Success'}
{'Address': '64fgu54a3tlsgptx', 'Result': 'Fail'}
{'Address': 'deepmar57fbonfiw', 'Result': 'Fail'}
{'Address': 'sn2vwdleom47kzqp', 'Result': 'Success'}
{'Address': 'pdf6uqyd4nxmghgw', 'Result': 'Success'}
{'Address': 'z2sjyt2biv2uo44w', 'Result': 'Fail'}
{'Address': 'lgt3ubtwx3kwfxba', 'Result': 'Fail'}
{'Address': 'p2dxfdbzpqosi3f5', 'Result': 'Fail'}
{'Address': 'df2as3ek5hwdsfjx', 'Result': 'Fail'}
{'Address': 'omertavzkmsn6tp6', 'Result': 'Success'}
{'Address': 'buyccoq36hlj6etg', 'Result': 'Fail'}
{'Address': 'ccguruetr5jwye5g', 'Result': 'Success'}
{'Address': 'p2wasopjcodzszfm', 'Result': 'Fail'}
{'Address': 'vendorcugc6oppvb', 'Result': 'Success'}
{'Address': 'cccenterjb27ubnm', 'Result': 'Success'}
{'Address': 'js4llg3xixasrcul', 'Result': 'Fail'}
{'Address': 'carddumpa36spoya', 'Result': 'Success'}
{'Address': 'roscard5xxpj4g3g', 'Result': 'Success'}
{'Address': 'acteam2nmbucjnht', 'Result': 'Success'}
{'Address': 'dreamrvfuqrpzn4q', 'Result': 'Fail'}
{'Address': 'prepaid3jdde64ro', 'Result': 'Fail'}
{'Address': 'sexdq7iwyb4u7ah4', 'Result': 'Fail'}
{'Address': 'bestshop3neaglxk', 'Result': 'Fail'}
{'Address': 'blackph5fuiz72bf', 'Result': 'Success'}
{'Address': 'xstftgk5c3hnf2s6', 'Result': 'Success'}
{'Address': 'rtwtyinmq4wzzl6d', 'Result': 'Fail'}
{'Address': 'amazongw6uqefsmo', 'Result': 'Success'}
{'Address': 'torcvvq44o7ofjuu', 'Result': 'Fail'}
{'Address': 'yaleshopznl7dyus', 'Result': 'Success'}
{'Address': 'easyvisa5i67p2hc', 'Result': 'Success'}
{'Address': 'creditlwkdnptwla', 'Result': 'Fail'}
{'Address': 'moneyplheq37vfyk', 'Result': 'Success'}
{'Address': 'bjjkaebas6uywama', 'Result': 'Fail'}
{'Address': 'unoppqar7cy3zvux', 'Result': 'Success'}
{'Address': 'cvvmezl6gtffprgt', 'Result': 'Fail'}
{'Address': 'yohoho7do5u6d35g', 'Result': 'Fail'}
{'Address': 'cashoutxdrebmlj2', 'Result': 'Success'}
{'Address': 'kplatypxb2aecznv', 'Result': 'Fail'}
{'Address': 'u76xgym22s4adf55', 'Result': 'Fail'}
{'Address': 'ccpalym5nu3elh5y', 'Result': 'Fail'}
{'Address': 'ppextalynbst3xqm', 'Result': 'Success'}
{'Address': 'e7sin3urmxxcnu6a', 'Result': 'Fail'}
{'Address': 'buybtcstbl2d3igz', 'Result': 'Success'}
{'Address': 'fbyr455vwvkpzp5k', 'Result': 'Success'}
{'Address': 'vaultu7dxw5bbg37', 'Result': 'Fail'}
{'Address': 'vd6q2roxxjrly7nj', 'Result': 'Fail'}
{'Address': 'accountlwghunkeg', 'Result': 'Success'}
{'Address': 'paypalacfi5pv4t2', 'Result': 'Success'}
{'Address': 'easycoinsayj7p5l', 'Result': 'Success'}
{'Address': 'jzn5w5pac26sqef4', 'Result': 'Success'}
{'Address': 'ow24et3tetp6tvmk', 'Result': 'Success'}
{'Address': '3dbr5t4pygahedms', 'Result': 'Success'}
{'Address': 'h24wtibkbgc543ck', 'Result': 'Fail'}
{'Address': 'xilliayhoiuv5qmk', 'Result': 'Fail'}
{'Address': 'y3fpieiezy2sin4a', 'Result': 'Success'}
{'Address': 'qkj4drtgvpm7eecl', 'Result': 'Success'}
{'Address': 'cpwtkw5jbous5gq7', 'Result': 'Fail'}
{'Address': '65px7xq64qrib2fx', 'Result': 'Fail'}
{'Address': 'qputrq3ejx42btla', 'Result': 'Fail'}
{'Address': 'ccqvltabnwq57ivi', 'Result': 'Fail'}
{'Address': '5jd7g5y3o2wbzp5b', 'Result': 'Fail'}
{'Address': 'rt7afewsclpdgzxi', 'Result': 'Fail'}
{'Address': 'ghostbotc3iwjptr', 'Result': 'Fail'}
{'Address': 'hnxo2ddcvvswjnmf', 'Result': 'Fail'}
{'Address': 'u2vyof5j4lwaluak', 'Result': 'Fail'}
{'Address': 'vendor7zqdpty4oo', 'Result': 'Fail'}
{'Address': '4oqzkjmb5fcy57w6', 'Result': 'Fail'}
{'Address': 'worldtx2zjdrxwwdvthuilhadqyfcl3fqgyjddhtakq3j4fonppvy3id', 'Result': 'Success'}
{'Address': 'asap2u4pvplnkzl7ecle45wajojnftja45wvovl3jrvhangeyq67ziid', 'Result': 'Success'}
{'Address': 'yxuy5oau7nugw4kpb4lclrqdbixp3wvc4iuiad23ebyp2q3gx7rtrgqd', 'Result': 'Success'}
{'Address': 'coronhls55k7oo3mzzwf3xlketww6rgdpxtpoxv3yogtvjiboohytuqd', 'Result': 'Fail'}
{'Address': 'liberty6o7lubin4t2nzyebylmk4l4xfw6kk2o5xhg3fahqoatfiprqd', 'Result': 'Success'}
{'Address': 'hshlpewgid57veduk7k6d6rt2rmyl5d4juif3ncb5oqc6ko6qdkas4id', 'Result': 'Fail'}
{'Address': 'elite6c3wh756biv7v2fyhnoitizvl2gmoisq7xgmp2b2c5ryicottyd', 'Result': 'Fail'}
{'Address': 'grymktgwyxq3sikl', 'Result': 'Fail'}
{'Address': 'darkoddrkj3gqz7ke7nyjfkh7o72hlvr44uz5zl2xrapna4tribuorq', 'Result': 'Fail'}
{'Address': 'samsaraccrn2jmin', 'Result': 'Fail'}
{'Address': 'berlusconifsfwkp', 'Result': 'Fail'}
{'Address': 'wallstyizjhkrvmj', 'Result': 'Success'}
{'Address': 'azworldjqhsr4pd5', 'Result': 'Fail'}
{'Address': 'paxromanarx4qxjb', 'Result': 'Fail'}
{'Address': 'i5kjii2y2jumlye6etmouksvdhech357urmj4txctrneedl4vkfjbsqd', 'Result': 'Fail'}
{'Address': 'tjfr4vfwmq6df4hc', 'Result': 'Fail'}
{'Address': 'darkmarketsomqvzqfjudpd6t5eabgvvpplrbtzq6prervyogenlrlqd', 'Result': 'Success'}
{'Address': 'valhallaxmn3fydu', 'Result': 'Fail'}
{'Address': 'tochka3evlj3sxdv', 'Result': 'Fail'}
{'Address': 'hky3mzk3jtmd4zt4', 'Result': 'Fail'}
{'Address': 'weasylartw55noh2', 'Result': 'Fail'}
{'Address': 'un62d2ywi33bho53', 'Result': 'Fail'}
{'Address': 'vnjzhvm5gkctyldn', 'Result': 'Fail'}
{'Address': 'greenroxwc5po3ab', 'Result': 'Fail'}
{'Address': 'cards5yvy44gucvo', 'Result': 'Success'}
{'Address': 'hydraruzxpnew4af', 'Result': 'Success'}
{'Address': 'l3pwaatzhgswqur3', 'Result': 'Fail'}
{'Address': 'leomarketjdridoo', 'Result': 'Fail'}
{'Address': 'reloadxnkwi5nsbg', 'Result': 'Fail'}
{'Address': 'acropol4ti6ytzeh', 'Result': 'Fail'}
{'Address': 'udujmgcoqw6o4cp4', 'Result': 'Fail'}
{'Address': 'lnkfzecnslxo6jqc', 'Result': 'Fail'}
{'Address': 'cavetord6bosm3sl', 'Result': 'Success'}
{'Address': 'blackmarthw3vp7a', 'Result': 'Success'}
{'Address': 'o3cvx3oxareo7aop', 'Result': 'Fail'}
{'Address': 'midcity7ccxtrzhn', 'Result': 'Success'}
{'Address': 'ozon3kdtlr6gtzjn', 'Result': 'Success'}
{'Address': 'scryptmaildniwm6', 'Result': 'Success'}
{'Address': 'bitmailendavkbec', 'Result': 'Success'}
{'Address': 'it.louhlbgyupgktsw7', 'Result': 'Success'}
{'Address': 'nzh3fv6jc6jskki3', 'Result': 'Success'}
{'Address': 'clgs64523yi2bkhz', 'Result': 'Success'}
{'Address': 'doggyfipznipbaia', 'Result': 'Success'}
{'Address': 'campfireagz2uf22', 'Result': 'Fail'}
{'Address': 'r2j4xiyckibnyd45', 'Result': 'Fail'}
{'Address': '4fvfamdpoulu2nms', 'Result': 'Fail'}
{'Address': 'cwu7eglxcabwttzf', 'Result': 'Success'}
{'Address': 'eozm6j6i4mmme2p5', 'Result': 'Fail'}
{'Address': 'sinbox4irsyaauzo', 'Result': 'Fail'}
{'Address': 'zrwxcayqc4jgggnm', 'Result': 'Success'}
{'Address': 'iwab42vsaivtzkf5', 'Result': 'Fail'}
{'Address': 'grrmailb3fxpjbwm', 'Result': 'Fail'}
{'Address': 'csclonezdiriab5k', 'Result': 'Fail'}
{'Address': 'qj3m7wxqk4pfqwob', 'Result': 'Success'}
{'Address': 'infantilefb6ovh4', 'Result': 'Success'}
{'Address': 'danschatjr7qbwip', 'Result': 'Fail'}
{'Address': 'onionirczesfffux', 'Result': 'Fail'}
{'Address': 'etatl6umgbmtv27', 'Result': 'Fail'}
{'Address': 'cockmailwwfvrtqj', 'Result': 'Fail'}
{'Address': 'torbox3uiot6wchz', 'Result': 'Fail'}
{'Address': '344c6kbnjnljjzlz', 'Result': 'Fail'}
{'Address': 'mail2get4idcbfwe', 'Result': 'Fail'}
{'Address': 'dhbzkbw3ngxxt56q', 'Result': 'Fail'}
{'Address': 'vola7ileiax4ueow', 'Result': 'Success'}
{'Address': 'cadamailgxsy6ykq', 'Result': 'Fail'}
{'Address': 'oxicsiwet42jw4h4', 'Result': 'Fail'}
{'Address': 'mswmailgcjbye4sc', 'Result': 'Fail'}
{'Address': 'pmasonkivrbmjlkv', 'Result': 'Fail'}
{'Address': 'jitjatxmemcaaadp', 'Result': 'Success'}
{'Address': 'zw3crggtadila2sg', 'Result': 'Success'}
{'Address': 'rhe4faeuhjs4ldc5', 'Result': 'Success'}
{'Address': 'support26v5pvkg6', 'Result': 'Fail'}
{'Address': 'suprbayoubiexnmp', 'Result': 'Success'}
{'Address': 'w363zoq3ylux5rf5', 'Result': 'Fail'}
{'Address': 'oxwugzccvk3dk6tj', 'Result': 'Fail'}
{'Address': 'oniichanylo2tsi4', 'Result': 'Fail'}
{'Address': 'qzbkwswfv5k2oj5d', 'Result': 'Fail'}
{'Address': 'ocu3errhpxppmwpr', 'Result': 'Success'}
{'Address': 'answerstedhctbek', 'Result': 'Success'}
{'Address': 'cashkxxqpzbgggg7', 'Result': 'Success'}
{'Address': 'parazite.nn.fi/roguesci/', 'Result': 'Fail'}
{'Address': 'z2hjm7uhwisw5jm5', 'Result': 'Fail'}
{'Address': 'tumbachegvyaadyq', 'Result': 'Success'}
{'Address': 'gf2juatsqdph6x2h', 'Result': 'Fail'}
{'Address': 'qd73mvvc7v7zewwl', 'Result': 'Fail'}
{'Address': 'turkiyex6fkt46ra', 'Result': 'Fail'}
{'Address': 's6cco2jylmxqcdeh', 'Result': 'Fail'}
{'Address': 'pncldyerk4gqofhp', 'Result': 'Success'}
{'Address': 'rzb5nlpvy5oqnket', 'Result': 'Success'}
{'Address': 'thehub7xbw4dc5r2', 'Result': 'Success'}
{'Address': 'zyuzqglpmne5pkoi', 'Result': 'Fail'}
{'Address': 'dkzerogt6z6ybhcj', 'Result': 'Success'}
{'Address': 'realpissxny3hgyl', 'Result': 'Success'}
{'Address': 'zzq7gpluliw6iq7l', 'Result': 'Fail'}
{'Address': 'rutorzzmfflzllk5', 'Result': 'Success'}
{'Address': 'cnwv3ycmy4uc7vou', 'Result': 'Fail'}
{'Address': 'avengersdutyk3xf', 'Result': 'Fail'}
{'Address': 'start.jungswtfwgjwile2', 'Result': 'Fail'}
{'Address': 'rfwtogljhrrzxyrl', 'Result': 'Fail'}
{'Address': 'wayawaytcl3k66fl', 'Result': 'Fail'}
{'Address': 'joincgmc55oplang', 'Result': 'Fail'}
{'Address': 'vwlkx7ovcnvagl6q', 'Result': 'Fail'}
{'Address': 'pmwdzvbyvnmwobk5', 'Result': 'Fail'}
{'Address': 'brchanansdnhvvnm', 'Result': 'Fail'}
{'Address': 'kbyz2vu3fnv2di7l', 'Result': 'Fail'}
{'Address': 'fdwmarkvokb5i7wh', 'Result': 'Fail'}
{'Address': 'yulxt5toyxavkb7r', 'Result': 'Fail'}
{'Address': 'highkorea5ou4wcy', 'Result': 'Fail'}
{'Address': 'zx7ec2etdihlbfr4', 'Result': 'Fail'}
{'Address': 'bm6hsivrmdnxmw2f', 'Result': 'Fail'}
{'Address': 'tq2ghppfea4hz7nn', 'Result': 'Fail'}
{'Address': 'hchanu2or24rjm4dirxfo7uzbvd444uvg3uwdttdv4ikbabms6ddavyd', 'Result': 'Fail'}
{'Address': 'bodytomind5hql5r', 'Result': 'Fail'}
{'Address': 'arhivachovtj2jrp', 'Result': 'Success'}
{'Address': 'hxnibog5m2ocjeef', 'Result': 'Fail'}
{'Address': 'rzilaygoiqfvmmcl', 'Result': 'Success'}
{'Address': 'rrcc5uuudhh4oz3c', 'Result': 'Fail'}
{'Address': 'anonywebix6vi6gz', 'Result': 'Fail'}
{'Address': 'anonymzn3twqpxq5', 'Result': 'Fail'}
{'Address': 'cebollaw3p37wrsq', 'Result': 'Fail'}
{'Address': 'zzq7gplcs5avm6tz', 'Result': 'Fail'}
{'Address': 'leb3rkvqzw2qd4dg', 'Result': 'Fail'}
{'Address': 'vrimutd6so6a565x', 'Result': 'Fail'}
{'Address': 'drugbbadtrrr5v5b', 'Result': 'Fail'}
{'Address': 'hellamz4kpl26ltr', 'Result': 'Fail'}
{'Address': 'dchanqquavltpzco', 'Result': 'Fail'}
{'Address': 'ukmafiao6elqbltk', 'Result': 'Fail'}
{'Address': 'lk77akehj7cjj2qp', 'Result': 'Fail'}
{'Address': 'mllpfi3dsfp7wjms', 'Result': 'Success'}
{'Address': 'babyixntjlabwkpi', 'Result': 'Fail'}
{'Address': 'bchz4vggexx63qvy', 'Result': 'Success'}
{'Address': 'csrinru3c2ownkep', 'Result': 'Fail'}
{'Address': 'dnfcht2zyeejnzz5', 'Result': 'Fail'}
{'Address': '4irggmmtsjlgo2su', 'Result': 'Fail'}
{'Address': 'didwzweiypgcznon', 'Result': 'Fail'}
{'Address': 'vvvvvvvv766nz273', 'Result': 'Fail'}
{'Address': 'hty3epcxja62jlxm', 'Result': 'Fail'}
{'Address': 'onionlandbakyt3j', 'Result': 'Fail'}
{'Address': 'norabizt5qqxefxy', 'Result': 'Fail'}
{'Address': '5vvb4hixkejp5p47', 'Result': 'Fail'}
{'Address': 'x7giprgefwfvkeep', 'Result': 'Fail'}
{'Address': 'pt2mftbxeczbzufi2v7b3ekmsun4khq6hi7bdjo7w23fsx3easvr73ad', 'Result': 'Success'}
{'Address': 'paxromanarx4qxjb', 'Result': 'Fail'}
{'Address': 'ny4a6zwwmrvyjtlu', 'Result': 'Success'}
{'Address': 'rso4hutlefirefqp', 'Result': 'Success'}
{'Address': 'newpdsuslmzqazvr', 'Result': 'Success'}
{'Address': 'smoker32pk4qt3mx', 'Result': 'Success'}
{'Address': 'fzqnrlcvhkgbdwx5', 'Result': 'Success'}
{'Address': 'kbvbh4kdddiha2ht', 'Result': 'Success'}
{'Address': 's5q54hfww56ov2xc', 'Result': 'Success'}
{'Address': 'll6lardicrvrljvq', 'Result': 'Success'}
{'Address': '25ffhnaechrbzwf3', 'Result': 'Success'}
{'Address': '4yjes6zfucnh7vcj', 'Result': 'Fail'}
{'Address': 'k4btcoezc5tlxyaf', 'Result': 'Success'}
{'Address': 'elherbotsiddarol', 'Result': 'Fail'}
{'Address': 'pharma5jbbmwjoo3', 'Result': 'Success'}
{'Address': 'auw6fzx756f6gqcd', 'Result': 'Success'}
{'Address': 'dutchdr5gsol4dde', 'Result': 'Fail'}
{'Address': 'quality2ui4uooym', 'Result': 'Fail'}
{'Address': 'pharmacpr5lpfin5', 'Result': 'Fail'}
{'Address': 'do7dt6vuskgrz3sa', 'Result': 'Success'}
{'Address': 'smokerhv5hlklzh2', 'Result': 'Success'}
{'Address': 'eucannapggbtppdd', 'Result': 'Success'}
{'Address': 'mollyworh4524fop', 'Result': 'Success'}
{'Address': '7uvijlsswycvih2p', 'Result': 'Success'}
{'Address': 'drugsqfazpkaitwq', 'Result': 'Fail'}
{'Address': 'cjakglmv3vidqwgt', 'Result': 'Success'}
{'Address': 'pushingtabu7itqj', 'Result': 'Success'}
{'Address': 'mghreb4l5hdhiytu', 'Result': 'Fail'}
{'Address': 'limaconzruthefg4', 'Result': 'Fail'}
{'Address': 'cocain2xkqiesuqd', 'Result': 'Success'}
{'Address': 'maghrebwzbkucctg', 'Result': 'Success'}
{'Address': '4bzdkt7vbxx3ivfj', 'Result': 'Fail'}
{'Address': 'viagr4rub7dne4xk', 'Result': 'Success'}
{'Address': 'abyssopyps3z4xof', 'Result': 'Success'}
{'Address': 'drugss5mif4vrbws', 'Result': 'Success'}
{'Address': 'psyched25pydrgul', 'Result': 'Success'}
{'Address': 'cannabi4ewmalq3g', 'Result': 'Success'}
{'Address': 'weedsragjdyuimdm', 'Result': 'Success'}
{'Address': 'cocahze7fqy4qwwx', 'Result': 'Success'}
{'Address': 'weed46fkpfzc3lvi', 'Result': 'Success'}
{'Address': 'chemspain7iw2zby', 'Result': 'Success'}
{'Address': 'eeyovrly7charuku', 'Result': 'Success'}
{'Address': 'grimlockdlsgupyj', 'Result': 'Fail'}
{'Address': 'gotmilk2epf7vova', 'Result': 'Fail'}
{'Address': 'artsmankindxgcv5', 'Result': 'Fail'}
{'Address': 'x75csj7vzprjji5v', 'Result': 'Fail'}
{'Address': 'newshit5g5lc5coc', 'Result': 'Success'}
{'Address': 'blackmartqjhpnzh', 'Result': 'Success'}
{'Address': 'drugszun7tvsgsaa', 'Result': 'Success'}
{'Address': 'megaeeayahdmmeee', 'Result': 'Success'}
{'Address': 'chemradvzlfaqeqc', 'Result': 'Fail'}
{'Address': 'xdsa5xcrrrxxxolc', 'Result': 'Success'}
{'Address': 'haplab3nh5vvm5nt', 'Result': 'Fail'}
{'Address': 'pharmauoq6wnqp7q', 'Result': 'Success'}
{'Address': 'bitphar76n5t3qag', 'Result': 'Success'}
{'Address': 'dedopedhvmcsxylb', 'Result': 'Success'}
{'Address': 'deepsea2ou77c6vw', 'Result': 'Fail'}
{'Address': '25ffhpouaxzf2kue', 'Result': 'Fail'}
{'Address': 'slkushhma4pmfirg', 'Result': 'Fail'}
{'Address': 'deepdot35wvmeyd5', 'Result': 'Success'}
{'Address': '76ssfjn22svo4vyl', 'Result': 'Success'}
{'Address': 'pnxauh22krzb5xso', 'Result': 'Fail'}
{'Address': 'dragonso4dnzdshp', 'Result': 'Fail'}
{'Address': 'tpq5sxk5cgdf35uq', 'Result': 'Success'}
{'Address': 'tinhat233xymse34', 'Result': 'Success'}
{'Address': 'nnksciarbrfsg3ud', 'Result': 'Success'}
{'Address': 'cbnujyutccrk267', 'Result': 'Fail'}
{'Address': 'kxojy6ygju4h6lwn', 'Result': 'Success'}
{'Address': 'cryptomuvozeb5ww', 'Result': 'Fail'}
{'Address': 'zriokjwqb244oci7', 'Result': 'Success'}
{'Address': 'bpo4ybbs2apk4sk4', 'Result': 'Success'}
{'Address': 'hackingwpzhxqe3a', 'Result': 'Fail'}
{'Address': 'digitk5khbmoayhm', 'Result': 'Fail'}
{'Address': 'selfdevuilyolz3n', 'Result': 'Fail'}
{'Address': 'darkcannaqvqwkam', 'Result': 'Fail'}
{'Address': 'potatooezyf2aql6', 'Result': 'Success'}
{'Address': 'lqdnwwwmaouokzmg', 'Result': 'Fail'}
{'Address': 'ol346fucnsjru223', 'Result': 'Fail'}
{'Address': 'b2lqdo3v4tphyqbf', 'Result': 'Success'}
{'Address': '6xukrlqedfabdjrb', 'Result': 'Fail'}
{'Address': 'j7hackfestgaeuvv', 'Result': 'Success'}
{'Address': 'matrixdirectory.torpress2sarn7xw', 'Result': 'Success'}
{'Address': 'soupkso3la22ltl3', 'Result': 'Fail'}
{'Address': 'libertygb2nyeyay', 'Result': 'Fail'}
{'Address': 'cpbeftwgsfw7jsyt', 'Result': 'Fail'}
{'Address': '264nglqbtqlabsxl', 'Result': 'Fail'}
{'Address': '7rmath4ro2of2a42', 'Result': 'Success'}
{'Address': '3kyl4i7bfdgwelmf', 'Result': 'Success'}
{'Address': 'writeas7pm7rcdqg', 'Result': 'Success'}
{'Address': 'pbbnzshcgemf3d5y', 'Result': 'Fail'}
{'Address': 'poofegruzqmggbqc', 'Result': 'Fail'}
{'Address': 'cripticavraowaqb', 'Result': 'Fail'}
{'Address': 'darkweba6le5w52w', 'Result': 'Fail'}
{'Address': 'cosmistljwunnzgr', 'Result': 'Success'}
{'Address': 'eqac56hh4ppxzy27', 'Result': 'Success'}
{'Address': 'zilion4h6dxztysk', 'Result': 'Success'}
{'Address': 'k3undzpdz43vd7qt', 'Result': 'Fail'}
{'Address': 'e2byufqft24mg4wm', 'Result': 'Fail'}
{'Address': 'ctzzqqimlfamyhrc', 'Result': 'Success'}
{'Address': 'apfrontcaqoorlrkclifojs3fjp4wnqxvzzwsgpbzoqc4r7knvwakiyd', 'Result': 'Fail'}
{'Address': '74ypjqjwf6oejmax', 'Result': 'Success'}
{'Address': '76qugh5bey5gum7l', 'Result': 'Fail'}
{'Address': '7hk64iz2vn2ewi7h', 'Result': 'Success'}
{'Address': 'tigas3l7uusztiqu', 'Result': 'Fail'}
{'Address': 'mpf3i4k43xc2usxj', 'Result': 'Fail'}
{'Address': 'torvps7kzis5ujfz', 'Result': 'Success'}
{'Address': 'shadow7jnzxjkvpz', 'Result': 'Fail'}
{'Address': 'apkx44pmf7fyd63e', 'Result': 'Success'}
{'Address': 'mh7mkfvezts5j6yu', 'Result': 'Success'}
{'Address': 'torsniffrqvvkv4x', 'Result': 'Fail'}
{'Address': 'dbshmc5frbchaum2', 'Result': 'Fail'}
{'Address': 'hokioisec7agisc4', 'Result': 'Fail'}
{'Address': 'freepress3xxs3hk', 'Result': 'Fail'}
{'Address': 'deepweb2teloq5cl', 'Result': 'Fail'}
{'Address': '57f23hcybjqj4ime', 'Result': 'Fail'}
{'Address': 'vfqnd6mieccqyiit', 'Result': 'Success'}
{'Address': 'en35tuzqmn4lofbk', 'Result': 'Success'}
{'Address': 'xfnwyig7olypdq5r', 'Result': 'Success'}
{'Address': 'cpartywvpihlabsy', 'Result': 'Success'}
{'Address': 'kobrabd77ppgjd2r', 'Result': 'Success'}
{'Address': 'estbdbp22h6ywcj5', 'Result': 'Fail'}
{'Address': 'ypyqkvgecfzq6mne', 'Result': 'Fail'}
{'Address': 'grams7enufi7jmdl', 'Result': 'Fail'}
{'Address': 'zjuhnrnaz573362iwpqm2peoozwd37yfeohyzdymmn2xlewr5li3zpqd', 'Result': 'Success'}
{'Address': 'huomyxhpzx6mw74e6jfxtj5kmxov6wdmc62ylk6oc7feht5gntuawaqd', 'Result': 'Success'}
{'Address': 'ytteyiazq2xyazjws45lxjpqie5krxdcoe4nr5vysldu54olnbtrg5qd', 'Result': 'Success'}
{'Address': 'vscvkdcnjpwkdumrrnxsfhmx5shkztqzehnkvelpfrzj7sqkra7bcjid', 'Result': 'Success'}
{'Address': 'wdnqg3ehh3hvalpe', 'Result': 'Fail'}
{'Address': 'timaq4ygg2iegci7', 'Result': 'Success'}
{'Address': 'hackcanl2o4lvmnv', 'Result': 'Fail'}
{'Address': 'hackharhoaw3yk5q', 'Result': 'Fail'}
{'Address': '6dvj6v5imhny3anf', 'Result': 'Fail'}
{'Address': 'hackerrljqhmq6jb', 'Result': 'Success'}
{'Address': 'vb75uj2ap3hyyava', 'Result': 'Success'}
{'Address': 'fsv2bgli7wk4hkvl', 'Result': 'Success'}
{'Address': 'blackhost5xlrhev', 'Result': 'Success'}
{'Address': '4xzg7em4btak4lnu', 'Result': 'Fail'}
{'Address': 'yukoni2bjn5woljfeng', 'Result': 'Fail'}
{'Address': 'edfbn5gfuaj2bc2w', 'Result': 'Success'}
{'Address': '6f6ejaiiixypfqaf', 'Result': 'Success'}
{'Address': 'mvfjfugdwgc5uwho', 'Result': 'Fail'}
{'Address': 'o4eahdlslz2y6j2q', 'Result': 'Fail'}
{'Address': 'wqekut2pocn45hwp', 'Result': 'Fail'}
{'Address': 'qkjscem7kksghlux', 'Result': 'Fail'}
{'Address': 'ranionjgot5cud3p', 'Result': 'Fail'}
{'Address': '3fym7qpu7jsljat7', 'Result': 'Success'}
{'Address': 'hc3sz3i2rb5dljqq', 'Result': 'Fail'}
{'Address': 'mre36vzwos4nng3h', 'Result': 'Fail'}
{'Address': 'bylu6d6nx3og7shy', 'Result': 'Fail'}
{'Address': 'armoryohajjhou5m', 'Result': 'Success'}
{'Address': 'weapon5cd6o72mny', 'Result': 'Success'}
{'Address': 'gunsdtk47tolcrre', 'Result': 'Success'}
{'Address': '2kka4f23pcxgqkpv', 'Result': 'Success'}
{'Address': 'luckp47s6xhz26rn', 'Result': 'Success'}
{'Address': 'armsmhmd4c3hb5xu', 'Result': 'Fail'}
{'Address': 'gunsganjkiexjkew', 'Result': 'Success'}
{'Address': 'drkseidwayn6uc5x', 'Result': 'Success'}
{'Address': 'pistolcqex2ecr5r', 'Result': 'Success'}
{'Address': '5xxqhn7qbtug7cag', 'Result': 'Success'}
{'Address': 'alphagun4lnfzmof', 'Result': 'Fail'}
{'Address': 'gunsjmzh2btr7lpy', 'Result': 'Fail'}
{'Address': 'armoryx7kvdq3jds', 'Result': 'Fail'}
{'Address': '7p4phtqnrzrg5ju5', 'Result': 'Success'}
{'Address': 'dtkeubgx47jeqvag', 'Result': 'Success'}
{'Address': 'vi5ydynhfco62g4v', 'Result': 'Success'}
{'Address': 'mke3j4vlpo3ccmu4', 'Result': 'Success'}
{'Address': 'gunsdarkhzyowteb', 'Result': 'Success'}
{'Address': 'swegunsh343s3drf', 'Result': 'Fail'}
{'Address': 'cardedlxzxsphu5y', 'Result': 'Fail'}
{'Address': 'tfwdi3izigxllure', 'Result': 'Success'}
{'Address': 'mobil7rab6nuf7vx', 'Result': 'Success'}
{'Address': 'electrotev3tgo2p', 'Result': 'Success'}
{'Address': 'amazonfkuuy6g3ou', 'Result': 'Success'}
{'Address': '35flmpspwpnarbos', 'Result': 'Success'}
{'Address': 'trinixy73gm6z4fq', 'Result': 'Success'}
{'Address': 'applekfwov4jebmr', 'Result': 'Fail'}
{'Address': 'etrrdbuorwng2hkw', 'Result': 'Success'}
{'Address': '2wkwv7m4hetvqo3d', 'Result': 'Success'}
{'Address': 'mobileay2syyw6qf', 'Result': 'Success'}
{'Address': 'bitstorenctdwhmo', 'Result': 'Success'}
{'Address': 'rechardsp4x6tdrh', 'Result': 'Fail'}
{'Address': 'dc5gee72qyaayr4d', 'Result': 'Success'}
{'Address': 'applei7nkshrsnih', 'Result': 'Fail'}
{'Address': 'mallgdjice7qaar6', 'Result': 'Fail'}
{'Address': 'popfilesxuru7lsr', 'Result': 'Fail'}
{'Address': 'dmru36nvfgtywx47', 'Result': 'Fail'}
{'Address': 'hosting6iar5zo7c', 'Result': 'Success'}
{'Address': 'y5fmhyqdr6r7ddws', 'Result': 'Success'}
{'Address': 'kowloon5aibdbege', 'Result': 'Fail'}
{'Address': 'felixxxboni3mk4a', 'Result': 'Fail'}
{'Address': 'matrixtxri745dfw', 'Result': 'Fail'}
{'Address': 'occuomegawqtkl6j', 'Result': 'Fail'}
{'Address': '7zzohostingx4mes', 'Result': 'Fail'}
{'Address': 'nk3k2rsitogzvk2a', 'Result': 'Fail'}
{'Address': 'billie4dtzvlmcfb', 'Result': 'Fail'}
{'Address': 'peepicsjswxrkhuc', 'Result': 'Fail'}
{'Address': 'bigsexzwankdb27a', 'Result': 'Fail'}
{'Address': 'iuhx6fatnadrjygt', 'Result': 'Fail'}
{'Address': 'c7ooac5dc5iub6jc', 'Result': 'Fail'}
{'Address': 'gewaltics7teim6i', 'Result': 'Fail'}
{'Address': 'grannytnglrvaaf7', 'Result': 'Fail'}
{'Address': 'n65xqgf3qj423wfj', 'Result': 'Success'}
{'Address': 'strokeu2afkz7jny', 'Result': 'Fail'}
{'Address': 'vaultjdmqoxebbav', 'Result': 'Fail'}
{'Address': 'ikzeovolo7cuvg7zalbum', 'Result': 'Fail'}
{'Address': 'gjgbztmown7d6usl', 'Result': 'Fail'}
{'Address': 'asshole5zwwx235l', 'Result': 'Fail'}
{'Address': 'fgirlecotlu5m7dc', 'Result': 'Fail'}
{'Address': 'timf7jxjoflkybdd', 'Result': 'Fail'}
{'Address': 'vsdfdtkr5mh6y33p', 'Result': 'Success'}
{'Address': '2dhgql4qicqu2hlg', 'Result': 'Fail'}
{'Address': 'ixpnon3zvysm24ct', 'Result': 'Success'}
{'Address': 'africae3vo64mzux', 'Result': 'Fail'}
{'Address': 'animalirgsuecrvn', 'Result': 'Success'}
{'Address': 'wirtin67ywc72pjq', 'Result': 'Fail'}
{'Address': 'anjosp2t7yv47qvc', 'Result': 'Fail'}
{'Address': 'tssa3saypkimmkcy', 'Result': 'Success'}
{'Address': 'exwljei3bfvchv6p', 'Result': 'Success'}
{'Address': '222222avkcjpcbwi', 'Result': 'Success'}
{'Address': 'zoo6cxl4rtac3jxw', 'Result': 'Fail'}
{'Address': '32pbf32xi6ccm63z', 'Result': 'Fail'}
{'Address': 'iz56hciijqh5uh5u', 'Result': 'Success'}
{'Address': 'dosug4rea4kvnk5f', 'Result': 'Success'}
{'Address': 'escortnokqqptuxz', 'Result': 'Success'}
{'Address': 'escortukmoz52fmu', 'Result': 'Success'}
{'Address': 'nudes2fdd6b775zr', 'Result': 'Success'}
{'Address': 'csxtih62vmohxptm', 'Result': 'Success'}
{'Address': 'tgirleexw34kdbx6', 'Result': 'Fail'}
{'Address': 'ahnkmbhxyx3bnzdq', 'Result': 'Fail'}
{'Address': 'alienxfjeu3jzyfl', 'Result': 'Fail'}
{'Address': 'ftyffwtact6nguwi', 'Result': 'Success'}
{'Address': 'rapecht67jidpzoo', 'Result': 'Fail'}
{'Address': 'lulzwrzcle5ks3se', 'Result': 'Fail'}
{'Address': 'thundersplv36ecb', 'Result': 'Success'}
{'Address': 'hurtmehpneqdprmj', 'Result': 'Fail'}
{'Address': 'hijabhawzxipgzfp', 'Result': 'Fail'}
{'Address': 'familybw6azkhjsc', 'Result': 'Success'}
{'Address': 'buywdci7rfvec725', 'Result': 'Fail'}
{'Address': 'tsteen46itfjilys', 'Result': 'Fail'}
{'Address': 'muslimlbcnmtdgwu', 'Result': 'Fail'}
{'Address': 'slavegl5jgdo2pbk', 'Result': 'Success'}
{'Address': '7ca736d4of2xe7pm', 'Result': 'Success'}
{'Address': '3soamencp7cpyozc', 'Result': 'Fail'}
{'Address': 'pussy44ff6rasruz', 'Result': 'Fail'}
{'Address': 'gurochanocizhuhg', 'Result': 'Fail'}
{'Address': 'ejnimeikpyqrzbwd', 'Result': 'Fail'}
{'Address': '73lgals6htl7akfm', 'Result': 'Fail'}
{'Address': 'ofvibtptm3c3vxxw', 'Result': 'Success'}
{'Address': 'g24stauh3c3fkk4j', 'Result': 'Success'}
{'Address': 'z25ub7elk47ca2gj', 'Result': 'Success'}
{'Address': 'vefqdlcknb2npgk6', 'Result': 'Fail'}
{'Address': 'g5rydc4ynnppxqn2', 'Result': 'Fail'}
{'Address': 'xnordic6virmmls3', 'Result': 'Fail'}
{'Address': '7vd5mehclc2zw4sw', 'Result': 'Fail'}
{'Address': 'xplayyyyyirxui4n', 'Result': 'Success'}
{'Address': 'hb2z3skucfnjdrj7', 'Result': 'Fail'}
{'Address': 'q3f47rcmwixmn5kx', 'Result': 'Fail'}
{'Address': 'cfwl3urfcsml22hb', 'Result': 'Fail'}
{'Address': 'chaturbov7zh37sa', 'Result': 'Fail'}
{'Address': 'e6sid6nazlbp3ezw', 'Result': 'Fail'}
{'Address': 'spermacuhioqhopr', 'Result': 'Fail'}
{'Address': 'trn53kchmnc2tgzp', 'Result': 'Success'}
{'Address': 'purzelmactebchb4', 'Result': 'Fail'}
{'Address': 'sexypicstj6tb7gn', 'Result': 'Fail'}
{'Address': 'userl7qp24jlajyx', 'Result': 'Success'}
{'Address': 'cgl7owaxduu2eupi', 'Result': 'Fail'}
{'Address': 'qmbuxbc2vwgtcxkc', 'Result': 'Fail'}
{'Address': 'goatsezsnvtt2tfe', 'Result': 'Fail'}
{'Address': 'mvx7igua26khad3k', 'Result': 'Fail'}
{'Address': 'x35fpxqbgelkcouz', 'Result': 'Success'}
{'Address': '4xs75g5em7t5z6im', 'Result': 'Fail'}
{'Address': 'zqktlwi4fecvo6ri', 'Result': 'Success'}
{'Address': 'kpvz7ki2v5agwt35', 'Result': 'Success'}
{'Address': 'wiki5kauuihowqi5', 'Result': 'Success'}
{'Address': 'wikitjerrta4qgz4', 'Result': 'Success'}
{'Address': 'tt3j2x4k5ycaa5zt', 'Result': 'Fail'}
{'Address': 'underdj5ziov3ic7', 'Result': 'Success'}
{'Address': 'torlinkbgs6aabns', 'Result': 'Success'}
{'Address': 'dirnxxdraygbifgc', 'Result': 'Success'}
{'Address': 'jdpskjmgy6kk4urv', 'Result': 'Fail'}
{'Address': 'jh32yv5zgayyyts3', 'Result': 'Success'}
{'Address': 'frwikisfa6myvgyx', 'Result': 'Fail'}
{'Address': 'hdwikicorldcisiy', 'Result': 'Success'}
{'Address': '32rfckwuorlf4dlv', 'Result': 'Fail'}
{'Address': 'toplinkzrey4sfaf', 'Result': 'Success'}
{'Address': 'kpynyvym6xqi7wz2', 'Result': 'Fail'}
{'Address': 'skunksworkedp2cg', 'Result': 'Fail'}
{'Address': '7qzmtqy2itl7dwuu', 'Result': 'Fail'}
{'Address': 'occ4c3gx3w5esnmnnetwork', 'Result': 'Fail'}
{'Address': 'totozzimg6zbvthl', 'Result': 'Success'}
{'Address': 'mango7ujh3rmxgoh', 'Result': 'Fail'}
{'Address': 'secushare.cheettyiapsyciew', 'Result': 'Success'}
{'Address': 'npdaaf3s3f2xrmlo', 'Result': 'Fail'}
{'Address': 'gmoindowca2xzlmc', 'Result': 'Fail'}
{'Address': 'dtt6tdtgroj63iud', 'Result': 'Fail'}
{'Address': 'cpbiijtwjyn4enzi', 'Result': 'Fail'}
{'Address': 'redroomfing27toi', 'Result': 'Success'}
{'Address': 'shadowznwuibgi7w', 'Result': 'Fail'}
{'Address': 'llf6yyalipib4jau', 'Result': 'Success'}
{'Address': 'pgdnvi6nf26gbzgf', 'Result': 'Success'}
{'Address': 'uj3wazyk5u4hnvtk', 'Result': 'Fail'}
{'Address': 'hackerw6dcplg3ej', 'Result': 'Success'}
{'Address': 'uuxrei5or65anucg', 'Result': 'Fail'}
{'Address': 'wbyi72yt6gitdcqd', 'Result': 'Fail'}
{'Address': 'artifaxdeep.torpress2sarn7xw', 'Result': 'Success'}
{'Address': 'kurdox4tfzujxddq', 'Result': 'Fail'}
{'Address': 'hlsf2cw74ydheg6f', 'Result': 'Success'}
{'Address': 'radiocbsi2q27tob', 'Result': 'Success'}
{'Address': 'hbetshipq5yhhrsd', 'Result': 'Fail'}
{'Address': 'xrwveit2nw6etj4b', 'Result': 'Fail'}
{'Address': 'ponieslzi3ivbynd', 'Result': 'Fail'}
{'Address': '32ixi6myw3things', 'Result': 'Fail'}
{'Address': 'kaarvixjxfdy2wv2', 'Result': 'Success'}
{'Address': '2mn4ahxcgjud3yvk', 'Result': 'Fail'}
{'Address': 'v6gdwmm7ed4oifvd', 'Result': 'Fail'}
{'Address': 'jlve2y45zacpbz6s', 'Result': 'Success'}
{'Address': 'xjj6wjpujmh4evkb', 'Result': 'Fail'}
{'Address': 'sixteen7iuqazme7', 'Result': 'Fail'}
{'Address': 'y3okdpapmjnfgcpy', 'Result': 'Fail'}
{'Address': 'fixerwex7oobu4ki', 'Result': 'Fail'}
{'Address': 'ejz7kqoryhqwosbk', 'Result': 'Fail'}
{'Address': 'abigispddied4mec', 'Result': 'Fail'}
{'Address': 'anna4nvrvn6fgo6d', 'Result': 'Fail'}
{'Address': 'kotnikdvbq6lnbfz', 'Result': 'Fail'}
{'Address': 'xfmro77i3lixucja', 'Result': 'Success'}
{'Address': 'dweebyhexfberrix', 'Result': 'Fail'}
{'Address': 'torc5bhzq6xorhb4', 'Result': 'Success'}
{'Address': 'darknetco4i4prlp', 'Result': 'Success'}
{'Address': 'parckwartvo7fskp', 'Result': 'Success'}
{'Address': 'evbe2k4syrvewwq3', 'Result': 'Fail'}
{'Address': 'cheenazap345z6a7', 'Result': 'Success'}
{'Address': 'th2yjjp5cmsoxmmb', 'Result': 'Fail'}
{'Address': 'mc6nld3smffo3vgm', 'Result': 'Fail'}
{'Address': 'pasternjaui2k53d', 'Result': 'Fail'}
{'Address': 'zerobinqmdqd236y', 'Result': 'Success'}
{'Address': 'nzxj65x32vh2fkhk', 'Result': 'Success'}
{'Address': '4m6omb3gmrmnwzxi', 'Result': 'Fail'}
{'Address': 'fakebillkelmwaos', 'Result': 'Success'}
{'Address': 'xqxf2ggcud2kntck', 'Result': 'Success'}
{'Address': 'dollarsfn45wiq4f', 'Result': 'Fail'}
{'Address': 'o6klk2vxlpunyqt6', 'Result': 'Fail'}
{'Address': 'countermltd42g4x', 'Result': 'Success'}
{'Address': 'cfactoryxecooa6l', 'Result': 'Success'}
{'Address': 'counterfxhjvtrlw', 'Result': 'Success'}
{'Address': 'xyaukzqqcdkop4ui', 'Result': 'Success'}
{'Address': 'anonymixnzn7tdqn', 'Result': 'Fail'}
{'Address': 'btcmixnqyq7kljrr', 'Result': 'Fail'}
{'Address': 'cryptomixns23scr', 'Result': 'Success'}
{'Address': 'bmcmix4soyfddcvqone5nj6za3ezil3rlbdcndlzr6ajlvux4p4sdzyd', 'Result': 'Fail'}
{'Address': '5ifblitg2ywjjo2t', 'Result': 'Success'}
{'Address': 'apple5e3lqymppzp', 'Result': 'Success'}
{'Address': 'kaqkiyehzw23pnag', 'Result': 'Fail'}
{'Address': 'bitmixergv5vvbza', 'Result': 'Success'}
{'Address': 'atvx6hnosgyyafzx', 'Result': 'Fail'}
{'Address': 'sgkvfgvtxjzvbadm', 'Result': 'Success'}
{'Address': 'loundryslz2venqx', 'Result': 'Success'}
{'Address': 'foggeddriztrcar2', 'Result': 'Fail'}
{'Address': 'cleancoikmh6uamc', 'Result': 'Success'}
{'Address': 'fwx2oxihh3yi5eyu', 'Result': 'Fail'}
{'Address': '4r23alxe7mwyqa4s', 'Result': 'Fail'}
{'Address': '33oifeg53souby5f', 'Result': 'Fail'}
{'Address': 'penguinsmbshtgmf', 'Result': 'Success'}
{'Address': 'bitcloak43blmhmn', 'Result': 'Fail'}
{'Address': 'ygrqgcnoodnqdmlc', 'Result': 'Success'}
{'Address': 'swkcw6eudl7lciek', 'Result': 'Success'}
{'Address': 'h4gca3vb6v37awux', 'Result': 'Success'}
{'Address': 'stkonsbado54og4t', 'Result': 'Fail'}
{'Address': 'darkmambawopntdk', 'Result': 'Success'}
{'Address': 'yo4jmu6dsfaeekt3', 'Result': 'Fail'}
{'Address': 'idomquol7lannf22', 'Result': 'Fail'}
{'Address': 'zy3dkytcaubkq2y3', 'Result': 'Fail'}
{'Address': '3g2upl4pq6kufc4m', 'Result': 'Success'}
{'Address': 'zqktlwi4fecvo6ri', 'Result': 'Success'}
{'Address': 'idnxcnkne4qt76tg', 'Result': 'Fail'}
{'Address': 'torlinkbgs6aabns', 'Result': 'Success'}
{'Address': 'jh32yv5zgayyyts3', 'Result': 'Success'}
{'Address': 'wikitjerrta4qgz4', 'Result': 'Success'}
{'Address': '2vlqpcqpjlhmd5r2', 'Result': 'Fail'}
{'Address': 'nlmymchrmnlmbnii', 'Result': 'Fail'}
{'Address': 'wiki5kauuihowqi5', 'Result': 'Success'}
{'Address': '6w6vcynl6dumn67c', 'Result': 'Success'}
{'Address': 'wvk32thojln4gpp4', 'Result': 'Fail'}
{'Address': '5mvm7cg6bgklfjtp', 'Result': 'Fail'}
{'Address': 'lw4ipk5choakk5ze', 'Result': 'Fail'}
{'Address': 'nr6juudpp4as4gjg', 'Result': 'Fail'}
{'Address': 'tuu66yxvrnn3of7l', 'Result': 'Success'}
{'Address': 'ucx7bkbi2dtia36r', 'Result': 'Fail'}
{'Address': 'hbetshipq5yhhrsd', 'Result': 'Fail'}
{'Address': 'cstoreav7i44h2lr', 'Result': 'Success'}
{'Address': 'tfwdi3izigxllure', 'Result': 'Success'}
{'Address': 'e2qizoerj4d6ldif', 'Result': 'Fail'}
{'Address': 'jvrnuue4bvbftiby', 'Result': 'Fail'}
{'Address': 'bgkitnugq5ef2cpi', 'Result': 'Fail'}
{'Address': 'vlp4uw5ui22ljlg7', 'Result': 'Fail'}
{'Address': 'b4vqxw2j36wf2bqa', 'Result': 'Fail'}
{'Address': 'ybp4oezfhk24hxmb', 'Result': 'Fail'}
{'Address': 'mts7hqqqeogujc5e', 'Result': 'Fail'}
{'Address': 'mobil7rab6nuf7vx', 'Result': 'Success'}
{'Address': '54flq67kqr5wvjqf', 'Result': 'Fail'}
{'Address': 'yth5q7zdmqlycbcz', 'Result': 'Fail'}
{'Address': 'matrixtxri745dfw', 'Result': 'Fail'}
{'Address': 'storegsq3o5mfxiz', 'Result': 'Fail'}
{'Address': 'sheep5u64fi457aw', 'Result': 'Fail'}
{'Address': 'nr6juudpp4as4gjg', 'Result': 'Fail'}
{'Address': 'qizriixqwmeq4p5b', 'Result': 'Fail'}
{'Address': 'vfqnd6mieccqyiit', 'Result': 'Success'}
{'Address': 'en35tuzqmn4lofbk', 'Result': 'Success'}
{'Address': 'xfnwyig7olypdq5r', 'Result': 'Success'}
{'Address': 'uybu3melulmoljnd', 'Result': 'Fail'}
{'Address': 'dbmv53j45pcv534x', 'Result': 'Fail'}
{'Address': 'lw4ipk5choakk5ze', 'Result': 'Fail'}
{'Address': 'nr6juudpp4as4gjg', 'Result': 'Fail'}
{'Address': 'rso4hutlefirefqp', 'Result': 'Success'}
{'Address': 'newpdsuslmzqazvr', 'Result': 'Success'}
{'Address': 'smoker32pk4qt3mx', 'Result': 'Success'}
{'Address': 'fzqnrlcvhkgbdwx5', 'Result': 'Success'}
{'Address': 'kbvbh4kdddiha2ht', 'Result': 'Success'}
{'Address': 's5q54hfww56ov2xc', 'Result': 'Success'}
{'Address': 'll6lardicrvrljvq', 'Result': 'Success'}
{'Address': '25ffhnaechrbzwf3', 'Result': 'Success'}
{'Address': 'fec33nz6mhzd54zj', 'Result': 'Fail'}
{'Address': 'atlmlxbk2mbupwgr', 'Result': 'Fail'}
{'Address': 'atlantisrky4es5q', 'Result': 'Fail'}
{'Address': 'dkn255hz262ypmii', 'Result': 'Fail'}
{'Address': '4yjes6zfucnh7vcj', 'Result': 'Fail'}
{'Address': 'k4btcoezc5tlxyaf', 'Result': 'Success'}
{'Address': 'silkroadvb5piz3r', 'Result': 'Fail'}
{'Address': '5onwnspjvuk7cwvk', 'Result': 'Fail'}
{'Address': 'matrixtxri745dfw', 'Result': 'Fail'}
{'Address': 'lw4ipk5choakk5ze', 'Result': 'Fail'}
{'Address': 'wzrtr6gpencksu3d', 'Result': 'Fail'}
{'Address': 'nr6juudpp4as4gjg', 'Result': 'Fail'}
{'Address': 'tklxxs3rdzdjppnl', 'Result': 'Fail'}
{'Address': '74ypjqjwf6oejmax', 'Result': 'Success'}
{'Address': '76qugh5bey5gum7l', 'Result': 'Fail'}
{'Address': 'edramalpl7oq5npk', 'Result': 'Fail'}
{'Address': 'ih4pgsz3aepacbwl', 'Result': 'Fail'}
{'Address': 'ad52wtwp2goynr3a', 'Result': 'Fail'}
{'Address': 'tns7i5gucaaussz4', 'Result': 'Fail'}
{'Address': 'gdkez5whqhpthb4d', 'Result': 'Fail'}
{'Address': 'newsiiwanaduqpre', 'Result': 'Success'}
{'Address': '5vppavyzjkfs45r4', 'Result': 'Fail'}
{'Address': '7ueo7ahq2xlpwx7q', 'Result': 'Fail'}
{'Address': '7hk64iz2vn2ewi7h', 'Result': 'Success'}
{'Address': 'tigas3l7uusztiqu', 'Result': 'Fail'}
{'Address': 'mpf3i4k43xc2usxj', 'Result': 'Fail'}
{'Address': '7w2rtz7rgfwj5zuv', 'Result': 'Fail'}
{'Address': '3c3bdbvhb7j6yab2', 'Result': 'Fail'}
{'Address': '4fvfamdpoulu2nms', 'Result': 'Fail'}
{'Address': 'nwycvryrozllb42g', 'Result': 'Fail'}
{'Address': '2gxxzwnj52jutais', 'Result': 'Fail'}
{'Address': '3fyb44wdhnd2ghhl', 'Result': 'Fail'}
{'Address': 'bx7zrcsebkma7ids', 'Result': 'Fail'}
{'Address': 'npdaaf3s3f2xrmlo', 'Result': 'Fail'}
{'Address': 'jv7aqstbyhd5hqki', 'Result': 'Fail'}
{'Address': 'xdagknwjc7aaytzh', 'Result': 'Fail'}
{'Address': 'sbforumaz7v3v6my', 'Result': 'Fail'}
{'Address': 'kpmp444tubeirwan', 'Result': 'Fail'}
{'Address': 'r5c2ch4h5rogigqi', 'Result': 'Fail'}
{'Address': 'hbjw7wjeoltskhol', 'Result': 'Fail'}
{'Address': 't4is3dhdc2jd4yhw', 'Result': 'Success'}
{'Address': 'zw3crggtadila2sg', 'Result': 'Success'}
{'Address': '365u4txyqfy72nul', 'Result': 'Fail'}
{'Address': 'sms4tor3vcr2geip', 'Result': 'Fail'}
{'Address': 'notestjxctkwbk6z', 'Result': 'Fail'}
{'Address': 'torbox3uiot6wchz', 'Result': 'Fail'}
{'Address': 'u6lyst27lmelm6oy', 'Result': 'Fail'}
{'Address': 'wi7qkxyrdpu5cmvr', 'Result': 'Fail'}
{'Address': 'u4uoz3aphqbdc754', 'Result': 'Fail'}
{'Address': '6sgjmi53igmg7fm7', 'Result': 'Success'}
{'Address': 'faerieuaahqvzgby', 'Result': 'Fail'}
{'Address': '2r2tz6wzqh7gaji7', 'Result': 'Fail'}
{'Address': 'tnysbtbxsf356hiy', 'Result': 'Fail'}
{'Address': 'duskgytldkxiuqc6', 'Result': 'Success'}
{'Address': 'rrcc5uuudhh4oz3c', 'Result': 'Fail'}
{'Address': 'opnju4nyz7wbypme', 'Result': 'Fail'}
{'Address': 'assmkedzgorodn7o', 'Result': 'Fail'}
{'Address': 'duskgytldkxiuqc6', 'Result': 'Success'}
{'Address': 'nwycvryrozllb42g', 'Result': 'Fail'}
{'Address': 'zbnnr7qzaxlk5tms', 'Result': 'Fail'}
{'Address': 'salted7fpnlaguiq', 'Result': 'Fail'}
{'Address': 'yj5rbziqttulgidy', 'Result': 'Fail'}
{'Address': 'bbxdfsru7lmmbj32', 'Result': 'Fail'}
{'Address': '2ogmrlfzdthnwkez', 'Result': 'Success'}
{'Address': '2gxxzwnj52jutais', 'Result': 'Fail'}
{'Address': 'jntlesnev5o7zysa', 'Result': 'Fail'}
{'Address': 'am4wuhz3zifexz5u', 'Result': 'Fail'}
{'Address': 'uj3wazyk5u4hnvtk', 'Result': 'Fail'}
{'Address': 'doxbindtelxceher', 'Result': 'Fail'}
{'Address': 'wuvdsbmbwyjzsgei', 'Result': 'Success'}
{'Address': 'lolicore75rq3tm5', 'Result': 'Fail'}
{'Address': 'xfmro77i3lixucja', 'Result': 'Success'}
{'Address': 'vt27twhtksyvjrky', 'Result': 'Fail'}
{'Address': '2ygbaoezjdmacnro', 'Result': 'Fail'}
{'Address': 'c3jemx2ube5v5zpg', 'Result': 'Fail'}
{'Address': 'tklxxs3rdzdjppnl', 'Result': 'Fail'}
{'Address': 'k4jmdeccpnsfe43c', 'Result': 'Fail'}
{'Address': '54dgeda4ik6iypui', 'Result': 'Fail'}
{'Address': 'pinkmethuylnenlz', 'Result': 'Fail'}
{'Address': '2fqgjzbb2h7yevom', 'Result': 'Fail'}
{'Address': 'orsxvca7glswueo7', 'Result': 'Fail'}
{'Address': 'mmgh3rqeswrlgzdr', 'Result': 'Fail'}
{'Address': 'dunl4qc7zlaqmavm', 'Result': 'Success'}
{'Address': 'zlvpbozpgrq7uwqc', 'Result': 'Success'}
{'Address': 'ybiaxhp2mhn4dtog', 'Result': 'Success'}
{'Address': '55bk7hkfqlyo2xg3', 'Result': 'Success'}
{'Address': '3pdx7y4r2mc3zuxw', 'Result': 'Success'}
{'Address': '4t2qo5bgrwicvqw7', 'Result': 'Success'}
{'Address': 'xnwpwzm5dn5fi6kf', 'Result': 'Success'}
{'Address': 'hntpud2v7otxphgf', 'Result': 'Success'}
{'Address': 'mixbitw5m5zh4m7u', 'Result': 'Success'}
{'Address': 'miningbf34ktfupa', 'Result': 'Success'}
{'Address': 'invest775zkbmhiy', 'Result': 'Success'}
{'Address': 'bbk7vwlok5a3eika', 'Result': 'Success'}
{'Address': 'd6d6qr5r5jurtvjh', 'Result': 'Success'}
{'Address': '2junuwyqfrfgtlfn', 'Result': 'Success'}
{'Address': 'wi3dg355dpiy2g5k', 'Result': 'Success'}
{'Address': 'egixqvttogpxc75f', 'Result': 'Success'}
{'Address': 'kkf7wy3uu7kgbaa6', 'Result': 'Success'}
{'Address': 'tugvveav653hfqig', 'Result': 'Success'}
{'Address': 'tcc26dp2rs6g3v6c', 'Result': 'Success'}
{'Address': 'c6qolqd4nuvdymhn', 'Result': 'Success'}
{'Address': 't4wjrh634dnlue6i', 'Result': 'Success'}
{'Address': 'efby23qxgt6rb6vc', 'Result': 'Success'}
{'Address': 'q3xlqv65nhypm6tn', 'Result': 'Success'}
{'Address': 'v5dbacb4vw3cxtzp', 'Result': 'Success'}
{'Address': 'tsyyky3oc7fngj5l', 'Result': 'Success'}
{'Address': 'sbqaxe6dwiydetyr', 'Result': 'Success'}
{'Address': 'muwkpdumqr4m6kxkdfcphx7g2onhjh7iurlipbwcjsqwc7sa3lpke3id', 'Result': 'Success'}
{'Address': 'tzit5v4hvxbmm6yotz46vxpzmjrulyuafthlrkglsd6vs4lxhc5n3kid', 'Result': 'Success'}
{'Address': 'jedhvw74olnzgz6rdepfb3eojtjy5b2sgygaxieyf3dclucbwgnz7dqd', 'Result': 'Success'}
{'Address': '7hictnmx2vrxzubpexxxvke44p27t2qhzclfs5h2cqfh42c3wukt3vad', 'Result': 'Success'}
{'Address': 'nixfqxtyl7iaaxfeeoy5wqbtixq73jxgwbib5nnqmjfuncqmlax3ydqd', 'Result': 'Fail'}
{'Address': 'nu5grt6sqv4imico', 'Result': 'Success'}
{'Address': 'w6uc2htc3lfcs3g2', 'Result': 'Success'}
{'Address': 'pwoah7foa6au2pul', 'Result': 'Fail'}
{'Address': 'lchudifyeqm4ldjj', 'Result': 'Fail'}
{'Address': 'hansamkt2rr6nfg3', 'Result': 'Success'}
{'Address': 'wallstyizjhkrvmj', 'Result': 'Success'}
{'Address': 'morhx3irxknskwu5', 'Result': 'Success'}
{'Address': 'ewad7i7uw2deouyg', 'Result': 'Success'}
{'Address': '6tds66lovd24jl7f', 'Result': 'Success'}
{'Address': 'xzycbxex66aja7fd', 'Result': 'Success'}
{'Address': 'nnipbjberqh6lpvt', 'Result': 'Success'}
{'Address': 'h4nopdvhp2upmvkx', 'Result': 'Success'}
{'Address': 'itilyljv4vf6qgqm', 'Result': 'Success'}
{'Address': 'bnruxuk34pu5l37h', 'Result': 'Success'}
{'Address': 'deepmexzsejpzqid3k7knaas2p73dko6kxgpou7oey7vqtmrhopjyqyd', 'Result': 'Success'}
{'Address': 'uhb2gkawseo74dzo', 'Result': 'Success'}
{'Address': 'creditvocefmyjhg', 'Result': 'Fail'}
{'Address': '3n3w4m56atug7osb', 'Result': 'Success'}
{'Address': 'zlzbebjogb5xcuv5', 'Result': 'Fail'}
{'Address': 'cashgodr53umth4z', 'Result': 'Fail'}
{'Address': 'hidden24vowyrcic', 'Result': 'Fail'}
{'Address': 'pislandp2ridcklw', 'Result': 'Fail'}
{'Address': 'ujnkg4uirpaiqejr', 'Result': 'Fail'}
{'Address': 'zocaloczzecchoaa', 'Result': 'Fail'}
{'Address': 'outfor6jwcztwbpd', 'Result': 'Fail'}
{'Address': 'leomarketjdridoo', 'Result': 'Fail'}
{'Address': '254iloft5cheh2y2', 'Result': 'Fail'}
{'Address': 'rusilkustvysnokg', 'Result': 'Fail'}
{'Address': 'greenroxwc5po3ab', 'Result': 'Fail'}
{'Address': 'cards5yvy44gucvo', 'Result': 'Success'}
{'Address': 'spr3udtjiegxevzt', 'Result': 'Fail'}
{'Address': 'hydraruzxpnew4af', 'Result': 'Success'}
{'Address': 'l33ter2w7q4bytfh', 'Result': 'Fail'}
{'Address': 'fdwmarkvokb5i7wh', 'Result': 'Fail'}
{'Address': 'traderouteilbgzt', 'Result': 'Fail'}
{'Address': 'rusilkusru6f57uw', 'Result': 'Fail'}
{'Address': 'ramp4qd6or3h364t', 'Result': 'Fail'}
{'Address': 'r3yuljaqrzc7nurq', 'Result': 'Fail'}
{'Address': 'abraxa4n3q5dnosi', 'Result': 'Fail'}
{'Address': 'tdetox4obdz62tri', 'Result': 'Fail'}
{'Address': 'oasisnvwltxvmqqz', 'Result': 'Fail'}
{'Address': 'cryptomktgxdn2zd', 'Result': 'Fail'}
{'Address': 'reloadxnkwi5nsbg', 'Result': 'Fail'}
{'Address': '25cs4ammearqrw4e', 'Result': 'Fail'}
{'Address': 'ebkjlvge7furmo6y', 'Result': 'Success'}
{'Address': 'midcity7ccxtrzhn', 'Result': 'Success'}
{'Address': 'trdealmgn4uvm42g', 'Result': 'Fail'}
{'Address': 'tordex7iie7z2wcg', 'Result': 'Success'}
{'Address': 'hss3uro2hsxfogfq', 'Result': 'Success'}
{'Address': 'grams7enufi7jmdl', 'Result': 'Fail'}
{'Address': 'msydqstlz2kzerdg', 'Result': 'Success'}
{'Address': '3g2upl4pq6kufc4m', 'Result': 'Success'}
{'Address': 'xmh57jrzrnw6insl', 'Result': 'Fail'}
{'Address': 'sinbad66644fr5lq', 'Result': 'Fail'}
{'Address': 'www.carontevaha5x626', 'Result': 'Fail'}
{'Address': 'dark23456yyx57ny', 'Result': 'Fail'}
{'Address': 'hdwikiueikaeviwk', 'Result': 'Success'}
{'Address': 'visitorfi5kl7q7i', 'Result': 'Success'}
{'Address': 'darkdirmpmoq3uur', 'Result': 'Fail'}
{'Address': 'torlinksccquz7bi', 'Result': 'Fail'}
{'Address': 'underdj5ziov3ic7', 'Result': 'Success'}
{'Address': 'linklistpugaiwpi', 'Result': 'Fail'}
{'Address': 'tt3j2x4k5ycaa5zt', 'Result': 'Fail'}
{'Address': 'directdal7bourmy', 'Result': 'Success'}
{'Address': 'linksvgkrmdzguvo', 'Result': 'Fail'}
{'Address': '5zf5yc2vwcnxgugv', 'Result': 'Fail'}
{'Address': 'befrpwfinqkww32q', 'Result': 'Fail'}
{'Address': '7cbqhjnlkivmigxf', 'Result': 'Fail'}
{'Address': 'torvps7kzis5ujfz', 'Result': 'Success'}
{'Address': 'n2ha26oplph454e6', 'Result': 'Fail'}
{'Address': '2222zui5d3psp4v5', 'Result': 'Fail'}
{'Address': 'prometh5th5t5rfd', 'Result': 'Fail'}
{'Address': 'hostiysldm5iocpp', 'Result': 'Fail'}
{'Address': 'vilasamxj3nyexl2', 'Result': 'Fail'}
{'Address': 'chchchiasaeljqgs', 'Result': 'Success'}
{'Address': 'bitservepd6bbxtq', 'Result': 'Fail'}
{'Address': 'torhost3p7quiikq', 'Result': 'Fail'}
{'Address': 'shv34p5cckiljkww', 'Result': 'Fail'}
{'Address': 'mwl3znktk7mqogdv', 'Result': 'Fail'}
{'Address': 'mgibojrlzdfoajbn', 'Result': 'Success'}
{'Address': 'm6ssh6ejcsppepa5', 'Result': 'Success'}
{'Address': 'protonirockerxow', 'Result': 'Success'}
{'Address': 'zrwxcayqc4jgggnm', 'Result': 'Fail'}
{'Address': 'ncikv3i4qfzwy2qy', 'Result': 'Fail'}
{'Address': 'ozon3kdtlr6gtzjn', 'Result': 'Success'}
{'Address': '344c6kbnjnljjzlz', 'Result': 'Fail'}
{'Address': 'cwu7eglxcabwttzf', 'Result': 'Success'}
{'Address': 'grrmailb3fxpjbwm', 'Result': 'Fail'}
{'Address': 'eozm6j6i4mmme2p5', 'Result': 'Fail'}
{'Address': 'sinbox4irsyaauzo', 'Result': 'Fail'}
{'Address': 'cockmailwwfvrtqj', 'Result': 'Success'}
{'Address': 'it.louhlbgyupgktsw7', 'Result': 'Success'}
{'Address': 'oxicsiwet42jw4h4', 'Result': 'Fail'}
{'Address': 'lelantoss7bcnwbv', 'Result': 'Fail'}
{'Address': 'vxx2tfzprjm56eka', 'Result': 'Success'}
{'Address': 'fuacantanj2vhfpw', 'Result': 'Fail'}
{'Address': 'ogn5vbujhrvbihko', 'Result': 'Fail'}
{'Address': 'chatlistea3zbsck', 'Result': 'Fail'}
{'Address': 'boytorqln5fxsokd', 'Result': 'Fail'}
{'Address': 'onionirczesfffux', 'Result': 'Fail'}
{'Address': 'r2j4xiyckibnyd45', 'Result': 'Fail'}
{'Address': 'tt3j2x4k5ycaa5zt', 'Result': 'Fail'}
{'Address': 'vola7ileiax4ueow', 'Result': 'Success'}
{'Address': 'mswmailgcjbye4sc', 'Result': 'Fail'}
{'Address': 'ypbnurlwfis7xsei', 'Result': 'Fail'}
{'Address': 'bestchatzinhe3vc', 'Result': 'Fail'}
{'Address': 'vlr2sz44rxf5wmuu', 'Result': 'Fail'}
{'Address': 'theboxmmvl6zg3wi', 'Result': 'Fail'}
{'Address': 'parazite.nn.fi/roguesci/', 'Result': 'Fail'}
{'Address': 'zw3crggtadila2sg', 'Result': 'Success'}
{'Address': 'anonymzn3twqpxq5', 'Result': 'Fail'}
{'Address': 'rhe4faeuhjs4ldc5', 'Result': 'Success'}
{'Address': 'z2hjm7uhwisw5jm5', 'Result': 'Fail'}
{'Address': 'support26v5pvkg6', 'Result': 'Fail'}
{'Address': 'suprbayoubiexnmp', 'Result': 'Success'}
{'Address': 'blue.thevendingmachine.pw/index.php', 'Result': 'Fail'}
{'Address': 'fbcy5ylyoeqzqzcr', 'Result': 'Fail'}
{'Address': 'realpissxny3hgyl', 'Result': 'Success'}
{'Address': 'zzq7gpluliw6iq7l', 'Result': 'Fail'}
{'Address': 'rutorzzmfflzllk5', 'Result': 'Success'}
{'Address': 'bm26rwk32m7u7rec', 'Result': 'Fail'}
{'Address': 'vrimutd6so6a565x', 'Result': 'Fail'}
{'Address': 'answerstedhctbek', 'Result': 'Success'}
{'Address': 'dnmavengeradt4vo', 'Result': 'Fail'}
{'Address': 'twittorxsun563wg', 'Result': 'Fail'}
{'Address': 'i2vzg7f44bj4l3r7', 'Result': 'Fail'}
{'Address': 'start.jungswtfwgjwile2', 'Result': 'Fail'}
{'Address': 'bfvfq7hjcdoinzo4', 'Result': 'Fail'}
{'Address': 'rfwtogljhrrzxyrl', 'Result': 'Fail'}
{'Address': 'wayawaytcl3k66fl', 'Result': 'Fail'}
{'Address': 'joincgmc55oplang', 'Result': 'Fail'}
{'Address': 'wpzvprpnhhcypnn4', 'Result': 'Fail'}
{'Address': 'arcadian4nxs3pjr', 'Result': 'Fail'}
{'Address': 'p22i3mcdceionj36', 'Result': 'Fail'}
{'Address': 'saefjmgij57x5gky', 'Result': 'Success'}
{'Address': 'krainkasnuawwxmu', 'Result': 'Fail'}
{'Address': 'ji7nj2et2kyrxpsh', 'Result': 'Fail'}
{'Address': 'easycoinsayj7p5l', 'Result': 'Success'}
{'Address': 'jzn5w5pac26sqef4', 'Result': 'Success'}
{'Address': 'y3fpieiezy2sin4a', 'Result': 'Success'}
{'Address': 'qkj4drtgvpm7eecl', 'Result': 'Success'}
{'Address': 'ow24et3tetp6tvmk', 'Result': 'Success'}
{'Address': 'apple5e3lqymppzp', 'Result': 'Success'}
{'Address': 'vp5rhkntohnccxea', 'Result': 'Fail'}
{'Address': 'goldbarshighky3v', 'Result': 'Fail'}
{'Address': 'transferiwon44pq', 'Result': 'Success'}
{'Address': '5xwgogyjnfcvrmvj', 'Result': 'Fail'}
{'Address': 'e7sin3urmxxcnu6a', 'Result': 'Fail'}
{'Address': 'vc3qj2iti5dkxryk', 'Result': 'Fail'}
{'Address': 'gc4youuhrzbp5rlm', 'Result': 'Success'}
{'Address': 'bjjkaebas6uywama', 'Result': 'Fail'}
{'Address': 'eqnbwy4b4k4lrlq5', 'Result': 'Success'}
{'Address': 'dollarsfn45wiq4f', 'Result': 'Fail'}
{'Address': '65px7xq64qrib2fx', 'Result': 'Fail'}
{'Address': 'usjudr3c6ez6tesi', 'Result': 'Success'}
{'Address': 'fwx2oxihh3yi5eyu', 'Result': 'Fail'}
{'Address': '4r23alxe7mwyqa4s', 'Result': 'Fail'}
{'Address': 'qwmcl3jqq6bclzto', 'Result': 'Fail'}
{'Address': 'paypalacfi5pv4t2', 'Result': 'Success'}
{'Address': 'omertavzkmsn6tp6', 'Result': 'Success'}
{'Address': 'agcardsxujh3vu5u', 'Result': 'Fail'}
{'Address': 'yuvox5mt6nulou72', 'Result': 'Fail'}
{'Address': 'buyccoq36hlj6etg', 'Result': 'Fail'}
{'Address': 'btcmixxihego4qyg', 'Result': 'Fail'}
{'Address': 'anonymizer5lg2fz', 'Result': 'Fail'}
{'Address': 'xqxf2ggcud2kntck', 'Result': 'Success'}
{'Address': 'p2wasopjcodzszfm', 'Result': 'Fail'}
{'Address': 'vendorcugc6oppvb', 'Result': 'Success'}
{'Address': 'fakebillkelmwaos', 'Result': 'Success'}
{'Address': 'acteam2nmbucjnht', 'Result': 'Success'}
{'Address': 'Fightckxiykml2xu', 'Result': 'Fail'}
{'Address': 'torcvvq44o7ofjuu', 'Result': 'Fail'}
{'Address': 'kplatypxb2aecznv', 'Result': 'Fail'}
{'Address': 'oq3y6kvdjmhcavto', 'Result': 'Success'}
{'Address': 'tknijuhhdg4476vl', 'Result': 'Fail'}
{'Address': 'ccghmfd2x74s7i22', 'Result': 'Fail'}
{'Address': 'uzpsnetq2lpx6pv6', 'Result': 'Fail'}
{'Address': 'o6klk2vxlpunyqt6', 'Result': 'Fail'}
{'Address': 'qputrq3ejx42btla', 'Result': 'Fail'}
{'Address': 'dreamrvfuqrpzn4q', 'Result': 'Fail'}
{'Address': 'prepaid3jdde64ro', 'Result': 'Fail'}
{'Address': 'ccxdnvotswsk2c3f', 'Result': 'Fail'}
{'Address': 'blackph5fuiz72bf', 'Result': 'Success'}
{'Address': 'bitcloak43blmhmn', 'Result': 'Fail'}
{'Address': 'penguinsmbshtgmf', 'Result': 'Success'}
{'Address': 'coinmixibh45abn7', 'Result': 'Fail'}
{'Address': 'bestshop3neaglxk', 'Result': 'Fail'}
{'Address': 'burgerfroz4jrjwt', 'Result': 'Fail'}
{'Address': '3tnqzaoam4g3v5sj', 'Result': 'Fail'}
{'Address': 'ozgyidpmrnvsyec5', 'Result': 'Fail'}
{'Address': 'ppextalynbst3xqm', 'Result': 'Success'}
{'Address': 'accountlwghunkeg', 'Result': 'Success'}
{'Address': 'tye72sog65g5ehlp', 'Result': 'Fail'}
{'Address': '5ifblitg2ywjjo2t', 'Result': 'Success'}
{'Address': 'sexdq7iwyb4u7ah4', 'Result': 'Fail'}
{'Address': 'yaleshopznl7dyus', 'Result': 'Success'}
{'Address': 'lxhbgl43362zhmoc', 'Result': 'Fail'}
{'Address': 'edsec5zn26zqjwry', 'Result': 'Fail'}
{'Address': 'of4fjg5hgleayzw3', 'Result': 'Fail'}
{'Address': 'arcbatjfohvf2ahk', 'Result': 'Success'}
{'Address': 'fbyr455vwvkpzp5k', 'Result': 'Success'}
{'Address': 'vaultu7dxw5bbg37', 'Result': 'Fail'}
{'Address': 'cleancondgqja34b', 'Result': 'Fail'}
{'Address': 'fxwyfqrcj67nxal3', 'Result': 'Success'}
{'Address': 'dtt6tdtgroj63iud', 'Result': 'Fail'}
{'Address': 'dtt6tdtgroj63iud', 'Result': 'Fail'}
{'Address': 'cmarketsiuhtiix5', 'Result': 'Success'}
{'Address': 'fakeidskhfik46ux', 'Result': 'Fail'}
{'Address': 'money2mxtcfcauot', 'Result': 'Fail'}
{'Address': 'teddanzignblrntr', 'Result': 'Fail'}
{'Address': 'cmarketsiuhtiix5', 'Result': 'Success'}
{'Address': 'mystorea4mbkgt76', 'Result': 'Success'}
{'Address': 'market7ow7cuw2hz', 'Result': 'Success'}
{'Address': 'chbetteratd6wskq', 'Result': 'Success'}
{'Address': 'rsprjqyxhf25l3qd', 'Result': 'Fail'}
{'Address': 'escrowq5tus5jpgw', 'Result': 'Fail'}
{'Address': 'devcenterds3qc5z', 'Result': 'Fail'}
{'Address': 'hiremew3tryzea3d', 'Result': 'Fail'}
{'Address': 'prodarktzz3lnwrr', 'Result': 'Fail'}
{'Address': 'safebtck4qejiero', 'Result': 'Success'}
{'Address': 'nojjxqzd6ofvkjss', 'Result': 'Fail'}
{'Address': 'artifaxdeep.torpress2sarn7xw', 'Result': 'Success'}
{'Address': 'radiocbsi2q27tob', 'Result': 'Success'}
{'Address': '663wbgqczxp445am', 'Result': 'Fail'}
{'Address': 'kurdox4tfzujxddq', 'Result': 'Fail'}
{'Address': 'w5ifkainqlgtvg7a', 'Result': 'Fail'}
{'Address': 'hlsf2cw74ydheg6f', 'Result': 'Success'}
{'Address': 'bettorzztykidrx2', 'Result': 'Success'}
{'Address': 'theches3nacocgsc', 'Result': 'Fail'}
{'Address': 'betcoinahk4j27yb', 'Result': 'Success'}
{'Address': '5p6dpc344vsbigv7', 'Result': 'Success'}
{'Address': 'rswwpapessp3xxpw', 'Result': 'Success'}
{'Address': 'hg5km4y37lgir6r3', 'Result': 'Fail'}
{'Address': 'sntfgwfami5fdbn5', 'Result': 'Success'}
{'Address': 'hideout6eiazeoyp', 'Result': 'Fail'}
{'Address': 'fixedlwgc3burzts', 'Result': 'Success'}
{'Address': 'wvxwdchqvprqfkl4', 'Result': 'Success'}
{'Address': 'torbet777o4era3q', 'Result': 'Fail'}
{'Address': '3r7ailix2glqhrwb', 'Result': 'Success'}
{'Address': 'hb6y4jt4pnfb52v6', 'Result': 'Fail'}
{'Address': 'casinou2gs2xlkfw', 'Result': 'Fail'}
{'Address': 'football4prz44rs', 'Result': 'Fail'}
{'Address': 'sblib3fk2gryb46d', 'Result': 'Success'}
{'Address': 'kpynyvym6xqi7wz2', 'Result': 'Fail'}
{'Address': 'wbyi72yt6gitdcqd', 'Result': 'Fail'}
{'Address': 'wtwfzc6ty2s6x4po', 'Result': 'Fail'}
{'Address': 'zmovietoropzaid3', 'Result': 'Fail'}
{'Address': 'd5eyi24facorsljv', 'Result': 'Fail'}
{'Address': 'www.solarmovie6rystf', 'Result': 'Fail'}
{'Address': 'hiotuxliwisbp6mi', 'Result': 'Fail'}
{'Address': 'dsenxis5txr4zbxe', 'Result': 'Success'}
{'Address': 'exoduockgfq3ikf7', 'Result': 'Fail'}
{'Address': 'atlas777hhh7mcs7', 'Result': 'Fail'}
{'Address': 'distropbucaekpgf', 'Result': 'Fail'}
{'Address': '54ogum7gwxhtgiya', 'Result': 'Fail'}
{'Address': 'ytutzbser3ons3kf', 'Result': 'Fail'}
{'Address': 'expressobutiolem', 'Result': 'Success'}
{'Address': 'mtcngenbbypcakoh', 'Result': 'Fail'}
{'Address': 'mggenoj6brpkt3je', 'Result': 'Fail'}
{'Address': 'i2vpnraen5bggqge', 'Result': 'Fail'}
{'Address': 'pfoxkj3p65uyc5pe', 'Result': 'Fail'}
{'Address': '6dvj6v5imhny3anf', 'Result': 'Fail'}
{'Address': '7kuslhhtlooylgu4', 'Result': 'Success'}
{'Address': 'encryptor3awk6px', 'Result': 'Fail'}
{'Address': 'hackerrljqhmq6jb', 'Result': 'Success'}
{'Address': 'hackcanl2o4lvmnv', 'Result': 'Fail'}
{'Address': 'xjj6wjpujmh4evkb', 'Result': 'Fail'}
{'Address': 'vb75uj2ap3hyyava', 'Result': 'Success'}
{'Address': 'hackarmgq2n2erux', 'Result': 'Fail'}
{'Address': 'fb5hkzag3r4w22u2', 'Result': 'Fail'}
{'Address': 'netflixxb32gnsvy', 'Result': 'Fail'}
{'Address': 'hackharhoaw3yk5q', 'Result': 'Fail'}
{'Address': 'haxedcwi5duu363s', 'Result': 'Fail'}
{'Address': 'drugszun7tvsgsaa', 'Result': 'Success'}
{'Address': 'sipherl2xokvirou', 'Result': 'Fail'}
{'Address': 'atlantispvza4ylp', 'Result': 'Fail'}
{'Address': 'edfbn5gfuaj2bc2w', 'Result': 'Success'}
{'Address': 'aeriszyr4wbpvuo2', 'Result': 'Fail'}
{'Address': 'pbzl5p2uyganwo3k', 'Result': 'Fail'}
{'Address': 'sdata7sidixxhxpb', 'Result': 'Fail'}
{'Address': '6f6ejaiiixypfqaf', 'Result': 'Success'}
{'Address': 'tordoxov3jitflky', 'Result': 'Fail'}
{'Address': 'oiiuv2gwl2jhvg3j', 'Result': 'Success'}
{'Address': 'dugonj4mglbrusq6', 'Result': 'Fail'}
{'Address': 'en35tfp3p3a4wqwb', 'Result': 'Fail'}
{'Address': 'doxtorg7natnwyz5', 'Result': 'Success'}
{'Address': 'agenttoe2dlvxdei', 'Result': 'Fail'}
{'Address': 'akvilonom27p5hvb', 'Result': 'Fail'}
{'Address': 'amazonfkuuy6g3ou', 'Result': 'Success'}
{'Address': '35flmpspwpnarbos', 'Result': 'Success'}
{'Address': 'ljekq2ejc62q76dy', 'Result': 'Fail'}
{'Address': 'etrrdbuorwng2hkw', 'Result': 'Success'}
{'Address': '2wkwv7m4hetvqo3d', 'Result': 'Success'}
{'Address': '2iec4gqs2n4pucl7', 'Result': 'Fail'}
{'Address': 'cardedlxzxsphu5y', 'Result': 'Fail'}
{'Address': 'mobileay2syyw6qf', 'Result': 'Success'}
{'Address': 'electrotev3tgo2p', 'Result': 'Success'}
{'Address': 'techshop255zo43b', 'Result': 'Fail'}
{'Address': 'amazonfkuuy6g3ou', 'Result': 'Success'}
{'Address': 'bitstorenctdwhmo', 'Result': 'Success'}
{'Address': 'cardtecdxboivkro', 'Result': 'Fail'}
{'Address': 'xym5qdjlqrpq2rj7', 'Result': 'Success'}
{'Address': 'torbrokerge7zxgq', 'Result': 'Fail'}
{'Address': 'fogcore5n3ov3tui', 'Result': 'Fail'}
{'Address': '2vx63nyktk4kxbxb', 'Result': 'Fail'}
{'Address': 'samsgdtwz6hvjyu4', 'Result': 'Fail'}
{'Address': 'qc7ilonwpv77qibm', 'Result': 'Fail'}
{'Address': '3dbr5t4pygahedms', 'Result': 'Success'}
{'Address': 'nr6juudpp4as4gjg', 'Result': 'Fail'}
{'Address': 'nr6juudpp4as4gjg', 'Result': 'Fail'}
{'Address': 'lw4ipk5choakk5ze', 'Result': 'Fail'}
{'Address': 'silkroadvb5piz3r', 'Result': 'Fail'}
{'Address': '3fyb44wdhnd2ghhl', 'Result': 'Fail'}
{'Address': 'zbnnr7qzaxlk5tms', 'Result': 'Fail'}
{'Address': 'lovezspamopfiqul', 'Result': 'Fail'}
{'Address': 'tqjhyhbso4mdcrvh', 'Result': 'Fail'}
{'Address': 'iqlnc7cbykhhurfo', 'Result': 'Fail'}
{'Address': 'oglbv4c4kpoobkid', 'Result': 'Fail'}
{'Address': 'bvunqhdbizqxyuoe', 'Result': 'Fail'}
{'Address': 'girlbmayme6evpwv', 'Result': 'Fail'}
{'Address': 'op4jvhn65pjv3slt', 'Result': 'Fail'}
{'Address': '7haz75ietrhjds3j', 'Result': 'Success'}
{'Address': 'spofoh4ucwlc7zr6', 'Result': 'Fail'}
{'Address': 'tqjhyhbso4mdcrvh', 'Result': 'Fail'}
{'Address': 'ftwwebt6e3nb3lmw', 'Result': 'Fail'}
{'Address': 'tlz3gig7k46s4r66', 'Result': 'Fail'}
{'Address': '66m4z7ygkqghb4tc', 'Result': 'Fail'}
{'Address': 'nare7pqnmnojs2pg', 'Result': 'Success'}
{'Address': 'slwc4j5wkn3yyo5j', 'Result': 'Success'}
{'Address': 'nql7pv7k32nnqor2', 'Result': 'Success'}
{'Address': 'upv3wvf6sikfiluy', 'Result': 'Fail'}
{'Address': 'hcutffpecnc44vef', 'Result': 'Success'}
{'Address': 'shadowrnzghb5zhb', 'Result': 'Fail'}
{'Address': 'sla2tcypjz774dno', 'Result': 'Fail'}
{'Address': 'ityukvsoqjgzcimm', 'Result': 'Fail'}
{'Address': 'vu2wohoog2bytxgr', 'Result': 'Fail'}
{'Address': 'jmkxdr4djc3cpsei', 'Result': 'Fail'}
{'Address': 'cardsunwqrzhg5cw', 'Result': 'Fail'}
{'Address': 'j5ehssrshpxpdkto', 'Result': 'Fail'}
{'Address': 'fbillsadwgbg2jxx', 'Result': 'Fail'}
{'Address': 'ppccpzam63drtosy', 'Result': 'Fail'}
{'Address': 'he22pncoselnm54h', 'Result': 'Success'}
{'Address': 'loobucks2fmgyivu', 'Result': 'Success'}
{'Address': '22escrowkxy56tvd', 'Result': 'Fail'}
{'Address': 'ppccpzam4nurujzv', 'Result': 'Success'}
{'Address': 'ppccpzamw4qb3yji', 'Result': 'Success'}
{'Address': '22227zvkbytnwlrt', 'Result': 'Fail'}
{'Address': 'acardsavkhwfreuq', 'Result': 'Success'}
{'Address': 'ccqvend6aq5wig35', 'Result': 'Success'}
{'Address': 'accsaphx55wcxaxd', 'Result': 'Success'}
{'Address': 'clonexp3j3qdjdvp', 'Result': 'Success'}
{'Address': 'alimic5a3ecaeywv', 'Result': 'Success'}
{'Address': 'allbtcsromt76qmg', 'Result': 'Success'}
{'Address': 'lq66xcrxnlqxjaot', 'Result': 'Fail'}
{'Address': 'alphac5biyz7adb4', 'Result': 'Success'}
{'Address': 'alphaca4pxfzfyvm', 'Result': 'Success'}
{'Address': 'alphaca4si7xnksc', 'Result': 'Success'}
{'Address': 'amazinvvte5xi2wq', 'Result': 'Fail'}
{'Address': 'phyqslpwbkodrwd7', 'Result': 'Fail'}
{'Address': '252tmoknarvaevjj', 'Result': 'Success'}
{'Address': 'ai6snpi55zufypi2', 'Result': 'Success'}
{'Address': 'amazonwvqw4bdr3o', 'Result': 'Fail'}
{'Address': 'buygc467q5ez2fg7', 'Result': 'Success'}
{'Address': 'nh5hqktdhe2gogsb', 'Result': 'Success'}
{'Address': 'amazonhh6bvisfdl', 'Result': 'Fail'}
{'Address': 'iphonegwasqieryi', 'Result': 'Success'}
{'Address': 'applexgrqv3ihh6f', 'Result': 'Fail'}
{'Address': 'h4y5xramfiooe3mz', 'Result': 'Success'}
{'Address': 'rjb2zyzskm7he5pd', 'Result': 'Success'}
{'Address': 'applekpoykqqdjo5', 'Result': 'Success'}
{'Address': 'applestor7qfi636', 'Result': 'Success'}
{'Address': 'applesf6emggp2pz', 'Result': 'Success'}
{'Address': 'armory34omvkkmgr', 'Result': 'Fail'}
{'Address': 'assassinuyy7h425', 'Result': 'Fail'}
{'Address': 'ausbulkdoxtv4tkt', 'Result': 'Fail'}
{'Address': 'g5b5erkjomqen6nm', 'Result': 'Success'}
{'Address': 'bankors4d5cdq2tq', 'Result': 'Fail'}
{'Address': 'bankors4spr7ohze', 'Result': 'Success'}
{'Address': 'bankrollc2qbvqn3', 'Result': 'Success'}
{'Address': '3gs7lq52ccbqvdu3kf7m7ilbasjqhsegmb2rnvu4zjfx7lf27oz7ytyd', 'Result': 'Success'}
{'Address': '4jcfkzkwbl6t3qq4', 'Result': 'Success'}
{'Address': 'darkrawbz4fkib2c', 'Result': 'Fail'}
{'Address': 'aannwx6fzpwniruq', 'Result': 'Success'}
{'Address': 'berlusconifsfwkp ', 'Result': 'Fail'}
{'Address': 'zsyvom262oiaoc6es7bgg66xieyil6nqkh7jn5ntraghpqgudbcl3vad', 'Result': 'Success'}
{'Address': 'bbbitgkcgods6tlt', 'Result': 'Fail'}
{'Address': 'bestcc5xpfjihry2nlc25pj5ujxzrezrjh4egzugvs3u2eopjk5u5zid', 'Result': 'Success'}
{'Address': 'bestshop5zc7t3mf', 'Result': 'Fail'}
{'Address': 'bidfxeulowylhsyp', 'Result': 'Fail'}
{'Address': '5xbpc5qu4jx4e2eo', 'Result': 'Fail'}
{'Address': 'jeuzg7g3xkslpf6k', 'Result': 'Success'}
{'Address': 'bitshopotisgandd', 'Result': 'Success'}
{'Address': 'jcjbfbbyqhwmjslo', 'Result': 'Fail'}
{'Address': 'm5dpljs3yu7dyw5uajko52dtywyt5nrhry4fgzzv7sv4y5jg7afam7ad', 'Result': 'Fail'}
{'Address': 'bitccmch47v3xypb', 'Result': 'Success'}
{'Address': 'oz2l3ihpg6j5vxkb', 'Result': 'Fail'}
{'Address': 'r5nwehhbbtp4rrg3', 'Result': 'Fail'}
{'Address': 'ubivqf757ysk53t7', 'Result': 'Fail'}
{'Address': '6q5mipksw3qe5cqxxfmjg2gorzwlctbbmdjiub2iwxiu6zxse5bwvaid', 'Result': 'Success'}
{'Address': 'bescrowwc3nlocsb', 'Result': 'Success'}
{'Address': 'escrow26gdxwbzjb', 'Result': 'Success'}
{'Address': 'escrow43eaperqie', 'Result': 'Fail'}
{'Address': 'vnidbxx3zaa2ksva', 'Result': 'Fail'}
{'Address': 'btcdepouvsdohehn', 'Result': 'Fail'}
{'Address': 'btcdepowt7qahs6z', 'Result': 'Fail'}
{'Address': 'sblqlbzrejulqzsi', 'Result': 'Fail'}
{'Address': 'sblqp5utjj3bu2ec', 'Result': 'Success'}
{'Address': 'btcmultiimolu2fo', 'Result': 'Success'}
{'Address': 'o5vuy75oxvwedczyqoappdlqxsuor7avb4gudhkhcvozkf3pv3o4rgqd', 'Result': 'Success'}
{'Address': 'fcq6zs5hhvbxdqb6', 'Result': 'Fail'}
{'Address': 'wc5ab2qgobwlb7mp54dbxkf2dvjstftj2b6uwfadvawng4liyiuiusad', 'Result': 'Fail'}
{'Address': '27xxs7k2fk3vog37vhd5lqdbhzcpyvjwcorlwphngxbtoexmxkxz46yd', 'Result': 'Fail'}
{'Address': 'bitpklnnrhhk2sso', 'Result': 'Fail'}
{'Address': '4jnwltgnjvb44xh4jzfqe2tlq37bkyknnnhpx4ia4yyz5qgbpamvntqd', 'Result': 'Fail'}
{'Address': 'bithacker7zikekg', 'Result': 'Fail'}
{'Address': 'mpm3oc6m2dy3jjho63syrjbdtyixwxgbwmsyc24r66uazgqhbz4y2nid', 'Result': 'Fail'}
{'Address': 'bmarketyyx64v54x', 'Result': 'Fail'}
{'Address': 'hpumcyqddysk54ejprdadm5hczqaeavqt6ygfnikcuwqa7u75z5vmtid', 'Result': 'Fail'}
{'Address': 'ps66utstlfojv3nv', 'Result': 'Fail'}
{'Address': 'blackccyuvti57v7', 'Result': 'Success'}
{'Address': 'zrsmecqukb7z4ow6', 'Result': 'Fail'}
{'Address': '4tvzeuakkunuvbmf', 'Result': 'Fail'}
{'Address': 'ub2fkkeeyl3jgwwz', 'Result': 'Success'}
{'Address': 'gsylm3z2kmbnedvu', 'Result': 'Fail'}
{'Address': 'breaklhutenqgpzc', 'Result': 'Fail'}
{'Address': 'btcsafefwiacwafb', 'Result': 'Success'}
{'Address': 'btcaiysn5azhuwi7', 'Result': 'Fail'}
{'Address': 'btcasiah5fa5mhkp', 'Result': 'Fail'}
{'Address': 'mattzm5pzbaesxlj', 'Result': 'Success'}
{'Address': 'bucepafkui6lyblt', 'Result': 'Success'}
{'Address': '2mbag6csiomy2e7l', 'Result': 'Fail'}
{'Address': 'ejcfqvftvxlyhrsloz4k2qqku2di2kvshl645o7jdoyv3co6fn6cxiyd', 'Result': 'Success'}
{'Address': '6bw7sxdi7gtdpnng', 'Result': 'Success'}
{'Address': 'bnrub6cwicyu7snv', 'Result': 'Success'}
{'Address': 'bnrusds5aw6b3iul', 'Result': 'Success'}
{'Address': 'p4o6v54dvdc6v5wo', 'Result': 'Success'}
{'Address': 'x2c6xvao4mafnioyh26mq7j5thb7jirw2pfteobt56jidndkuqxjkuyd', 'Result': 'Success'}
{'Address': 'mvmalrzuhmlznwookw7fg5he7ep6nhhcjof3o5vu7rtu4kzcq53lqwyd', 'Result': 'Success'}
{'Address': 'camorrau23edy436', 'Result': 'Fail'}
{'Address': 'cannazonceujdye3', 'Result': 'Success'}
{'Address': 'cannazondp5fciis', 'Result': 'Success'}
{'Address': 'cannazon4gbjluus', 'Result': 'Success'}
{'Address': 'prepaidojhtmroco', 'Result': 'Fail'}
{'Address': 'vgw2tqqp622wbtm7', 'Result': 'Fail'}
{'Address': 'lg7iwjj3ajzz2cmd', 'Result': 'Fail'}
{'Address': '4gj66ltkilkyutyw', 'Result': 'Success'}
{'Address': 'djx6idjhk5yumfn2', 'Result': 'Fail'}
{'Address': '2xdaeenpafva4adrhojz3ibj7uzpmfvzvv4drdkjxwwcqj3jt4dbfeid', 'Result': 'Success'}
{'Address': '6h6map4z5j2e7xxbokjzcav6susjpcmc32v72k2bki2wzwhqjxd5l2qd', 'Result': 'Success'}
{'Address': 'cardsa2u7pvmdamw', 'Result': 'Success'}
{'Address': 'cashcc2z43vh5xtj', 'Result': 'Success'}
{'Address': 'cashyjun2yp4tiub', 'Result': 'Success'}
{'Address': 'qeybpwjb7qn2ws2dein5zvsqgxral3shzsobgypzom4oihqfdlvl4uid', 'Result': 'Success'}
{'Address': 'wth474sv6ct4glwiowjipvr6ydeg6tbxlenxqibe5vno7ivmeqlumnid', 'Result': 'Success'}
{'Address': 'cashcowbaahb6ai4', 'Result': 'Success'}
{'Address': 'ihh6byubzfjqzrdo', 'Result': 'Success'}
{'Address': 'hcutfffg72zg5vqd', 'Result': 'Fail'}
{'Address': 'hcutffpxiq6zdpqm', 'Result': 'Fail'}
{'Address': 'cashbuckdz67mro2', 'Result': 'Success'}
{'Address': 'cash365ndbtwp7zn', 'Result': 'Success'}
{'Address': 'cashoutt3qd4t5bo', 'Result': 'Success'}
{'Address': 'ccmen5ivf6em3m3s', 'Result': 'Success'}
{'Address': 'gala5cdiuqxm5rws', 'Result': 'Fail'}
{'Address': 'galaxyaonv32reim', 'Result': 'Fail'}
{'Address': 'hyhe5conyt6u3vmg', 'Result': 'Fail'}
{'Address': 'cckingdomtmf7w7l', 'Result': 'Fail'}
{'Address': 'arq37mrqvn6hj553', 'Result': 'Success'}
{'Address': 'ccshopi6db65t6kj', 'Result': 'Success'}
{'Address': '3bdpfdq3xifys4vj', 'Result': 'Fail'}
{'Address': 'cvendorzr7w3gdtq', 'Result': 'Success'}
{'Address': 'cczoneccylieruyy', 'Result': 'Fail'}
{'Address': '3ksk72lnqnuogf32ptstwqv3djndtdizdoventuhukfnxovb6y6ohvyd', 'Result': 'Success'}
{'Address': 'ccpaxft3yl3k2oqy', 'Result': 'Fail'}
{'Address': 'ccaz3dzqrouqshop', 'Result': 'Success'}
{'Address': 'v4t3rb4gpei5vixb', 'Result': 'Success'}
{'Address': '22222222ss554wof', 'Result': 'Fail'}
{'Address': 'clonedusbmna6mmw', 'Result': 'Success'}
{'Address': 'c2qzddqjccyy4qem', 'Result': 'Success'}
{'Address': '3223onhiaeolkhbe', 'Result': 'Fail'}
{'Address': '3s7hfvharztoevy5zpbq6jk7rzvwvvviqz45v6cxq2kovq4yfxxq4sqd', 'Result': 'Fail'}
{'Address': '46e36bvia4zypgsad5em3wmxhhrpfx5hc5weeejccmdvxax63zdtglid', 'Result': 'Fail'}
{'Address': 'cccenterse4ofwp6', 'Result': 'Success'}
{'Address': '3ld7ttejt76spqxv', 'Result': 'Fail'}
{'Address': 'crimen6nxejwy2f2', 'Result': 'Fail'}
{'Address': 'cryptofpr4ysjeez', 'Result': 'Fail'}
{'Address': 'gnshpojuxrioibud', 'Result': 'Fail'}
{'Address': 'trnf7mcbf6ko6h6w', 'Result': 'Success'}
{'Address': 'z6ttukngw2hlok2u', 'Result': 'Success'}
{'Address': 'escrowytu7s7rlqn', 'Result': 'Success'}
{'Address': 'darkccyg2o57udrk', 'Result': 'Success'}
{'Address': 'rq7yhshqhwnxneh6cwzoz4yi52okdtmfmmwr7pfkt6nzkysurdyzj3ad', 'Result': 'Success'}
{'Address': 'darkmambazsmnkjo', 'Result': 'Fail'}
{'Address': 'dark2w4t34jlb5nt', 'Result': 'Fail'}
{'Address': 'darkf2d7zte4t7ys', 'Result': 'Fail'}
{'Address': 'dwlonion3o3pjqsl', 'Result': 'Success'}
{'Address': 'darkzonebry27nxa', 'Result': 'Success'}
{'Address': '7i42x3kjxjldvcqw', 'Result': 'Fail'}
{'Address': 'ib62tqf55t7f34ay7fhspcgk2a43pjkwquegwkhcewivratwg2oy3mad', 'Result': 'Success'}
{'Address': 'd5ubjv46kownm4jl', 'Result': 'Success'}
{'Address': 'darknet3ysxpbjtvbtyqorzuq3bp4pk3vt4fuhqxz6h2bzj2kyjbisqd', 'Result': 'Success'}
{'Address': 'darknet4rbfizlg53dwc5lt5hj4mewcgltubcpvrfpvjavm64inaf3ad', 'Result': 'Success'}
{'Address': 'nfs6e454oyvajfro', 'Result': 'Fail'}
{'Address': 'deepmarbaaaiwpph', 'Result': 'Fail'}
{'Address': 'deepmarbql25sagu', 'Result': 'Fail'}
{'Address': 'deepmart55jnyjvd', 'Result': 'Fail'}
{'Address': 'deepmarticgyp6if', 'Result': 'Fail'}
{'Address': 'deepmartmfvbijza', 'Result': 'Success'}
{'Address': 'deepmartrigqwenz', 'Result': 'Fail'}
{'Address': 'deepmartyqzffl5n', 'Result': 'Fail'}
{'Address': 'deepointokustfwk', 'Result': 'Fail'}
{'Address': 'card2v6wbr2cuyrh', 'Result': 'Fail'}
{'Address': 'cardccgwbm5xob4e', 'Result': 'Success'}
{'Address': 'dragon7yxroqvu6e', 'Result': 'Fail'}
{'Address': 'dragonccmlb5cd7w', 'Result': 'Success'}
{'Address': 'dreama72ki5iqtt7', 'Result': 'Fail'}
{'Address': 'dumpscciolcwmacb', 'Result': 'Fail'}
{'Address': 'o6maqsjp23l2i45w', 'Result': 'Success'}
{'Address': 'etronix47auvlmt7', 'Result': 'Success'}
{'Address': 'qdoqihbtet5jt5qx', 'Result': 'Success'}
{'Address': 'cenn5byalpdhx4c5mrs722tzttjkrkxzdpspri3y4fscv3lrqy6ob3yd', 'Result': 'Fail'}
{'Address': 'easycarv4hxwe4ex', 'Result': 'Success'}
{'Address': 'hlpg5p2rc3uou7wr', 'Result': 'Success'}
{'Address': 'j7cd2za5dxcw4uan', 'Result': 'Success'}
{'Address': 'xf3mt5ev4brqmfrh', 'Result': 'Success'}
{'Address': 'cr567grrbfpsyrz6', 'Result': 'Fail'}
{'Address': 'easyppslbft37xq7', 'Result': 'Success'}
{'Address': 'ecashpkvsc2qroz6', 'Result': 'Success'}
{'Address': 'oybigtz43h5mhflm', 'Result': 'Success'}
{'Address': 'whg2stauorc4wddb', 'Result': 'Success'}
{'Address': '7yrwexuvl2horzr2', 'Result': 'Fail'}
{'Address': 'id5fh5dfrdzrxkro', 'Result': 'Fail'}
{'Address': 'electronz2gpfyz5', 'Result': 'Success'}
{'Address': '3z3s2geeyuua4fkz', 'Result': 'Fail'}
{'Address': '6h7tvnj6puy2j2df', 'Result': 'Fail'}
{'Address': '6ngvt5ueyjyo62zx', 'Result': 'Fail'}
{'Address': '6orh2qhjalb7qdia', 'Result': 'Fail'}
{'Address': 'empiremktxgjovhm', 'Result': 'Fail'}
{'Address': 'rt442qos2h6nyflr', 'Result': 'Fail'}
{'Address': 'aestjoovxnehn5mlcnhvmyarl3oyozmqbxvmtppl65j67jazz5yu66qd', 'Result': 'Fail'}
{'Address': 'fastca3xrqeyxqwy', 'Result': 'Fail'}
{'Address': 'fastmsz4ldn4atcv', 'Result': 'Success'}
{'Address': 'moneyfa6bic6gmxd', 'Result': 'Fail'}
{'Address': 'phm5aaqlcglidb4a', 'Result': 'Success'}
{'Address': 'fasttruunhj4agjl', 'Result': 'Fail'}
{'Address': 'paypalp2l6xiemsy', 'Result': 'Fail'}
{'Address': '2ljfiwqcup2kc3u3', 'Result': 'Success'}
{'Address': '7hwy246m7zcujilc', 'Result': 'Success'}
{'Address': 'fastragkmpqsqbu7', 'Result': 'Success'}
{'Address': 'freedomlgomkelnr', 'Result': 'Fail'}
{'Address': 'financo6ytrzaoqg', 'Result': 'Fail'}
{'Address': 'money5cpbstvvf2b', 'Result': 'Fail'}
{'Address': 'freedomfdz7fghmw', 'Result': 'Fail'}
{'Address': 'e3bv6gcn3qjpg4kfi4qy3t7z3hzm2eoyv7o5lua2goaz6dv44f3yukyd', 'Result': 'Fail'}
{'Address': '3rmybxbtkb5txmqv', 'Result': 'Fail'}
{'Address': 'a534p6bdxbf2niq7', 'Result': 'Success'}
{'Address': 'sbxxtg7qehc6wvhl', 'Result': 'Success'}
{'Address': 'qr5rw75na7gipe62', 'Result': 'Success'}
{'Address': 'golddig65dfkenb4', 'Result': 'Success'}
{'Address': '2dnwnh5djmua3ji6ocfuetkgycuxrn77tc2lkvmjxuffn7vkxo7y4hid', 'Result': 'Success'}
{'Address': 'z7kd7qa7lndx67v5', 'Result': 'Fail'}
{'Address': 'abouc2ostnluxlrolrrwd2lhpglg2rzo5pdk52s7zmdo2hotxl46glyd', 'Result': 'Fail'}
{'Address': 'hacker5quf443wtg4n7hi6m3l4xpcyasknjvhhrb6pcbgakhu7bblhad', 'Result': 'Fail'}
{'Address': 'heineknunuziaaym', 'Result': 'Success'}
{'Address': 'ygqevii2umdcvk5z4k2pqxhpynpgix63dl5prcslz4gggph5ea63qrqd', 'Result': 'Fail'}
{'Address': 'o3fkhst6gymb6duo', 'Result': 'Success'}
{'Address': 'lox7ibfj7e3pw3c6', 'Result': 'Fail'}
{'Address': 'hidden24qtvlgaxp', 'Result': 'Success'}
{'Address': 'hidden24tha4plsx', 'Result': 'Fail'}
{'Address': 'hiddenmagmteisz2', 'Result': 'Fail'}
{'Address': 'hiddenmark43cbxd', 'Result': 'Fail'}
{'Address': 'dewzrshlaw7e2hev', 'Result': 'Fail'}
{'Address': 'idg2owpb7t3erlhz', 'Result': 'Success'}
{'Address': 'horizontjsecs65q', 'Result': 'Success'}
{'Address': 'hqcards3mrbxrfak', 'Result': 'Fail'}
{'Address': 'icarucz2c5b5m24oqip2wjx5qehxr5haecfmgjxxt2otg45tjhlwnrid', 'Result': 'Fail'}
{'Address': 'icaruhkb6sndpgz3dwibqserprytvhplize5bfznjyzu7p44xdgptvqd', 'Result': 'Fail'}
{'Address': 'icaruot57k4s2fgrm5tz4dflj4rigvyixny2wygrnermispvasf6icad', 'Result': 'Fail'}
{'Address': 'crspseme2b55ztlf7nqylxvunl6aqnu26pdurodltldjsekzbkrcsuad', 'Result': 'Fail'}
{'Address': 'zxjac423nl7gzabqpwtikyn4cgy7veflii6kmthqahofyzv5r7gswzqd', 'Result': 'Fail'}
{'Address': 'imperi2m2v2ebxey', 'Result': 'Success'}
{'Address': 'imperia6tjbaa2lt', 'Result': 'Fail'}
{'Address': 'imperialwqk43cjr', 'Result': 'Success'}
{'Address': 'imperiaydyec4b3v', 'Result': 'Success'}
{'Address': 'ksoteuqdvuzfwqbx', 'Result': 'Success'}
{'Address': 'ksotfkmgxgcoj4tp', 'Result': 'Fail'}
{'Address': 'ksotfkmquheukcgp', 'Result': 'Fail'}
{'Address': 'srwmltrmx5uy3j74adakpixaptlr2lie42cshrlglsyy2mml24hcs4id', 'Result': 'Success'}
{'Address': 'vlbvhf34jr442qgxvdnvqapomjgcsln5disix35ypv4eoy2grhistbad', 'Result': 'Fail'}
{'Address': 'vszdlycz34k7pqoqqt5iuzsv3swf6dlwss6c3hoefoe3ds7ejidaweqd', 'Result': 'Success'}
{'Address': 'pj3aoi7dzivfjbpe', 'Result': 'Success'}
{'Address': 'y55zbhan7hft2dqn', 'Result': 'Success'}
{'Address': 'wallstt2jjeucjvl', 'Result': 'Fail'}
{'Address': '6tbgusvuzwovvacr3ygn66flaekw5dyigi7fnelxdgdtwxib73gwjkqd', 'Result': 'Success'}
{'Address': 'wlriogia33mzs2kl', 'Result': 'Success'}
{'Address': 'instapayickpt3tu', 'Result': 'Success'}
{'Address': 'isto66yzdrjlvnig', 'Result': 'Fail'}
{'Address': 'jokerooxzda6ruf4', 'Result': 'Fail'}
{'Address': 'kingcwsaojzerru3', 'Result': 'Fail'}
{'Address': 'uddlxqhteqsujguz', 'Result': 'Success'}
{'Address': 'uddlxqmuijitkobv', 'Result': 'Success'}
{'Address': 'okjh4irka63gweyk2fjpciro7wvhfiujsst7fxopjielb7xzcaaomsyd', 'Result': 'Fail'}
{'Address': 'kryptocg6rptq3wd', 'Result': 'Fail'}
{'Address': 'platypusxchhwv6z', 'Result': 'Success'}
{'Address': 'fiw27htrk5av3bnhfjtl23dn62fa6e3rwlhtvkimthy46jbuxuy3jdyd', 'Result': 'Fail'}
{'Address': 'oldecr7kb3zho273rqeye6mwk4cwpl644s6cciiqk7zf7anpao2ntvyd', 'Result': 'Fail'}
{'Address': 'lmoney4rw45hrqfm', 'Result': 'Success'}
{'Address': 'sw3tjrchpyalngjbvc4azbuca3qlskl6ltvh764yxsp4hinph3qx4hqd', 'Result': 'Fail'}
{'Address': 'lordpg3nluytdenw', 'Result': 'Success'}
{'Address': 'lordpay3t52brqwf', 'Result': 'Success'}
{'Address': 'yzarbkzcvuigf53l', 'Result': 'Success'}
{'Address': 'yzarbkzcyzysxvdo', 'Result': 'Success'}
{'Address': 'hack5xpgngf2frll', 'Result': 'Fail'}
{'Address': 'fp5xenfx2tl4tw2h', 'Result': 'Success'}
{'Address': 'fp5xenfxy7o5a2vq', 'Result': 'Success'}
{'Address': 'vtobgcwj3wkoqkra', 'Result': 'Fail'}
{'Address': '54ce5x7l4m3t2spm', 'Result': 'Fail'}
{'Address': 'midnightkt43f3fk', 'Result': 'Success'}
{'Address': 'sk3w2x7g2gksovk6', 'Result': 'Fail'}
{'Address': 'y7ydzqnuob57waccahzsa4b2tnap5ynpz6kwsjbrpdixf5hva4rc73qd', 'Result': 'Fail'}
{'Address': 'tj2d2hizwtbialiv', 'Result': 'Success'}
{'Address': 'tj2djlce6qtevcai', 'Result': 'Fail'}
{'Address': 'millionrbg575x5d', 'Result': 'Fail'}
{'Address': 'tj2djlcpaj5yl6lo', 'Result': 'Success'}
{'Address': '4xvdmylw545kegoy', 'Result': 'Fail'}
{'Address': 'moneyhundy5im6qi', 'Result': 'Success'}
{'Address': 'u7grdclw44l44vyj', 'Result': 'Success'}
{'Address': 'mesc5wozvbdqbh2y', 'Result': 'Fail'}
{'Address': 'mescrowsi3yjswh2', 'Result': 'Success'}
{'Address': 'mescrowvbbfqihed', 'Result': 'Success'}
{'Address': 'mescrowy4dr6xqh5', 'Result': 'Fail'}
{'Address': 'mescynls2xqjqeoc', 'Result': 'Fail'}
{'Address': 'namastehtkkctyoa', 'Result': 'Fail'}
{'Address': 'netauth3qialu2ha', 'Result': 'Success'}
{'Address': 'netauth3iph4qwjd', 'Result': 'Success'}
{'Address': 'neweram2ko7qacon', 'Result': 'Fail'}
{'Address': 'zvvtba2a37mcydnntjkzy26lrv3y5elfyotr4glujkaaanyz5a4uerqd', 'Result': 'Success'}
{'Address': 'nightmareocykhgs', 'Result': 'Fail'}
{'Address': 'nobleco6f77cs2h6', 'Result': 'Fail'}
{'Address': '3bd7kkf7xm2fcthbm6ynqwg6i5crl46o4hfmllbgtkpwhlzkbdsju6id', 'Result': 'Success'}
{'Address': 'lrcnreaelox6ccu6qnr77jlz5vbsba2davmtncb6plpklkpgrlhx2sad', 'Result': 'Success'}
{'Address': 'qovaihss3wzf4zo2ns7tckvrm7cfkl5rfgbjmk6vim2a7eufvrlbqwyd', 'Result': 'Success'}
{'Address': 'vfh3tsbizlsirnxg73ebrf2fuuud62oben7rijm7kzhfg43de6ecoiyd', 'Result': 'Success'}
{'Address': 'okcardoofkl7l7ns', 'Result': 'Success'}
{'Address': 'k3cfwijdmktax7dq657kh7mu36xndqgih3d4fzxlhqtxuwy6a4uh3uqd', 'Result': 'Fail'}
{'Address': 'bankcrpbhxfnmmd6', 'Result': 'Fail'}
{'Address': '4r4zaei5qa7qq5ha', 'Result': 'Success'}
{'Address': 'opiatelimlidwmow', 'Result': 'Fail'}
{'Address': 'pzog5c75czwr7pehzgzcfq26geymqqwqmlh5wqhcawf42h4ac2qjrpid', 'Result': 'Success'}
{'Address': 'paypal6qqdpo2jhc', 'Result': 'Fail'}
{'Address': 'paypaltfkmgp5v4c', 'Result': 'Success'}
{'Address': '22ppp3cboaonwjwl', 'Result': 'Success'}
{'Address': 'tmhbdsndtaseb6xdhvgetuuera6hfvozqmnlfyy37lfib2k53wql7iad', 'Result': 'Fail'}
{'Address': 'uq2uolhmkpbfl4yc', 'Result': 'Success'}
{'Address': '5c5b4vuillc72gzy', 'Result': 'Fail'}
{'Address': 'plasticzxmw4gepd', 'Result': 'Success'}
{'Address': 'sharkjo6ramnxc6s', 'Result': 'Fail'}
{'Address': 'nu5grt6sxtkep757', 'Result': 'Success'}
{'Address': 'emufy7tn3dhg45wp', 'Result': 'Fail'}
{'Address': 'hbl6udan73w7qbjdey6chsu5gq5ehrfqbb73jq726kj3khnev2yarlid', 'Result': 'Success'}
{'Address': 'premiumd7ww5c43q', 'Result': 'Success'}
{'Address': 'premiumruzgaamwt', 'Result': 'Fail'}
{'Address': 'debitcards.torpress2sarn7xw', 'Result': 'Success'}
{'Address': 'iqpoaloqyiocskovifuviutyazytde4a7j65b5nn6dawtebvke2nkyid', 'Result': 'Success'}
{'Address': 'cardp2rckmuocccy', 'Result': 'Success'}
{'Address': 'precardsn7zl3n6x', 'Result': 'Fail'}
{'Address': '7g6osvevkboz5ce3ytn42tefk2bzrzp53ugqapdrzwcjhuxfv6yup7yd', 'Result': 'Fail'}
{'Address': '2krvzozptjnzhioa', 'Result': 'Success'}
{'Address': 'mc5qpimdpfp7pnwc', 'Result': 'Success'}
{'Address': 'queencdcguevwedi', 'Result': 'Success'}
{'Address': 'raptortiabg7uyez', 'Result': 'Success'}
{'Address': 'rocksolidyyacwsa', 'Result': 'Fail'}
{'Address': 'rocksolyis6cxkyy', 'Result': 'Fail'}
{'Address': 'rsescrow5zcepqjh', 'Result': 'Success'}
{'Address': 'rsescrowtybxf43d', 'Result': 'Success'}
{'Address': '7b4vsorl3pjq5f4fqy2dmsqlbgqy7gbgb7wvnggjfpcudmbh4hhkawad', 'Result': 'Fail'}
{'Address': 'mzeh627q7bmzsoxozampnsstkfnby2zvm3y73qcsy43n3eaveehqjoyd', 'Result': 'Success'}
{'Address': 'yip2pklv6nivtzrq', 'Result': 'Success'}
{'Address': 'escrow5go6vopjjg', 'Result': 'Success'}
{'Address': '52jiu6jc6isptocs', 'Result': 'Fail'}
{'Address': '6qkockkyu3ln3twr', 'Result': 'Fail'}
{'Address': 'bitpw7stentgch5y', 'Result': 'Success'}
{'Address': 'ohift5o756azx327ihkkytajdixynoibwj47sfebkral47uttffl7nyd', 'Result': 'Fail'}
{'Address': 'safepayt2nt56gy4', 'Result': 'Success'}
{'Address': 'safepayab3enffl2', 'Result': 'Fail'}
{'Address': 'safepayren6pt7fj', 'Result': 'Fail'}
{'Address': '2uyiwmcn4wudbzcj', 'Result': 'Success'}
{'Address': 'apmqltpmgmpqwqwt', 'Result': 'Success'}
{'Address': 'mjturxqbtbncbv6i', 'Result': 'Success'}
{'Address': 'tm47kmrvlxuibig7', 'Result': 'Fail'}
{'Address': 'k2zlsfxhtaabnuutevjyu4yhjxsdvijhz7wzj7mc3p4iveqzqvfennad', 'Result': 'Fail'}
{'Address': 'oqrz7kprdoxd7734', 'Result': 'Fail'}
{'Address': '4u7aueoex3gv2ybl', 'Result': 'Fail'}
{'Address': 'm3tk4mcgturz64i7', 'Result': 'Fail'}
{'Address': 'h7hsn3g7ebub3opewsxtcjfsstyy3s4kvtphxwmv5lvwq5lrtazit2yd', 'Result': 'Success'}
{'Address': 'shieldvmdnxr4w4z', 'Result': 'Success'}
{'Address': 'ab2moc6ot2wkvua7', 'Result': 'Success'}
{'Address': 'cardshopffielsxi', 'Result': 'Success'}
{'Address': 'ccshopxmco5u7j5x', 'Result': 'Fail'}
{'Address': 'fmp2arn5ftrxzoba', 'Result': 'Fail'}
{'Address': 'jwvyciheor2abnjn', 'Result': 'Success'}
{'Address': 'nkq6572rde7s73pemuo6fxz3elcu5xczfin3qy3eo36apakrqbevzdid', 'Result': 'Success'}
{'Address': 'qnqvvud2rkwo6zyk', 'Result': 'Success'}
{'Address': 'shopcardphj4zjsx', 'Result': 'Success'}
{'Address': 'wizbyu3pkptftdfzrid7oxojfw7efz6kss7cu433yr7qcefmolk2xuid', 'Result': 'Success'}
{'Address': 'r4zbmobyalfzfejwxu2633qfr6nx62khkdznqwlpc5ozkhadxpe5edqd', 'Result': 'Fail'}
{'Address': 'escrow5jkmjpxprw', 'Result': 'Fail'}
{'Address': 'escrown4d564qtgz', 'Result': 'Fail'}
{'Address': 'silkroadkaxmspva', 'Result': 'Success'}
{'Address': 'silkroadxjzvoyxh', 'Result': 'Success'}
{'Address': 'enxlsmjhbv2wn67j', 'Result': 'Fail'}
{'Address': '3xyzrjb72jzmshoq', 'Result': 'Success'}
{'Address': 'e64qidckaxijfm6l', 'Result': 'Fail'}
{'Address': '7tllqrhac6nugool', 'Result': 'Success'}
{'Address': 'snovzruogrfrh252', 'Result': 'Success'}
{'Address': 'stacaqpfbfiz54sq', 'Result': 'Success'}
{'Address': 'stacaqsyrzfg4jos', 'Result': 'Success'}
{'Address': 'stacithgj4xrdolk', 'Result': 'Success'}
{'Address': 'stacixwftmr27igr', 'Result': 'Success'}
{'Address': 'stacnb5bmdtzysww', 'Result': 'Success'}
{'Address': 'staco3a37yho7sox', 'Result': 'Success'}
{'Address': 'stacps5rb3dwzmju', 'Result': 'Success'}
{'Address': 'stacvvulbayktqlf', 'Result': 'Success'}
{'Address': 'stacwitkktemyvgs', 'Result': 'Success'}
{'Address': '6qdvcew6jhxifqge', 'Result': 'Fail'}
{'Address': 'storbd344ybzvb62', 'Result': 'Fail'}
{'Address': 'caworldwyrxypvqm', 'Result': 'Fail'}
{'Address': 'darkoddrkj3gqz7ke7nyjfkh7o72hlvr44uz5zl2xrapna4tribuorqd', 'Result': 'Success'}
{'Address': '6thhimkhby4az3vz', 'Result': 'Success'}
{'Address': '3twqowj7hetz3dwf', 'Result': 'Fail'}
{'Address': 'd6icqld2aunwupgp', 'Result': 'Fail'}
{'Address': 'tenebra5nlfxplf5', 'Result': 'Success'}
{'Address': 'vzmvmmaldx3h7vx6', 'Result': 'Fail'}
{'Address': 'thebank33vuixg66', 'Result': 'Fail'}
{'Address': 'blkmobbzqjhpn232', 'Result': 'Success'}
{'Address': 'brohoodahjzxriv7', 'Result': 'Success'}
{'Address': '6lczfj6jasxcoztq', 'Result': 'Success'}
{'Address': 'lockerpwpshriwam', 'Result': 'Fail'}
{'Address': 'ndntmfusjmj6tkpl', 'Result': 'Success'}
{'Address': '2oywvwmtzdelmiei', 'Result': 'Success'}
{'Address': 'kznam6basvxxdcpf', 'Result': 'Success'}
{'Address': 'p6afzcaghpulzr5r', 'Result': 'Success'}
{'Address': 'talismanrestz7mr', 'Result': 'Success'}
{'Address': 'middle2d7bkn7mdy', 'Result': 'Success'}
{'Address': 'ppcentrend4erspk', 'Result': 'Success'}
{'Address': 'ppcentznbskgodcp', 'Result': 'Fail'}
{'Address': 'gknnzlj42iqsd3jbqkae7ss3o3r4hq5opwd5hxyfa5dtonurhrpinpid', 'Result': 'Fail'}
{'Address': 'utessqyro4zhrdip5fz6rbyfzl3qu7ct2ushs7dceauqd6hiu53a5zyd', 'Result': 'Fail'}
{'Address': 'pointgg344ghbo2s', 'Result': 'Fail'}
{'Address': 'xki4jbhk64b2efkn', 'Result': 'Success'}
{'Address': 'aurora7t7en7racqbytspft6myxds25hnczjk56tvqev2bziir74t4yd', 'Result': 'Fail'}
{'Address': '45l7ejfvg6tocxjg', 'Result': 'Fail'}
{'Address': 'sf6pmq4fur5c22hu', 'Result': 'Success'}
{'Address': 'vgnuhmuj6aex2ycc', 'Result': 'Success'}
{'Address': 'torccwpcp6nzhlfs', 'Result': 'Success'}
{'Address': 'torccwpubh5t7fqp', 'Result': 'Fail'}
{'Address': 'torlinkswwqg3lwt', 'Result': 'Success'}
{'Address': 'rap7gypjs4v6a7ax', 'Result': 'Success'}
{'Address': 'stopscamzn7nqag6', 'Result': 'Success'}
{'Address': 'w7syjbv4tqzudakassr6yzuxsmtdovihlwedwzvz4x7a7tzpjgtoqjqd', 'Result': 'Fail'}
{'Address': 'trstxp6ljtdyy275', 'Result': 'Fail'}
{'Address': 'aqdkw4qjwponmlt3', 'Result': 'Success'}
{'Address': 'ioqkxhnm3uivbtth', 'Result': 'Fail'}
{'Address': 'naelaxaopk2vnivj', 'Result': 'Fail'}
{'Address': 'toringei5vt4sfk7', 'Result': 'Success'}
{'Address': 'markethh52nfbvxy', 'Result': 'Fail'}
{'Address': 'xfbkibtiuskifrkv', 'Result': 'Fail'}
{'Address': 'uujpz6aszhnrxyix', 'Result': 'Success'}
{'Address': 'travelziverr35bk', 'Result': 'Fail'}
{'Address': 'wp6pqfeoyq3znslr', 'Result': 'Fail'}
{'Address': 'owsb6hydgnalalht', 'Result': 'Fail'}
{'Address': 'pcxpayc44a57kfo7', 'Result': 'Success'}
{'Address': 'sgjfdl42o6565wli', 'Result': 'Success'}
{'Address': 'gunshopzpqbe4kgl', 'Result': 'Success'}
{'Address': '2hftxvyft7dl3fk2', 'Result': 'Success'}
{'Address': 'ugtech3haoipeh3s', 'Result': 'Success'}
{'Address': 'world6zlyzbs6yol36h6wjdzxddsnos3b4rakizkm3q75dwkiujyauid', 'Result': 'Success'}
{'Address': 'worldgyonnnlgg332jwgjxvj2dojerz2hh65ce44h56howcfmpehupad', 'Result': 'Success'}
{'Address': 'mgybzfrldjn5drzv537skh7kgwgbq45dwha67r4elda4vl7m6qul5xqd', 'Result': 'Success'}
{'Address': 'ugtech6yot3p5n3u', 'Result': 'Success'}
{'Address': 'ugtechlr4a6x5eab', 'Result': 'Success'}
{'Address': '2tq6nz2a3ijn4yhh', 'Result': 'Success'}
{'Address': 'gdaqpaukrkqwjop6', 'Result': 'Success'}
{'Address': 'statv2gccyh7roto', 'Result': 'Fail'}
{'Address': 'undrol7rt4yu5zzd', 'Result': 'Fail'}
{'Address': 'jxotugbval26qqlv', 'Result': 'Success'}
{'Address': 'z57whuq7jaqgmh6d', 'Result': 'Success'}
{'Address': '2vxi4nmjcn6mdb2x', 'Result': 'Success'}
{'Address': 'vendor5in7aid2nb', 'Result': 'Fail'}
{'Address': 'vend2qz3bva3jhol', 'Result': 'Success'}
{'Address': '2pneiouz2aj27kjs', 'Result': 'Fail'}
{'Address': 'buyccvhbq25t5l3y', 'Result': 'Fail'}
{'Address': '3vfws2yqv4wii54e', 'Result': 'Fail'}
{'Address': 'waltcard74gwxkwj', 'Result': 'Fail'}
{'Address': 'cdwq56m2lo4eilv6khjyjr6x6ym436c3gfq2hjp3wstdezbpusb5h2qd', 'Result': 'Fail'}
{'Address': '77o4j55bt7e53jrso2nuaumj24cory5weaqv7zypbptkxhdfgaxgfvyd', 'Result': 'Fail'}
{'Address': 'weedu6vbqo45xrjt', 'Result': 'Fail'}
{'Address': 'weedway2vlaj37gy', 'Result': 'Fail'}
{'Address': 'nlsx24j23uyyqct7', 'Result': 'Fail'}
{'Address': 'v4t3ogtrdoe6ozkn', 'Result': 'Success'}
{'Address': 'nu25zvegynpgpgbywuudtov7g37h2jsxfa2avz5dyqx32kmqzsp2qjyd', 'Result': 'Fail'}
{'Address': 'westernu7e5v6qez', 'Result': 'Fail'}
{'Address': '7yipwxdv5cfdjfpjztiz7sv2jlzzjuepmxy4mtlvuaojejwhg3zhliqd', 'Result': 'Success'}
{'Address': 'auzbdiguv5qtp37xoma3n4xfch62duxtdiu4cfrrwbxgckipd4aktxid', 'Result': 'Fail'}
{'Address': 'cieprrpdgp7moka2ktlwy54ooymtgsre23enrf4dfzssap74zz45f6id', 'Result': 'Fail'}
{'Address': 'rkaq3ccrkrpdmqnb652svp7hgdiczmcaza2pcdlxhqh5wnqrc6nw5bid', 'Result': 'Success'}
{'Address': 'zefmozbmelwjc4elhoim2q3t3y4z3yoodczvqagtquvwzhx763f4jtyd', 'Result': 'Fail'}
{'Address': 'xhackergnluw32xz', 'Result': 'Success'}
{'Address': 'ck73ugjvx5a4wkhsmrfvwhlrq7evceovbsb7tvaxilpahybdokbyqcqd', 'Result': 'Fail'}
{'Address': 'zenithccalwhzy26', 'Result': 'Success'}
{'Address': 'hp4eyjkslfxsleb', 'Result': 'Fail'}
{'Address': '2222222mm67h6ypm', 'Result': 'Fail'}
{'Address': 'psoqbrtodbnwilazrhgxjveuiaepbv5a3mpzvcnyitwvyqaea3xpxbqd', 'Result': 'Success'}
{'Address': 'bmguns7xglvmnlnz5nd543dczp3fnsfd6jecwpjomvhov4dn4ikxmqyd', 'Result': 'Fail'}
{'Address': 'sbnwvnbnuba5iulq', 'Result': 'Fail'}
{'Address': 'wtlaunepximi4hm6', 'Result': 'Fail'}
{'Address': 'r6tjoprilfjjuegz', 'Result': 'Fail'}
{'Address': 'domnc62pkrsrs3kh', 'Result': 'Fail'}
{'Address': 'plnly4bmwl7ya5sb', 'Result': 'Fail'}
{'Address': 'eurogdhw5fxe2xjb', 'Result': 'Success'}
{'Address': 'dwforumsmrcqdnt3', 'Result': 'Success'}
{'Address': 'jguhoxvxp3x6ndre', 'Result': 'Success'}
{'Address': '2y3kpqcdwhwemfoc', 'Result': 'Success'}
{'Address': '5ahbnmzacaqgxlxby3o7yq7atgmknl7cyyufrqxat7t56znu5oc5r2ad', 'Result': 'Fail'}
{'Address': 'v32ooxgjqpd3dkyegzedqp2unvktp4gjizvxk3hvmtlskx6qpzmuxtyd', 'Result': 'Fail'}
{'Address': 'cajkpm3e4votpw7m5hakzayi3ljbbttupypawu7x6nubsdf6kxxz5aid', 'Result': 'Fail'}
{'Address': 'ao6w5olyi7aekngdtfxc7vv5yojguncc43feyy2ig4mc676ucnd2fuad', 'Result': 'Fail'}
{'Address': 'wkgkfzavkgysnjbyyk5qiok55qvce3ptauvdga64nhnihctgvxtxp6yd', 'Result': 'Fail'}
{'Address': 'qplpabcrdkiu4grhbfdn6ls625jcbft6mg5j7xymizxwy2cxp2roiyyd', 'Result': 'Fail'}
{'Address': 'deepthovyvroxkdx', 'Result': 'Fail'}
{'Address': 'deepmehruhlkmelzffkpcxathectjtnanzkgk7xw7ibuj6qieubpecqd', 'Result': 'Success'}
{'Address': 'deepmartk7oqun66', 'Result': 'Success'}
{'Address': 'hiddenzqkqhnyh32', 'Result': 'Fail'}
{'Address': 'hiddenywc3g77cj6jkj5mrgekpwujdacxm7bkl3juay24ink7ryp5zqd', 'Result': 'Success'}
{'Address': 'hiddencrztrqz2h6bjito56pzdamwvhwssnhhghfvumfebuk5aejtlad', 'Result': 'Success'}
{'Address': 'hiddenuip5qlthdkbeqrpcfja4k5qr5urordvm4sm3gnz6wcy7yo5qqd', 'Result': 'Success'}
{'Address': 'hiddeum4hanoc3exzxiyalsqgtonp5m42xnkc5z4bhcidbuzar5pgpqd', 'Result': 'Fail'}
{'Address': 'hiddequjgth4tjaboixv6a6gpqzeuxlvtxb5iv2n52wl32rfg72xhnid', 'Result': 'Fail'}
{'Address': 'hiddeyzlx4z6puynhuzmn2gttws6o5hszokfv47d7umcqzswsxxsd6yd', 'Result': 'Fail'}
{'Address': 'hiddekkpmoicsnyr3rymstv6wn6n354wzahiexfs4xa6wtgrzjstigid', 'Result': 'Fail'}
{'Address': 'puyr3jb76flvqemhkllg5bttt2dmiaexs3ggmfpyewc44vt5265uuaad', 'Result': 'Success'}
{'Address': 'tbaown3pd2sfidwx', 'Result': 'Success'}
{'Address': 'deepdothh3xqavqx', 'Result': 'Success'}
{'Address': 'marketcw5xxbhvho', 'Result': 'Fail'}
{'Address': 'secrn2yymnducpam', 'Result': 'Success'}
{'Address': 'dwforumsq3y5efpx', 'Result': 'Fail'}
{'Address': 'aoh5yljyr2gawvz6isodr3yp4wfb5ghml4bunjymys24vzxqqw6qhayd', 'Result': 'Success'}
{'Address': '2a2a2abbjsjcjwfuozip6idfxsxyowoi3ajqyehqzfqyxezhacur7oyd', 'Result': 'Success'}
{'Address': 'onionnpmvq3zw7yb', 'Result': 'Fail'}
{'Address': 'agorame6lasxp4y3', 'Result': 'Fail'}
{'Address': 'fwrgiihsuqivvykxpottouraa54yhgtbvyqco3gww4e6mjatnm43ozad', 'Result': 'Fail'}
{'Address': '636ejdq25ijtcmka', 'Result': 'Fail'}
{'Address': 'premmrkt5cp4pqfw', 'Result': 'Success'}
{'Address': 'torbuyxpe6auueywlctu4wz6ur3o5n2meybt6tyi4rmeudtjsysayqyd', 'Result': 'Success'}
{'Address': 'dpnm2faxtid6khol6p6q3idwe5bp6vlroslj6ob7hrbeidw63bhzvcid', 'Result': 'Success'}
{'Address': 'nu2smdn2swrkc6gvaambuqjgosg4ojpth7ejsghcx7tgraj7ymhkuqid', 'Result': 'Fail'}
{'Address': 'mbperdzvbx7wjd3k', 'Result': 'Fail'}
{'Address': 'oliverpw6z4bjept', 'Result': 'Success'}
{'Address': 'nqxen2zn2uzn6rem', 'Result': 'Fail'}
{'Address': 'dwayoz4ucb4nszmi', 'Result': 'Success'}
{'Address': 'coronaztfqhclrev', 'Result': 'Fail'}
{'Address': 'lzogc3coyafxtfir3u6w7cms6t3zgyldgvwtw7lmq6e5pdfy5vqu57id', 'Result': 'Success'}
{'Address': 'blackmwgzu2amw5b', 'Result': 'Fail'}
{'Address': 'blackmazzm6g7kiok4a7tdkhnwik5w3dxynl22po3ih2rp6zwolgfmad', 'Result': 'Success'}
{'Address': 'bx2mmvpb2x5kdz3k', 'Result': 'Fail'}
{'Address': 'webaqp4igb7miec7', 'Result': 'Success'}
{'Address': 'grbeanpeldeurpda', 'Result': 'Fail'}
{'Address': 'cardedw7qqbxdmchpvrov6oc3gc7h2l5bfyrwfatbhppf72ljcqwwfqd', 'Result': 'Fail'}
{'Address': 'covid35fc774e3y2hapsm2z4cez22uz52fk5fynbsusg5yzj7xb676qd', 'Result': 'Success'}
{'Address': 'ly75dbzixy7hlp663j32xo4dtoiikm6bxb53jvivqkpo6jwppptx3sad', 'Result': 'Success'}
{'Address': 'dll3hoygmwndfp23bamjlwx2uchlmyxsaf277zdall5r3lozo63onkyd', 'Result': 'Fail'}
{'Address': 'kdl5yrtruvtlt2rzudgnlizhmxmwmc7zxd3untziq64vhibprt4iwtad', 'Result': 'Fail'}
{'Address': 'nhh3bw34bhdyo336go2vzmxhn7ozbnqdhst2koq6sh7cfx2zo5746bad', 'Result': 'Fail'}
{'Address': 'oscarz6xl57jc4ae', 'Result': 'Success'}
{'Address': 'shahz6vf4dqp7dfk', 'Result': 'Success'}
{'Address': 'gldtorbq2aacgmi6', 'Result': 'Fail'}
{'Address': 'bananavvz3rjchih', 'Result': 'Success'}
{'Address': 'kcn476k7jxzcbkobgb2xjfospodpwnjrpqailjjqg4q2uq5juiiwy5id', 'Result': 'Success'}
{'Address': 'tj2dl4f4piiyke4i', 'Result': 'Success'}
{'Address': 'freedomd2rm7quv5josvsx2kgd4guj6uboqeqs7pmlsmfiuxn5klt4ad', 'Result': 'Success'}
{'Address': 'plastic4xuqjt52uwbmxsbyrwor3garq4t5kvpes4i6hfmfyufkf54qd', 'Result': 'Success'}
{'Address': 'h7hsn3g7ebub3opewsxtcjfsstyy3s4kvtphxwmv5lvwq5lrtazit2y', 'Result': 'Fail'}
{'Address': 'cchackeryteydyp4', 'Result': 'Success'}
{'Address': 'moneyrnie2tnmpvb', 'Result': 'Fail'}
{'Address': 'wxk3bssrxkm5r5im', 'Result': 'Fail'}
{'Address': 'camhgyql7jdf3ub4uwlagfqi4woj7unvnq3d53lp6j4smvyflnrpvnid', 'Result': 'Fail'}
{'Address': 'pchcardahvctcgnn', 'Result': 'Fail'}
{'Address': 'paypal46zyr2uqpn', 'Result': 'Success'}
{'Address': 'wdtdhq4x2txvvqby', 'Result': 'Success'}
{'Address': 'vziysgvpa4zynn3g', 'Result': 'Fail'}
{'Address': 'kbzo63kbtdp35cgf', 'Result': 'Success'}
{'Address': 'lmoneyabs5r3o6i2', 'Result': 'Success'}
{'Address': 'pm7yitqfp2xzk6cs', 'Result': 'Success'}
{'Address': 'lmoney4vkif72ipi', 'Result': 'Success'}
{'Address': '4nolzswd7i34f7yc', 'Result': 'Success'}
{'Address': 'ninja623l33nwxfu', 'Result': 'Success'}
{'Address': 'vh4rsfok2houie2o', 'Result': 'Success'}
{'Address': 'ccfreshobyk4cymx', 'Result': 'Success'}
{'Address': '2wqdvbm5cpgbtcrdyq6fjdnsgj6ymk3rotxyb56bera5zicjlahiisid', 'Result': 'Fail'}
{'Address': 'ppxtw5efhi2ulg34', 'Result': 'Fail'}
{'Address': 'ewshqdhyjkc2enpt', 'Result': 'Fail'}
{'Address': 'agc3x6jxnhv5f6i3', 'Result': 'Success'}
{'Address': 'bitccsaxbrxb6iiv', 'Result': 'Fail'}
{'Address': 'btc5kkiuuaq2cfn5', 'Result': 'Fail'}
{'Address': 'bithacksni2g5u6i', 'Result': 'Success'}
{'Address': 'coinlnqtpeiaj2bl', 'Result': 'Fail'}
{'Address': 'itilyljv5y4jpx2u', 'Result': 'Success'}
{'Address': 'goldqoxx2w7os2h3', 'Result': 'Success'}
{'Address': 'banknztmkcm6r44c', 'Result': 'Success'}
{'Address': 'capitaavobvq35sv', 'Result': 'Success'}
{'Address': 'alphaic5aw7skw2x', 'Result': 'Success'}
{'Address': 'counteuiwleiigv3', 'Result': 'Success'}
{'Address': 'xtz34honwttrji7w', 'Result': 'Fail'}
{'Address': 'eth7kl6tfd4gg56g', 'Result': 'Fail'}
{'Address': 'paypaltjyuuggfuz', 'Result': 'Success'}
{'Address': 'betxg7wl3ssrtjrr', 'Result': 'Success'}
{'Address': 'goldgrgabs3ryeah', 'Result': 'Fail'}
{'Address': 'creditclap4h3w6b', 'Result': 'Success'}
{'Address': 'bitcardubpzom6mt', 'Result': 'Fail'}
{'Address': 'lvehdaciigtwygsi', 'Result': 'Fail'}
{'Address': 'iiye2wuei4gctpb3', 'Result': 'Fail'}
{'Address': '5luopjkydbc7wkji', 'Result': 'Fail'}
{'Address': 'udgcuqxihqgaoxgg', 'Result': 'Fail'}
{'Address': 'chjjo7df5flha62f', 'Result': 'Fail'}
{'Address': 'ovai7wvp4yj6jl3wbzihypbq657vpape7lggrlah4pl34utwjrpetwid', 'Result': 'Fail'}
{'Address': 'm4jglxobiz7fnz7seq5ej7henoe6sxzvf3lybjkptc66olutxis6lnad', 'Result': 'Success'}
{'Address': 'cardsnvzjw7emmad', 'Result': 'Success'}
{'Address': 'w23zipyiapmecomecctdjysvm5sqs2hlwnfstyrwsv6eflf4op72yvad', 'Result': 'Fail'}
{'Address': 'newmc6lrymun3tqm', 'Result': 'Success'}
{'Address': '222222222xn2ozdb2mjnkjrvcopf5thb6la6yj24jvyjqrbohx5kccid', 'Result': 'Success'}
{'Address': 'biu2c4zjzt5mnsmfjfcnisxzybhmliwxobdblcgpa2afc3mj2ilvqfqd', 'Result': 'Success'}
{'Address': 'erghn4uraag3kqwt', 'Result': 'Success'}
{'Address': 'uniccxide6hker6y', 'Result': 'Success'}
{'Address': 'ykrryvbboc2vq64a', 'Result': 'Success'}
{'Address': 'cccentersemzrqne', 'Result': 'Success'}
{'Address': 'ouwxiy2zidn76wkx7zrvdcyfumdvwua322zjtogajltdhj4ve3isctqd', 'Result': 'Fail'}
{'Address': 'bitcardsqucnyfv2', 'Result': 'Fail'}
{'Address': 'cykcpfrl3vm7snpq', 'Result': 'Success'}
{'Address': 'znmgndmvtudghsnf', 'Result': 'Success'}
{'Address': 'ayax72viounf5gkn', 'Result': 'Success'}
{'Address': 'ozdp6boy4xfmsetv', 'Result': 'Success'}
{'Address': '6mdzov735cyntz4j344pjtreexwcasnjs5elknqm4cex5brkhufccgqd', 'Result': 'Success'}
{'Address': 'meqqoxfrjrbicl2l', 'Result': 'Success'}
{'Address': 'vcc2imtspprzk4mvlq2mrsadc63hpc6hvsdpgkooflham3c33f2gx2ad', 'Result': 'Fail'}
{'Address': 'hkcr7naqdkmw76gr', 'Result': 'Success'}
{'Address': 'jce2kbq5ferrgppvmrxjnujjkxl5vu6ch737m26cf2ynuaqs3aueavqd', 'Result': 'Success'}
{'Address': 'freedom7zmzbk62agjmg4qo6gmoymej2bibjtqvb46p3yfehqcbyojqd', 'Result': 'Success'}
{'Address': 'amazon2ywuthyyf3ayvm57poacie4akh6qstbvrixkmf3zbv4cdmo7qd', 'Result': 'Success'}
{'Address': 'paypalkqbr2k667m', 'Result': 'Fail'}
{'Address': 'qyh35wx75lkf6z55', 'Result': 'Success'}
{'Address': 'j6ktoixcmcr7avgf', 'Result': 'Success'}
{'Address': 'o5fbyx7t27sjwq5x', 'Result': 'Success'}
{'Address': 'ahwxyy3l7x7v6apn', 'Result': 'Fail'}
{'Address': 'zx7uws4eygc62dya', 'Result': 'Success'}
{'Address': 'svh5ootx53hvtd47', 'Result': 'Fail'}
{'Address': 'auri53anpi3sftzvewr3mcfwdrsj3mxdksfzjm7f3el7yknukpjqqbid', 'Result': 'Fail'}
{'Address': 'avituul2qflk55yd', 'Result': 'Fail'}
{'Address': 'zzzzzzzuk2dl5sp7ugqdxctuprve5tjxj6tx3svz5y6qom5hczb2jdyd', 'Result': 'Success'}
{'Address': 'exbitspcxpe6lbrc', 'Result': 'Fail'}
{'Address': 'mbxpftbg3rztiip4', 'Result': 'Fail'}
{'Address': 'wpne6cgy5y6zmpu5', 'Result': 'Fail'}
{'Address': 'asiatrfnrlfibkqz', 'Result': 'Success'}
{'Address': 'imperialjfcfylxn', 'Result': 'Fail'}
{'Address': 'lhst75hddynx4uaznj2x222zywtmym34faxojaicvxx4owwmfybc3uyd', 'Result': 'Success'}
{'Address': 'milli77dcvpjx7lf', 'Result': 'Fail'}
{'Address': 'ueypzk7474bi2kiss7noqcffl2yr3bytlibsoai26jfhmhqh5lcf3hqd', 'Result': 'Success'}
{'Address': 'lacasad7zk63cekf', 'Result': 'Fail'}
{'Address': 'vljrafgxx4gjozn5', 'Result': 'Fail'}
{'Address': 'prepayf47wn4lpuz', 'Result': 'Fail'}
{'Address': 'rbc6wjnpgfxefavfhuvggr6gownqgznegm7yikj5rcf7b5swemk4dbad', 'Result': 'Fail'}
{'Address': 'imperiacfwnxzhkpyce2ifxwdf3zromko5wwrbaeldhtkvask3es7tyd', 'Result': 'Success'}
{'Address': 'xmatchesfmhuzgfb', 'Result': 'Success'}
{'Address': 'kqi3xlwupbe3d5rjtch724oewv2ou4zamzurdp7i3a4ec566kxlzs7ad', 'Result': 'Success'}
{'Address': 'ccsaleisqlhww2mb', 'Result': 'Fail'}
{'Address': '4w2oe6qatchezuhy', 'Result': 'Success'}
{'Address': 'moneyjvdnaktjo4k', 'Result': 'Fail'}
{'Address': 'streetfkbzc2mo2j', 'Result': 'Fail'}
{'Address': 'zw5snxarvt66el3ej5rdjjzk7frgf5tvk2enwc3yx2qq456jthsni4id', 'Result': 'Fail'}
{'Address': 'f6wqhy6ii7metm45m4mg6yg76yytik5kxe6h7sestyvm6gnlcw3n4qad', 'Result': 'Success'}
{'Address': '3dphhaomjrmvdlkb', 'Result': 'Fail'}
{'Address': '5hlfkq7ckxbawzxq', 'Result': 'Fail'}
{'Address': '2uqpeeq6javi76jj', 'Result': 'Fail'}
{'Address': 'lxvywgnrzwbon3t2', 'Result': 'Success'}
{'Address': 'qdtouzbyyoytbnvz', 'Result': 'Fail'}
{'Address': 'greenegbqkyk3ois', 'Result': 'Success'}
{'Address': 'moneyd6327quniuo', 'Result': 'Success'}
{'Address': '2cardsowr7u7uvpyrnc5lxuclhb4noj6q2cqf2so7ezg2zufntkjefad', 'Result': 'Success'}
{'Address': '5lmsqddyo2f6fakhmx4vhizcbgrw6y2netmhsbmcq5tcz5loq7bdmayd', 'Result': 'Fail'}
{'Address': '4jq565v5fxoi3hs2ncggc5ussfrwkjowuoco3weruwynwf7kdltddvid', 'Result': 'Fail'}
{'Address': 'ppcentexhowo7obv', 'Result': 'Fail'}
{'Address': 'imperialusixh5eg', 'Result': 'Fail'}
{'Address': 'newcredito27qkym', 'Result': 'Success'}
{'Address': 'i4niz4z3nhqd2j2tl4iqzjyf3k543wljhzrqyv34r7hqmpbmlisaohqd', 'Result': 'Success'}
{'Address': 'easycard44ybfgoc', 'Result': 'Success'}
{'Address': 'ecashexmbtsaibjb', 'Result': 'Fail'}
{'Address': 'besttorzqwulirt5', 'Result': 'Success'}
{'Address': 'footballsge4ocq3', 'Result': 'Success'}
{'Address': 'matchfixube5iwgs', 'Result': 'Fail'}
{'Address': 'g4udryjydeoebtiz', 'Result': 'Fail'}
{'Address': 'paypalwattg4ss4s7zivj4xnm44hwtubplvsfk4st3xok64drh2o23qd', 'Result': 'Fail'}
{'Address': 'acteam2mf2ubo5hapf2dgsj4h7kjembfy4c6pmlkpueobucl2b3oyyqd', 'Result': 'Success'}
{'Address': '5xwceaxhhehervpn', 'Result': 'Success'}
{'Address': 'ze5zfg2vj2sg2cnf', 'Result': 'Success'}
{'Address': 'fcard5m4hhzj2va46h4tjudjqlmz3ejunpiv6p5pzoh5i2xvvr5vnbqd', 'Result': 'Success'}
{'Address': 'fgkat66twl7s7eshw32dqcjneqaxre2gtbq2omen332pg6n4fr5464ad', 'Result': 'Success'}
{'Address': 'besdm4pppfo7btdz', 'Result': 'Fail'}
{'Address': 'dumpsmarslfo4h5g', 'Result': 'Success'}
{'Address': 'losmauhhek7laxdv', 'Result': 'Success'}
{'Address': '2mccetnaxhfxbgbp6jbircejfhedz775a3v3zb3hs4th35tuboxuybid', 'Result': 'Success'}
{'Address': '64bndst3ktyfxbsq', 'Result': 'Success'}
{'Address': 'ccshop6uz3quf4bv', 'Result': 'Fail'}
{'Address': '6xvlcftps26plohry7yk75vopusnykf3gxoujzuhfsrs3tqtqlribwid', 'Result': 'Fail'}
{'Address': 'nexuspaycjnhjkwh', 'Result': 'Success'}
{'Address': 'cyxkqj4zrm46kzago62ty2mf67rlcyooz7jb6iaexitroxkpkhwicryd', 'Result': 'Fail'}
{'Address': 'gqrdawbpxywlbfyp', 'Result': 'Fail'}
{'Address': 'c5qvq3kr6ddpopeu', 'Result': 'Fail'}
{'Address': 'xo7frhdvhbjn2sye', 'Result': 'Fail'}
{'Address': 'vntwmvtdv7qexhwm', 'Result': 'Fail'}
{'Address': 'hssza6r6fbui4x452ayv3dkeynvjlkzllezxf3aizxppmcfmz2mg7uad', 'Result': 'Fail'}
{'Address': 'kingxgja6o7zl3fyiuw2cafyuwp2lfxhoozs3lj2sdftdfzb53hy5zqd', 'Result': 'Fail'}
{'Address': '6nz74rsv5ql5n4wxtndj563mtmrsbum5qr7gksu3bns2dm35wpwzbnad', 'Result': 'Fail'}
{'Address': 'xfbkibtijchmwyip', 'Result': 'Fail'}
{'Address': 'mafiaubmzkeimljdhv5pa7wfr7lveyvceshaj2myeol24enu7rlh56yd', 'Result': 'Fail'}
{'Address': 'fastraowzf4jm24e', 'Result': 'Fail'}
{'Address': 's57divisqlcjtsyutxjz2ww77vlbwpxgodtijcsrgsuts4js5hnxkhqd', 'Result': 'Fail'}
{'Address': 'y2vrbi2eg6hpghmt', 'Result': 'Success'}
{'Address': 'hacktvt3t6yjah6k', 'Result': 'Fail'}
{'Address': 'krgtoifgjo5bbnopalwkunonf4dw6jo7i6crvk2jimzzzknefn4cbpid', 'Result': 'Success'}
{'Address': 'dh7fozu2b52tawvhtxxqlqthxcofrenorz2mw4h6uku324xtbeiyn4yd', 'Result': 'Success'}
{'Address': 'lifecardfxgjoori', 'Result': 'Success'}
{'Address': 'w7cgqtsmycxoz7gl', 'Result': 'Success'}
{'Address': 'accsu4tzutniz2ke', 'Result': 'Success'}
{'Address': '55niksbd22qqaedkw36qw4cpofmbxdtbwonxam7ov2ga62zqbhgty3yd', 'Result': 'Success'}
{'Address': 'styleup76zfdvypm', 'Result': 'Success'}
{'Address': 'iti5nhht4gm4moxglbpa72b47ukl457cm7ayf6fdbbc2so2upfofotad', 'Result': 'Fail'}
{'Address': 'ksaa33cn67oubl3v', 'Result': 'Success'}
{'Address': '2epkfgmtjycqhecq', 'Result': 'Success'}
{'Address': 'xmq7cvvf2t7qtais5pobcnzs4wzysqjco2qlxyvnyckpf2uwankuzdad', 'Result': 'Success'}
{'Address': 't5jigfduo4srmjzhfjbll4zdezdqvyrkljmmf5ebr3m5fub7aoybwayd', 'Result': 'Success'}
{'Address': 'allbtcq7z5xjjh3d', 'Result': 'Success'}
{'Address': '6sihbktutuk6zpn2', 'Result': 'Fail'}
{'Address': '2qblwn6scp63c42f', 'Result': 'Fail'}
{'Address': 'binance6eqkf4pzk', 'Result': 'Success'}
{'Address': 'izfefywxx4pirgexwmtp4ckibum7htanmzmnssw4upm6lbrknzyaodid', 'Result': 'Success'}
{'Address': 'wumsyv4676p4gdrofwz5w3a74aajexxq4kss2wx42umymdy5uxxranyd', 'Result': 'Success'}
{'Address': '6dozk6elfzmgjndri22zwcxgys46s5v7vlt5dnmeoekuumb46l6jdfyd', 'Result': 'Fail'}
{'Address': '427b566urhnglxjn526xib5x373agyyygo6zpjx7he4pvjg6a2m3ilad', 'Result': 'Success'}
{'Address': '4jr6lfgt6nq6dido', 'Result': 'Success'}
{'Address': 'h2xpbrao7yv2spmqnvo646ju2mo2eqsv27pthm4b6co2ip2hpmgetiyd', 'Result': 'Success'}
{'Address': '323kznzfzoo3526onlrmfgian4dkv2pzqkzzeyzg44s25mgy5mwgcmqd', 'Result': 'Success'}
{'Address': 'cybercs4zuvqyqli', 'Result': 'Success'}
{'Address': 'bithackiq6wntrm3sow6v5egxkqbwrilnxzd6fka6cpjsso4rnlxivyd', 'Result': 'Success'}
{'Address': 'wmmw7wdoet4lmhta', 'Result': 'Success'}
{'Address': 'bitcardsw34pkzvlauyt6etil4eb5bbketpgcx7c2ka4ag2omgbgqgad', 'Result': 'Success'}
{'Address': 'omega5fjqqqkfnqs', 'Result': 'Success'}
{'Address': 'unbfsf6si3esgyxa', 'Result': 'Fail'}
{'Address': 'ivlpdcu35iv5uh5k', 'Result': 'Fail'}
{'Address': 'im4mui3nqvvukfwi', 'Result': 'Fail'}
{'Address': 'uge64izcjdxbew6hfavpblgdrzqep3emrp5xydsly5glqbxogvxbfwid', 'Result': 'Success'}
{'Address': '3dvcrslezbnxwepv', 'Result': 'Fail'}
{'Address': 'oxnob7zfpf42ouzl', 'Result': 'Success'}
{'Address': 'lmoneylmwki7lv4vtijsqr23p6odzpyaw3uffsbm6f5e3osy3wkrfvad', 'Result': 'Success'}
{'Address': 'lightndftn6kyol63u5gttvmnsoizrexruqpofo4j5hnu3qkosoaprqd', 'Result': 'Fail'}
{'Address': 'pwqjuqhj4humjwxgqryg5s4mblu3acqfphqhjvb3k6m5lx2eup45cpid', 'Result': 'Success'}
{'Address': 'hiddenz7c5ilffe3hq2qawguqnmffg7awyuiqmernrnvxvixyogt7dqd', 'Result': 'Success'}
{'Address': 'qpz3rshx7f53x3syr4saweqkhol24rtv3lh3w7vav4vcv5rtreufvbid', 'Result': 'Success'}
{'Address': '22pptkhbo775q4pc', 'Result': 'Fail'}
{'Address': 'deep2v63hwfsupagnmzxyal6jxhtcxdennvcsekkji7qqic4jmjcj3yd', 'Result': 'Success'}
{'Address': 'yitulsbdshrmsmzz', 'Result': 'Success'}
{'Address': 'd46iasgk554c4h4tiqdqcbrtyapxf6oviht43dbpf6wvunyhtdnotcad', 'Result': 'Success'}
{'Address': 'jctbbts4z3gi6b3k', 'Result': 'Success'}
{'Address': '33wxmjuxfe2uec6ey5jyn4iiegmyg6l5surs63w4kodilkgpuhqjroyd', 'Result': 'Success'}
{'Address': 'bfpma74qdqjrd5rb6b5fqbp5rerofjkbrmtbd6rjxrw4eycimu2h67qd', 'Result': 'Success'}
{'Address': 'igiyc43bgfshsuonrkaeiqhshnsxy3sp3yqjot6clc7nqnhhshgc3zid', 'Result': 'Fail'}
{'Address': 'tg6dun3esfon4x63poawnwg2bfp3ubfquyspb5bnpsgxdrnztoygosad', 'Result': 'Success'}
{'Address': 'allbtcr3kvhuwqvc', 'Result': 'Success'}
{'Address': 'pppppppppnuuh5amu6ez7lfgjod2b54c4sgh25aygj56xq4d2zvuv5ad', 'Result': 'Success'}
{'Address': 'kryptov3upqvzzzguydtzhv4gp3lvyqcmdawdgpd6rvqibkhpyre2mid', 'Result': 'Fail'}
{'Address': 'kca5otiavhwjw4xy', 'Result': 'Success'}
{'Address': 'gemyxcnyumuqabep4uod2aaoim7bvzrhipdcrdmlgueqjpfc4lypn3yd', 'Result': 'Success'}
{'Address': 'dwgvxjnbxdec5g5wf3rugecglqwej6jk7y5u23xyvxzmetvcrucoj7id', 'Result': 'Fail'}
{'Address': 'yi7e7ezlege4ac35', 'Result': 'Fail'}
{'Address': 'ap3pxwidty2zfhpnxkiubmkdr5oysbhxigpt64lqkb7wdmlzuxwdc2id', 'Result': 'Fail'}
{'Address': 'zuf7xa6ut5cbwxkmirslyb7g3wcrklkdukgvpyw37uqbo7igbvbkbnqd', 'Result': 'Fail'}
{'Address': 'freshbowfjqvyrxm', 'Result': 'Fail'}
{'Address': 'dwwscsu2ha72pkq57ptzavvfp4hpihxahj342wlknl7dhd7noptbadqd', 'Result': 'Fail'}
{'Address': '4gffobtccjw34h26meb6zfsleu4bwkowoahzfop7u7bvjj3pipbl67yd', 'Result': 'Fail'}
{'Address': 'vxjs7n3slnmp4gtos36orw5nvctryd33r5pffs3o25wdzbbg3cru67ad', 'Result': 'Fail'}
{'Address': '4bj47f4e6m4zywv5', 'Result': 'Fail'}
{'Address': 'escrgm77busiyfqt', 'Result': 'Fail'}
{'Address': '2mbajuyta6c5bxxr', 'Result': 'Fail'}
{'Address': 'mescrowt7xii7eoe', 'Result': 'Fail'}
{'Address': 'deeeepbcnch3mfnh', 'Result': 'Fail'}
{'Address': 'a4nxqge3q4vlrhin', 'Result': 'Fail'}
{'Address': 'multrylewmghuyvr', 'Result': 'Fail'}
{'Address': 'stronghxhqwsf65w', 'Result': 'Fail'}
{'Address': 'nnxnbfzn6duip54j7kutes5wzfvz7rgxn6dskmtj7ycmtujcrafwftqd', 'Result': 'Fail'}
{'Address': 'escroasywfhbrpem', 'Result': 'Fail'}
{'Address': 'escrowx64esoihlqccim6fs7d3oaf7ssa36xplzs5myin5mk4vvkx3yd', 'Result': 'Fail'}
{'Address': 'scrowamrobhr2qdo', 'Result': 'Fail'}
{'Address': 'cidura75zedq25vxhmwcouyw5xpafxqz2cvktb3iumlxnie37axo5jid', 'Result': 'Fail'}
{'Address': 'escrowndm5y7d6wo', 'Result': 'Fail'}
{'Address': '6ejusueyuawqtzrkj5cyzvey55pbti45ah3hjommjnk6mpofgrkysead', 'Result': 'Fail'}
{'Address': 'exlzeql6xqfc7lq7', 'Result': 'Fail'}
{'Address': 'yrpqzjkkf5l4v4ik', 'Result': 'Fail'}
{'Address': 'vqbintgn7d2l7z43', 'Result': 'Fail'}
{'Address': 'trust2ocstgylfb6', 'Result': 'Fail'}
{'Address': 'escrowgnt3zaqsvs', 'Result': 'Fail'}
{'Address': 'safepwrcqba2n2ym', 'Result': 'Fail'}
{'Address': 'sjsrkyylcqppg75o', 'Result': 'Fail'}
{'Address': 'deepscrokfy4k6ya', 'Result': 'Fail'}
{'Address': 'bbbps6itk4pbhuqilhengm3q625fq4ibrzdua6smjaojophaanllgpyd', 'Result': 'Fail'}
{'Address': 'btccrowosityhun7', 'Result': 'Fail'}
{'Address': 'briare5ykjkvyawa', 'Result': 'Fail'}
{'Address': 'hydrahb27dq3bd25', 'Result': 'Fail'}
{'Address': 'csdbnymlrpnatlm3', 'Result': 'Fail'}
{'Address': 'sinaloavge5wggro', 'Result': 'Fail'}
{'Address': 'kt546oshezc7sf6g', 'Result': 'Fail'}
{'Address': 'zrbxuw7ur46pno4y', 'Result': 'Fail'}
{'Address': 'corshcgdpn6gyexy', 'Result': 'Fail'}
{'Address': 'vanettimbtdxxcep', 'Result': 'Fail'}
{'Address': 'jsr7xwxlblb7tec3', 'Result': 'Fail'}
{'Address': 'marak2kjeehrao5s', 'Result': 'Fail'}
{'Address': 'marak2vqaeup4ibj', 'Result': 'Fail'}
{'Address': 'los7jx7o6fgzw7os', 'Result': 'Fail'}
{'Address': 'bzsntuqpvfk7innoezi4jasgqjo2sbv7bhr3rvb76ibr6znzte5ehcqd', 'Result': 'Fail'}
{'Address': 'piratecr44nh3nw4', 'Result': 'Fail'}
{'Address': 'hackergruemqvew6', 'Result': 'Fail'}
{'Address': 'hackerwn7ahy4vif', 'Result': 'Fail'}
{'Address': 'dnhackzhyyt7skir', 'Result': 'Fail'}
{'Address': 'ziagmjbpt47drkrk', 'Result': 'Fail'}
{'Address': 'prjd5pmbug2cnfs67s3y65ods27vamswdaw2lnwf45ys3pjl55h2gwqd', 'Result': 'Fail'}
{'Address': 'gqw4tutlx3kif5g6', 'Result': 'Fail'}
{'Address': 'hacknp5rq6sicjds', 'Result': 'Fail'}
{'Address': 'hacksg2axq4lizsc', 'Result': 'Fail'}
{'Address': 'm62w4oezip3vru6sw7eaqn5sdc23zydw6hg23tohibh25jcd4c7pmmyd', 'Result': 'Fail'}
{'Address': 'nightmanjmhvq75o', 'Result': 'Fail'}
{'Address': 'hackgr36qe3fd34x', 'Result': 'Fail'}
{'Address': 'mxu7ronlnsgmqlt5sjsdedvmh6kdagdhsx3oqvu3vwhrz5eagq562oqd', 'Result': 'Fail'}
{'Address': 'prohackrgkhtuuus', 'Result': 'Fail'}
{'Address': 't7qatyivvpe2zauu', 'Result': 'Fail'}
{'Address': 'hackerss4ptfozouwjix72eh2y7cu2v72nz57c4myjdceejqfwnz3zyd', 'Result': 'Fail'}
{'Address': 'satanlbu2yw52pgo', 'Result': 'Fail'}
{'Address': 'n62n5mbpaiqigimr', 'Result': 'Fail'}
{'Address': 'corelasbojq3ncsdilyiqo4fn7yykhuq6kles4ngzcdhn576npbtiayd', 'Result': 'Fail'}
{'Address': 'hackingsehlh2l24', 'Result': 'Fail'}
{'Address': 'hackhelpnylin6d4', 'Result': 'Fail'}
{'Address': '5zkfuvtrpotg2nzd', 'Result': 'Fail'}
{'Address': 'tabernamotpjwnaz', 'Result': 'Fail'}
{'Address': 'yibhdid4wssp4rly', 'Result': 'Fail'}
{'Address': 'drksefgigt7reygx', 'Result': 'Fail'}
{'Address': 'gunsganos2raowan5y2nkblujnmza32v2cwkdgy6okciskzabchx4iqd', 'Result': 'Fail'}
{'Address': 'armshop66h2ehubt', 'Result': 'Fail'}
{'Address': 'topgunsj5ixpfyln', 'Result': 'Fail'}
{'Address': 'appleufeaitkezth', 'Result': 'Fail'}
{'Address': 'gadget4sngdzwb4b', 'Result': 'Fail'}
{'Address': 'n4udgsuyqgvaszza', 'Result': 'Fail'}
{'Address': 'awsvrc7occzj2yeyqevyrw7ji5ejuyofhfomidhh5qnuxpvwsucno7id', 'Result': 'Fail'}
{'Address': 'ez37hmhem2gh3ixctfeaqn7kylal2vyjqsedkzhu4ebkcgikrigr5gid', 'Result': 'Fail'}
{'Address': 'y4ozcej65amrozus', 'Result': 'Fail'}
{'Address': 'cardtechladorsvf', 'Result': 'Fail'}
{'Address': 'bitstorej4kn3rw3', 'Result': 'Fail'}
{'Address': '4p5n2nlu5md6ihulkhmtfuntswromnfwk2oqp2rke6k56mmv322bc3id', 'Result': 'Fail'}
{'Address': 'apple2dcve46str6ogmf4sqzppqgjwrqaadcljz3lq6n3egim33zqpid', 'Result': 'Fail'}
{'Address': 'torss7t3bxd3qsxn', 'Result': 'Fail'}
{'Address': 'dwforumszllqaz6q', 'Result': 'Fail'}
{'Address': 'tormag7x5zkkwev5', 'Result': 'Fail'}
{'Address': 'zqktlwi4i34kbat3', 'Result': 'Fail'}
{'Address': 'realwee6q7mjw6e3', 'Result': 'Fail'}
{'Address': 'wacky2yx73r2bjys', 'Result': 'Fail'}
{'Address': 'drugss5cjvqvqgezgpicwenh3lvobq4yzgexfeqdlcoikxg6xac7fyad', 'Result': 'Fail'}
End up after 8112.858169794083
escrow5go6vopjjg.html
drugs: 11.11111111111111
weapons: 4.0
adult/porn: 2.380952380952381
market: 10.526315789473683
scam/crime: 16.3265306122449
forum/blog: 19.148936170212767
financial: 18.421052631578945

nkq6572rde7s73pemuo6fxz3elcu5xczfin3qy3eo36apakrqbevzdid.html
drugs: 27.77777777777778
weapons: 12.0
adult/porn: 16.666666666666664
market: 55.26315789473685
scam/crime: 44.89795918367347
forum/blog: 31.914893617021278
financial: 63.1578947368421

raptortiabg7uyez.html
drugs: 3.7037037037037033
weapons: 4.0
adult/porn: 2.380952380952381
market: 2.631578947368421
scam/crime: 6.122448979591836
forum/blog: 25.53191489361702
financial: 2.631578947368421

debitcards.torpress2sarn7xw.html
drugs: 5.555555555555555
weapons: 0.0
adult/porn: 1.1904761904761905
market: 13.157894736842104
scam/crime: 6.122448979591836
forum/blog: 6.382978723404255
financial: 18.421052631578945

ksaa33cn67oubl3v.html
drugs: 11.11111111111111
weapons: 0.0
adult/porn: 1.1904761904761905
market: 5.263157894736842
scam/crime: 4.081632653061225
forum/blog: 4.25531914893617
financial: 7.894736842105263

lmoneyabs5r3o6i2.html
drugs: 18.51851851851852
weapons: 8.0
adult/porn: 4.761904761904762
market: 39.473684210526315
scam/crime: 22.448979591836736
forum/blog: 17.02127659574468
financial: 55.26315789473685

bitmixergv5vvbza.html
drugs: 5.555555555555555
weapons: 0.0
adult/porn: 0.0
market: 2.631578947368421
scam/crime: 14.285714285714285
forum/blog: 10.638297872340425
financial: 15.789473684210526

vsdfdtkr5mh6y33p.html
drugs: 0.0
weapons: 0.0
adult/porn: 1.1904761904761905
market: 0.0
scam/crime: 0.0
forum/blog: 2.127659574468085
financial: 2.631578947368421

4jr6lfgt6nq6dido.html
drugs: 5.555555555555555
weapons: 0.0
adult/porn: 3.571428571428571
market: 13.157894736842104
scam/crime: 8.16326530612245
forum/blog: 8.51063829787234
financial: 18.421052631578945

morhx3irxknskwu5.html
drugs: 5.555555555555555
weapons: 4.0
adult/porn: 3.571428571428571
market: 18.421052631578945
scam/crime: 8.16326530612245
forum/blog: 12.76595744680851
financial: 44.73684210526316

jeuzg7g3xkslpf6k.html
drugs: 9.25925925925926
weapons: 0.0
adult/porn: 1.1904761904761905
market: 15.789473684210526
scam/crime: 18.367346938775512
forum/blog: 19.148936170212767
financial: 23.684210526315788

lordpay3t52brqwf.html
drugs: 16.666666666666664
weapons: 4.0
adult/porn: 7.142857142857142
market: 21.052631578947366
scam/crime: 14.285714285714285
forum/blog: 14.893617021276595
financial: 28.947368421052634

cards5yvy44gucvo.html
drugs: 0.0
weapons: 0.0
adult/porn: 0.0
market: 2.631578947368421
scam/crime: 2.0408163265306123
forum/blog: 0.0
financial: 5.263157894736842

y2vrbi2eg6hpghmt.html
drugs: 22.22222222222222
weapons: 4.0
adult/porn: 7.142857142857142
market: 39.473684210526315
scam/crime: 18.367346938775512
forum/blog: 21.27659574468085
financial: 50.0

redroomfing27toi.html
drugs: 0.0
weapons: 0.0
adult/porn: 1.1904761904761905
market: 0.0
scam/crime: 0.0
forum/blog: 0.0
financial: 0.0

bestcc5xpfjihry2nlc25pj5ujxzrezrjh4egzugvs3u2eopjk5u5zid.html
drugs: 11.11111111111111
weapons: 4.0
adult/porn: 1.1904761904761905
market: 15.789473684210526
scam/crime: 10.204081632653061
forum/blog: 8.51063829787234
financial: 18.421052631578945

cardsa2u7pvmdamw.html
drugs: 5.555555555555555
weapons: 8.0
adult/porn: 1.1904761904761905
market: 13.157894736842104
scam/crime: 8.16326530612245
forum/blog: 8.51063829787234
financial: 15.789473684210526

arcbatjfohvf2ahk.html
drugs: 3.7037037037037033
weapons: 0.0
adult/porn: 4.761904761904762
market: 5.263157894736842
scam/crime: 8.16326530612245
forum/blog: 23.404255319148938
financial: 10.526315789473683

tpq5sxk5cgdf35uq.html
drugs: 0.0
weapons: 0.0
adult/porn: 1.1904761904761905
market: 0.0
scam/crime: 0.0
forum/blog: 2.127659574468085
financial: 0.0

newmc6lrymun3tqm.html
drugs: 18.51851851851852
weapons: 8.0
adult/porn: 5.952380952380952
market: 28.947368421052634
scam/crime: 20.408163265306122
forum/blog: 17.02127659574468
financial: 47.368421052631575

darknetco4i4prlp.html
drugs: 0.0
weapons: 0.0
adult/porn: 0.0
market: 0.0
scam/crime: 0.0
forum/blog: 6.382978723404255
financial: 0.0

ugtech6yot3p5n3u.html
drugs: 12.962962962962962
weapons: 0.0
adult/porn: 5.952380952380952
market: 28.947368421052634
scam/crime: 8.16326530612245
forum/blog: 10.638297872340425
financial: 26.31578947368421

darkccyg2o57udrk.html
drugs: 7.4074074074074066
weapons: 4.0
adult/porn: 3.571428571428571
market: 28.947368421052634
scam/crime: 12.244897959183673
forum/blog: 14.893617021276595
financial: 42.10526315789473

o6maqsjp23l2i45w.html
drugs: 9.25925925925926
weapons: 4.0
adult/porn: 4.761904761904762
market: 21.052631578947366
scam/crime: 14.285714285714285
forum/blog: 10.638297872340425
financial: 28.947368421052634

a534p6bdxbf2niq7.html
drugs: 0.0
weapons: 0.0
adult/porn: 1.1904761904761905
market: 0.0
scam/crime: 2.0408163265306123
forum/blog: 2.127659574468085
financial: 2.631578947368421

fgkat66twl7s7eshw32dqcjneqaxre2gtbq2omen332pg6n4fr5464ad.html
drugs: 9.25925925925926
weapons: 0.0
adult/porn: 1.1904761904761905
market: 13.157894736842104
scam/crime: 8.16326530612245
forum/blog: 12.76595744680851
financial: 23.684210526315788

market7ow7cuw2hz.html
drugs: 0.0
weapons: 0.0
adult/porn: 0.0
market: 2.631578947368421
scam/crime: 0.0
forum/blog: 0.0
financial: 0.0

footballsge4ocq3.html
drugs: 5.555555555555555
weapons: 0.0
adult/porn: 5.952380952380952
market: 13.157894736842104
scam/crime: 6.122448979591836
forum/blog: 6.382978723404255
financial: 13.157894736842104

xhackergnluw32xz.html
drugs: 0.0
weapons: 0.0
adult/porn: 0.0
market: 0.0
scam/crime: 0.0
forum/blog: 0.0
financial: 0.0

h4gca3vb6v37awux.html
drugs: 0.0
weapons: 0.0
adult/porn: 0.0
market: 0.0
scam/crime: 0.0
forum/blog: 4.25531914893617
financial: 0.0

222222avkcjpcbwi.html
drugs: 7.4074074074074066
weapons: 0.0
adult/porn: 5.952380952380952
market: 10.526315789473683
scam/crime: 2.0408163265306123
forum/blog: 8.51063829787234
financial: 5.263157894736842

dwforumsmrcqdnt3.html
drugs: 22.22222222222222
weapons: 16.0
adult/porn: 13.095238095238097
market: 52.63157894736842
scam/crime: 46.93877551020408
forum/blog: 68.08510638297872
financial: 71.05263157894737

pushingtabu7itqj.html
drugs: 9.25925925925926
weapons: 0.0
adult/porn: 3.571428571428571
market: 7.894736842105263
scam/crime: 2.0408163265306123
forum/blog: 2.127659574468085
financial: 5.263157894736842

mattzm5pzbaesxlj.html
drugs: 9.25925925925926
weapons: 4.0
adult/porn: 2.380952380952381
market: 2.631578947368421
scam/crime: 8.16326530612245
forum/blog: 12.76595744680851
financial: 10.526315789473683

qnqvvud2rkwo6zyk.html
drugs: 27.77777777777778
weapons: 12.0
adult/porn: 16.666666666666664
market: 55.26315789473685
scam/crime: 44.89795918367347
forum/blog: 31.914893617021278
financial: 65.78947368421053

sntfgwfami5fdbn5.html
drugs: 3.7037037037037033
weapons: 0.0
adult/porn: 1.1904761904761905
market: 2.631578947368421
scam/crime: 2.0408163265306123
forum/blog: 2.127659574468085
financial: 2.631578947368421

bettorzztykidrx2.html
drugs: 5.555555555555555
weapons: 0.0
adult/porn: 0.0
market: 5.263157894736842
scam/crime: 2.0408163265306123
forum/blog: 0.0
financial: 2.631578947368421

ll6lardicrvrljvq.html
drugs: 18.51851851851852
weapons: 0.0
adult/porn: 1.1904761904761905
market: 10.526315789473683
scam/crime: 6.122448979591836
forum/blog: 0.0
financial: 7.894736842105263

qovaihss3wzf4zo2ns7tckvrm7cfkl5rfgbjmk6vim2a7eufvrlbqwyd.html
drugs: 0.0
weapons: 0.0
adult/porn: 0.0
market: 0.0
scam/crime: 0.0
forum/blog: 6.382978723404255
financial: 2.631578947368421

electronz2gpfyz5.html
drugs: 5.555555555555555
weapons: 0.0
adult/porn: 1.1904761904761905
market: 7.894736842105263
scam/crime: 2.0408163265306123
forum/blog: 2.127659574468085
financial: 2.631578947368421

toringei5vt4sfk7.html
drugs: 0.0
weapons: 0.0
adult/porn: 0.0
market: 2.631578947368421
scam/crime: 2.0408163265306123
forum/blog: 2.127659574468085
financial: 2.631578947368421

netauth3iph4qwjd.html
drugs: 3.7037037037037033
weapons: 0.0
adult/porn: 2.380952380952381
market: 7.894736842105263
scam/crime: 0.0
forum/blog: 14.893617021276595
financial: 13.157894736842104

ewad7i7uw2deouyg.html
drugs: 20.37037037037037
weapons: 12.0
adult/porn: 13.095238095238097
market: 28.947368421052634
scam/crime: 40.816326530612244
forum/blog: 38.297872340425535
financial: 47.368421052631575

tumbachegvyaadyq.html
drugs: 0.0
weapons: 0.0
adult/porn: 0.0
market: 0.0
scam/crime: 0.0
forum/blog: 0.0
financial: 0.0

2vxi4nmjcn6mdb2x.html
drugs: 0.0
weapons: 0.0
adult/porn: 0.0
market: 0.0
scam/crime: 0.0
forum/blog: 0.0
financial: 0.0

ow24et3tetp6tvmk.html
drugs: 9.25925925925926
weapons: 0.0
adult/porn: 4.761904761904762
market: 15.789473684210526
scam/crime: 20.408163265306122
forum/blog: 21.27659574468085
financial: 34.21052631578947

easyppslbft37xq7.html
drugs: 7.4074074074074066
weapons: 8.0
adult/porn: 7.142857142857142
market: 21.052631578947366
scam/crime: 12.244897959183673
forum/blog: 17.02127659574468
financial: 34.21052631578947

chemspain7iw2zby.html
drugs: 16.666666666666664
weapons: 0.0
adult/porn: 1.1904761904761905
market: 18.421052631578945
scam/crime: 8.16326530612245
forum/blog: 8.51063829787234
financial: 18.421052631578945

nnipbjberqh6lpvt.html
drugs: 25.925925925925924
weapons: 8.0
adult/porn: 14.285714285714285
market: 39.473684210526315
scam/crime: 34.69387755102041
forum/blog: 14.893617021276595
financial: 34.21052631578947

74ypjqjwf6oejmax.html
drugs: 1.8518518518518516
weapons: 4.0
adult/porn: 1.1904761904761905
market: 2.631578947368421
scam/crime: 6.122448979591836
forum/blog: 6.382978723404255
financial: 10.526315789473683

rq7yhshqhwnxneh6cwzoz4yi52okdtmfmmwr7pfkt6nzkysurdyzj3ad.html
drugs: 14.814814814814813
weapons: 0.0
adult/porn: 8.333333333333332
market: 21.052631578947366
scam/crime: 8.16326530612245
forum/blog: 25.53191489361702
financial: 31.57894736842105

3kyl4i7bfdgwelmf.html
drugs: 0.0
weapons: 8.0
adult/porn: 3.571428571428571
market: 13.157894736842104
scam/crime: 10.204081632653061
forum/blog: 25.53191489361702
financial: 18.421052631578945

pm7yitqfp2xzk6cs.html
drugs: 20.37037037037037
weapons: 12.0
adult/porn: 7.142857142857142
market: 28.947368421052634
scam/crime: 22.448979591836736
forum/blog: 27.659574468085108
financial: 47.368421052631575

cccentersemzrqne.html
drugs: 1.8518518518518516
weapons: 0.0
adult/porn: 1.1904761904761905
market: 10.526315789473683
scam/crime: 6.122448979591836
forum/blog: 0.0
financial: 18.421052631578945

eqnbwy4b4k4lrlq5.html
drugs: 5.555555555555555
weapons: 4.0
adult/porn: 1.1904761904761905
market: 10.526315789473683
scam/crime: 12.244897959183673
forum/blog: 10.638297872340425
financial: 26.31578947368421

4r4zaei5qa7qq5ha.html
drugs: 3.7037037037037033
weapons: 8.0
adult/porn: 5.952380952380952
market: 15.789473684210526
scam/crime: 4.081632653061225
forum/blog: 8.51063829787234
financial: 15.789473684210526

zsyvom262oiaoc6es7bgg66xieyil6nqkh7jn5ntraghpqgudbcl3vad.html
drugs: 9.25925925925926
weapons: 4.0
adult/porn: 4.761904761904762
market: 5.263157894736842
scam/crime: 10.204081632653061
forum/blog: 10.638297872340425
financial: 10.526315789473683

chbetteratd6wskq.html
drugs: 12.962962962962962
weapons: 16.0
adult/porn: 8.333333333333332
market: 26.31578947368421
scam/crime: 28.57142857142857
forum/blog: 25.53191489361702
financial: 39.473684210526315

escrowytu7s7rlqn.html
drugs: 0.0
weapons: 0.0
adult/porn: 1.1904761904761905
market: 0.0
scam/crime: 0.0
forum/blog: 6.382978723404255
financial: 0.0

rjb2zyzskm7he5pd.html
drugs: 3.7037037037037033
weapons: 0.0
adult/porn: 1.1904761904761905
market: 10.526315789473683
scam/crime: 8.16326530612245
forum/blog: 6.382978723404255
financial: 10.526315789473683

tssa3saypkimmkcy.html
drugs: 5.555555555555555
weapons: 16.0
adult/porn: 17.857142857142858
market: 2.631578947368421
scam/crime: 6.122448979591836
forum/blog: 23.404255319148938
financial: 7.894736842105263

ccguruetr5jwye5g.html
drugs: 3.7037037037037033
weapons: 0.0
adult/porn: 4.761904761904762
market: 18.421052631578945
scam/crime: 8.16326530612245
forum/blog: 2.127659574468085
financial: 36.84210526315789

j7cd2za5dxcw4uan.html
drugs: 20.37037037037037
weapons: 12.0
adult/porn: 13.095238095238097
market: 28.947368421052634
scam/crime: 40.816326530612244
forum/blog: 38.297872340425535
financial: 47.368421052631575

sbxxtg7qehc6wvhl.html
drugs: 0.0
weapons: 0.0
adult/porn: 0.0
market: 0.0
scam/crime: 0.0
forum/blog: 0.0
financial: 0.0

rkaq3ccrkrpdmqnb652svp7hgdiczmcaza2pcdlxhqh5wnqrc6nw5bid.html
drugs: 3.7037037037037033
weapons: 0.0
adult/porn: 0.0
market: 7.894736842105263
scam/crime: 10.204081632653061
forum/blog: 12.76595744680851
financial: 18.421052631578945

fixedlwgc3burzts.html
drugs: 12.962962962962962
weapons: 4.0
adult/porn: 3.571428571428571
market: 10.526315789473683
scam/crime: 12.244897959183673
forum/blog: 12.76595744680851
financial: 15.789473684210526

psoqbrtodbnwilazrhgxjveuiaepbv5a3mpzvcnyitwvyqaea3xpxbqd.html
drugs: 22.22222222222222
weapons: 12.0
adult/porn: 16.666666666666664
market: 34.21052631578947
scam/crime: 42.857142857142854
forum/blog: 44.680851063829785
financial: 52.63157894736842

76ssfjn22svo4vyl.html
drugs: 1.8518518518518516
weapons: 0.0
adult/porn: 3.571428571428571
market: 5.263157894736842
scam/crime: 2.0408163265306123
forum/blog: 6.382978723404255
financial: 5.263157894736842

fp5xenfxy7o5a2vq.html
drugs: 16.666666666666664
weapons: 16.0
adult/porn: 7.142857142857142
market: 28.947368421052634
scam/crime: 22.448979591836736
forum/blog: 19.148936170212767
financial: 50.0

tzit5v4hvxbmm6yotz46vxpzmjrulyuafthlrkglsd6vs4lxhc5n3kid.html
drugs: 9.25925925925926
weapons: 4.0
adult/porn: 4.761904761904762
market: 21.052631578947366
scam/crime: 16.3265306122449
forum/blog: 10.638297872340425
financial: 13.157894736842104

roscard5xxpj4g3g.html
drugs: 0.0
weapons: 0.0
adult/porn: 0.0
market: 0.0
scam/crime: 0.0
forum/blog: 0.0
financial: 0.0

tj2djlcpaj5yl6lo.html
drugs: 24.074074074074073
weapons: 12.0
adult/porn: 10.714285714285714
market: 44.73684210526316
scam/crime: 28.57142857142857
forum/blog: 19.148936170212767
financial: 65.78947368421053

hlsf2cw74ydheg6f.html
drugs: 12.962962962962962
weapons: 0.0
adult/porn: 3.571428571428571
market: 21.052631578947366
scam/crime: 2.0408163265306123
forum/blog: 6.382978723404255
financial: 13.157894736842104

alimic5a3ecaeywv.html
drugs: 5.555555555555555
weapons: 4.0
adult/porn: 2.380952380952381
market: 5.263157894736842
scam/crime: 6.122448979591836
forum/blog: 12.76595744680851
financial: 13.157894736842104

torlinkbgs6aabns.html
drugs: 33.33333333333333
weapons: 28.000000000000004
adult/porn: 13.095238095238097
market: 36.84210526315789
scam/crime: 34.69387755102041
forum/blog: 70.2127659574468
financial: 47.368421052631575

trnf7mcbf6ko6h6w.html
drugs: 7.4074074074074066
weapons: 0.0
adult/porn: 4.761904761904762
market: 15.789473684210526
scam/crime: 22.448979591836736
forum/blog: 51.06382978723404
financial: 39.473684210526315

2epkfgmtjycqhecq.html
drugs: 3.7037037037037033
weapons: 0.0
adult/porn: 4.761904761904762
market: 7.894736842105263
scam/crime: 6.122448979591836
forum/blog: 6.382978723404255
financial: 21.052631578947366

t5jigfduo4srmjzhfjbll4zdezdqvyrkljmmf5ebr3m5fub7aoybwayd.html
drugs: 27.77777777777778
weapons: 12.0
adult/porn: 16.666666666666664
market: 55.26315789473685
scam/crime: 44.89795918367347
forum/blog: 38.297872340425535
financial: 65.78947368421053

mobil7rab6nuf7vx.html
drugs: 5.555555555555555
weapons: 0.0
adult/porn: 1.1904761904761905
market: 18.421052631578945
scam/crime: 6.122448979591836
forum/blog: 0.0
financial: 5.263157894736842

7p4phtqnrzrg5ju5.html
drugs: 9.25925925925926
weapons: 8.0
adult/porn: 77.38095238095238
market: 13.157894736842104
scam/crime: 8.16326530612245
forum/blog: 29.78723404255319
financial: 13.157894736842104

alphaca4si7xnksc.html
drugs: 1.8518518518518516
weapons: 0.0
adult/porn: 1.1904761904761905
market: 7.894736842105263
scam/crime: 0.0
forum/blog: 2.127659574468085
financial: 18.421052631578945

2ljfiwqcup2kc3u3.html
drugs: 7.4074074074074066
weapons: 0.0
adult/porn: 10.714285714285714
market: 18.421052631578945
scam/crime: 16.3265306122449
forum/blog: 17.02127659574468
financial: 31.57894736842105

itilyljv4vf6qgqm.html
drugs: 11.11111111111111
weapons: 4.0
adult/porn: 2.380952380952381
market: 23.684210526315788
scam/crime: 8.16326530612245
forum/blog: 10.638297872340425
financial: 28.947368421052634

fastragkmpqsqbu7.html
drugs: 9.25925925925926
weapons: 8.0
adult/porn: 77.38095238095238
market: 13.157894736842104
scam/crime: 8.16326530612245
forum/blog: 29.78723404255319
financial: 13.157894736842104

xfnwyig7olypdq5r.html
drugs: 3.7037037037037033
weapons: 0.0
adult/porn: 2.380952380952381
market: 21.052631578947366
scam/crime: 4.081632653061225
forum/blog: 6.382978723404255
financial: 18.421052631578945

megaeeayahdmmeee.html
drugs: 0.0
weapons: 0.0
adult/porn: 0.0
market: 0.0
scam/crime: 0.0
forum/blog: 0.0
financial: 0.0

brohoodahjzxriv7.html
drugs: 1.8518518518518516
weapons: 0.0
adult/porn: 0.0
market: 0.0
scam/crime: 20.408163265306122
forum/blog: 12.76595744680851
financial: 23.684210526315788

bchz4vggexx63qvy.html
drugs: 1.8518518518518516
weapons: 0.0
adult/porn: 3.571428571428571
market: 0.0
scam/crime: 4.081632653061225
forum/blog: 8.51063829787234
financial: 0.0

freedom7zmzbk62agjmg4qo6gmoymej2bibjtqvb46p3yfehqcbyojqd.html
drugs: 5.555555555555555
weapons: 4.0
adult/porn: 3.571428571428571
market: 13.157894736842104
scam/crime: 2.0408163265306123
forum/blog: 10.638297872340425
financial: 31.57894736842105

premmrkt5cp4pqfw.html
drugs: 20.37037037037037
weapons: 4.0
adult/porn: 2.380952380952381
market: 31.57894736842105
scam/crime: 18.367346938775512
forum/blog: 6.382978723404255
financial: 50.0

xym5qdjlqrpq2rj7.html
drugs: 3.7037037037037033
weapons: 0.0
adult/porn: 4.761904761904762
market: 5.263157894736842
scam/crime: 8.16326530612245
forum/blog: 23.404255319148938
financial: 10.526315789473683

2wkwv7m4hetvqo3d.html
drugs: 3.7037037037037033
weapons: 0.0
adult/porn: 4.761904761904762
market: 5.263157894736842
scam/crime: 8.16326530612245
forum/blog: 23.404255319148938
financial: 10.526315789473683

newcredito27qkym.html
drugs: 16.666666666666664
weapons: 0.0
adult/porn: 5.952380952380952
market: 26.31578947368421
scam/crime: 12.244897959183673
forum/blog: 21.27659574468085
financial: 44.73684210526316

secrn2yymnducpam.html
drugs: 11.11111111111111
weapons: 4.0
adult/porn: 2.380952380952381
market: 44.73684210526316
scam/crime: 18.367346938775512
forum/blog: 19.148936170212767
financial: 55.26315789473685

dosug4rea4kvnk5f.html
drugs: 0.0
weapons: 0.0
adult/porn: 0.0
market: 0.0
scam/crime: 0.0
forum/blog: 2.127659574468085
financial: 0.0

cvendorzr7w3gdtq.html
drugs: 3.7037037037037033
weapons: 0.0
adult/porn: 0.0
market: 15.789473684210526
scam/crime: 2.0408163265306123
forum/blog: 6.382978723404255
financial: 18.421052631578945

pt2mftbxeczbzufi2v7b3ekmsun4khq6hi7bdjo7w23fsx3easvr73ad.html
drugs: 0.0
weapons: 0.0
adult/porn: 0.0
market: 0.0
scam/crime: 0.0
forum/blog: 2.127659574468085
financial: 0.0

fbyr455vwvkpzp5k.html
drugs: 0.0
weapons: 4.0
adult/porn: 1.1904761904761905
market: 10.526315789473683
scam/crime: 6.122448979591836
forum/blog: 2.127659574468085
financial: 21.052631578947366

vgnuhmuj6aex2ycc.html
drugs: 9.25925925925926
weapons: 0.0
adult/porn: 3.571428571428571
market: 18.421052631578945
scam/crime: 14.285714285714285
forum/blog: 12.76595744680851
financial: 21.052631578947366

d46iasgk554c4h4tiqdqcbrtyapxf6oviht43dbpf6wvunyhtdnotcad.html
drugs: 9.25925925925926
weapons: 4.0
adult/porn: 4.761904761904762
market: 26.31578947368421
scam/crime: 14.285714285714285
forum/blog: 4.25531914893617
financial: 26.31578947368421

idg2owpb7t3erlhz.html
drugs: 3.7037037037037033
weapons: 0.0
adult/porn: 0.0
market: 7.894736842105263
scam/crime: 4.081632653061225
forum/blog: 2.127659574468085
financial: 5.263157894736842

pdf6uqyd4nxmghgw.html
drugs: 1.8518518518518516
weapons: 0.0
adult/porn: 1.1904761904761905
market: 10.526315789473683
scam/crime: 2.0408163265306123
forum/blog: 0.0
financial: 26.31578947368421

dpnm2faxtid6khol6p6q3idwe5bp6vlroslj6ob7hrbeidw63bhzvcid.html
drugs: 0.0
weapons: 0.0
adult/porn: 0.0
market: 0.0
scam/crime: 0.0
forum/blog: 0.0
financial: 0.0

imperiaydyec4b3v.html
drugs: 14.814814814814813
weapons: 4.0
adult/porn: 7.142857142857142
market: 39.473684210526315
scam/crime: 22.448979591836736
forum/blog: 14.893617021276595
financial: 50.0

jitjatxmemcaaadp.html
drugs: 0.0
weapons: 0.0
adult/porn: 0.0
market: 0.0
scam/crime: 2.0408163265306123
forum/blog: 4.25531914893617
financial: 0.0

deepmartmfvbijza.html
drugs: 1.8518518518518516
weapons: 0.0
adult/porn: 0.0
market: 0.0
scam/crime: 0.0
forum/blog: 0.0
financial: 2.631578947368421

phm5aaqlcglidb4a.html
drugs: 11.11111111111111
weapons: 12.0
adult/porn: 10.714285714285714
market: 28.947368421052634
scam/crime: 18.367346938775512
forum/blog: 8.51063829787234
financial: 52.63157894736842

d5ubjv46kownm4jl.html
drugs: 1.8518518518518516
weapons: 0.0
adult/porn: 0.0
market: 7.894736842105263
scam/crime: 4.081632653061225
forum/blog: 6.382978723404255
financial: 5.263157894736842

323kznzfzoo3526onlrmfgian4dkv2pzqkzzeyzg44s25mgy5mwgcmqd.html
drugs: 14.814814814814813
weapons: 4.0
adult/porn: 7.142857142857142
market: 39.473684210526315
scam/crime: 22.448979591836736
forum/blog: 14.893617021276595
financial: 50.0

kbvbh4kdddiha2ht.html
drugs: 7.4074074074074066
weapons: 0.0
adult/porn: 0.0
market: 5.263157894736842
scam/crime: 0.0
forum/blog: 0.0
financial: 7.894736842105263

accountlwghunkeg.html
drugs: 3.7037037037037033
weapons: 0.0
adult/porn: 1.1904761904761905
market: 7.894736842105263
scam/crime: 2.0408163265306123
forum/blog: 2.127659574468085
financial: 10.526315789473683

vszdlycz34k7pqoqqt5iuzsv3swf6dlwss6c3hoefoe3ds7ejidaweqd.html
drugs: 14.814814814814813
weapons: 4.0
adult/porn: 7.142857142857142
market: 39.473684210526315
scam/crime: 22.448979591836736
forum/blog: 17.02127659574468
financial: 50.0

shieldvmdnxr4w4z.html
drugs: 11.11111111111111
weapons: 0.0
adult/porn: 3.571428571428571
market: 18.421052631578945
scam/crime: 12.244897959183673
forum/blog: 17.02127659574468
financial: 31.57894736842105

weedsragjdyuimdm.html
drugs: 0.0
weapons: 0.0
adult/porn: 0.0
market: 0.0
scam/crime: 0.0
forum/blog: 0.0
financial: 2.631578947368421

rzb5nlpvy5oqnket.html
drugs: 0.0
weapons: 0.0
adult/porn: 0.0
market: 0.0
scam/crime: 0.0
forum/blog: 0.0
financial: 0.0

cykcpfrl3vm7snpq.html
drugs: 1.8518518518518516
weapons: 0.0
adult/porn: 0.0
market: 2.631578947368421
scam/crime: 2.0408163265306123
forum/blog: 2.127659574468085
financial: 13.157894736842104

oscarz6xl57jc4ae.html
drugs: 11.11111111111111
weapons: 8.0
adult/porn: 8.333333333333332
market: 7.894736842105263
scam/crime: 10.204081632653061
forum/blog: 2.127659574468085
financial: 18.421052631578945

v4t3ogtrdoe6ozkn.html
drugs: 12.962962962962962
weapons: 0.0
adult/porn: 1.1904761904761905
market: 2.631578947368421
scam/crime: 4.081632653061225
forum/blog: 0.0
financial: 0.0

expressobutiolem.html
drugs: 1.8518518518518516
weapons: 0.0
adult/porn: 4.761904761904762
market: 13.157894736842104
scam/crime: 18.367346938775512
forum/blog: 27.659574468085108
financial: 18.421052631578945

srwmltrmx5uy3j74adakpixaptlr2lie42cshrlglsyy2mml24hcs4id.html
drugs: 16.666666666666664
weapons: 8.0
adult/porn: 7.142857142857142
market: 42.10526315789473
scam/crime: 24.489795918367346
forum/blog: 21.27659574468085
financial: 55.26315789473685

vscvkdcnjpwkdumrrnxsfhmx5shkztqzehnkvelpfrzj7sqkra7bcjid.html
drugs: 7.4074074074074066
weapons: 0.0
adult/porn: 0.0
market: 13.157894736842104
scam/crime: 10.204081632653061
forum/blog: 12.76595744680851
financial: 7.894736842105263

thehub7xbw4dc5r2.html
drugs: 0.0
weapons: 4.0
adult/porn: 0.0
market: 2.631578947368421
scam/crime: 0.0
forum/blog: 8.51063829787234
financial: 7.894736842105263

moneyd6327quniuo.html
drugs: 0.0
weapons: 0.0
adult/porn: 0.0
market: 7.894736842105263
scam/crime: 0.0
forum/blog: 2.127659574468085
financial: 10.526315789473683

duskgytldkxiuqc6.html
drugs: 1.8518518518518516
weapons: 0.0
adult/porn: 1.1904761904761905
market: 2.631578947368421
scam/crime: 0.0
forum/blog: 6.382978723404255
financial: 5.263157894736842

bankors4spr7ohze.html
drugs: 0.0
weapons: 0.0
adult/porn: 0.0
market: 0.0
scam/crime: 0.0
forum/blog: 0.0
financial: 0.0

vendorcugc6oppvb.html
drugs: 1.8518518518518516
weapons: 0.0
adult/porn: 1.1904761904761905
market: 5.263157894736842
scam/crime: 2.0408163265306123
forum/blog: 4.25531914893617
financial: 21.052631578947366

cannabi4ewmalq3g.html
drugs: 3.7037037037037033
weapons: 4.0
adult/porn: 0.0
market: 2.631578947368421
scam/crime: 2.0408163265306123
forum/blog: 0.0
financial: 5.263157894736842

bbk7vwlok5a3eika.html
drugs: 7.4074074074074066
weapons: 0.0
adult/porn: 0.0
market: 5.263157894736842
scam/crime: 0.0
forum/blog: 0.0
financial: 7.894736842105263

uq2uolhmkpbfl4yc.html
drugs: 14.814814814814813
weapons: 0.0
adult/porn: 4.761904761904762
market: 21.052631578947366
scam/crime: 18.367346938775512
forum/blog: 12.76595744680851
financial: 34.21052631578947

amazongw6uqefsmo.html
drugs: 7.4074074074074066
weapons: 4.0
adult/porn: 0.0
market: 23.684210526315788
scam/crime: 6.122448979591836
forum/blog: 4.25531914893617
financial: 15.789473684210526

armoryohajjhou5m.html
drugs: 1.8518518518518516
weapons: 4.0
adult/porn: 0.0
market: 2.631578947368421
scam/crime: 4.081632653061225
forum/blog: 2.127659574468085
financial: 7.894736842105263

xdsa5xcrrrxxxolc.html
drugs: 12.962962962962962
weapons: 4.0
adult/porn: 1.1904761904761905
market: 5.263157894736842
scam/crime: 8.16326530612245
forum/blog: 2.127659574468085
financial: 2.631578947368421

y3fpieiezy2sin4a.html
drugs: 7.4074074074074066
weapons: 0.0
adult/porn: 1.1904761904761905
market: 5.263157894736842
scam/crime: 6.122448979591836
forum/blog: 4.25531914893617
financial: 7.894736842105263

banknztmkcm6r44c.html
drugs: 14.814814814814813
weapons: 4.0
adult/porn: 5.952380952380952
market: 26.31578947368421
scam/crime: 22.448979591836736
forum/blog: 21.27659574468085
financial: 39.473684210526315

easyvisa5i67p2hc.html
drugs: 9.25925925925926
weapons: 4.0
adult/porn: 8.333333333333332
market: 21.052631578947366
scam/crime: 14.285714285714285
forum/blog: 10.638297872340425
financial: 34.21052631578947

eucannapggbtppdd.html
drugs: 11.11111111111111
weapons: 0.0
adult/porn: 0.0
market: 2.631578947368421
scam/crime: 2.0408163265306123
forum/blog: 0.0
financial: 5.263157894736842

3dbr5t4pygahedms.html
drugs: 7.4074074074074066
weapons: 4.0
adult/porn: 1.1904761904761905
market: 23.684210526315788
scam/crime: 12.244897959183673
forum/blog: 2.127659574468085
financial: 13.157894736842104

w6uc2htc3lfcs3g2.html
drugs: 20.37037037037037
weapons: 4.0
adult/porn: 3.571428571428571
market: 21.052631578947366
scam/crime: 22.448979591836736
forum/blog: 8.51063829787234
financial: 23.684210526315788

shahz6vf4dqp7dfk.html
drugs: 7.4074074074074066
weapons: 0.0
adult/porn: 2.380952380952381
market: 13.157894736842104
scam/crime: 4.081632653061225
forum/blog: 2.127659574468085
financial: 10.526315789473683

bithacksni2g5u6i.html
drugs: 1.8518518518518516
weapons: 0.0
adult/porn: 0.0
market: 2.631578947368421
scam/crime: 2.0408163265306123
forum/blog: 0.0
financial: 5.263157894736842

qdoqihbtet5jt5qx.html
drugs: 12.962962962962962
weapons: 0.0
adult/porn: 2.380952380952381
market: 21.052631578947366
scam/crime: 20.408163265306122
forum/blog: 10.638297872340425
financial: 42.10526315789473

2uyiwmcn4wudbzcj.html
drugs: 5.555555555555555
weapons: 0.0
adult/porn: 2.380952380952381
market: 15.789473684210526
scam/crime: 14.285714285714285
forum/blog: 10.638297872340425
financial: 18.421052631578945

fzqnrlcvhkgbdwx5.html
drugs: 3.7037037037037033
weapons: 4.0
adult/porn: 0.0
market: 2.631578947368421
scam/crime: 2.0408163265306123
forum/blog: 0.0
financial: 5.263157894736842

x35fpxqbgelkcouz.html
drugs: 3.7037037037037033
weapons: 0.0
adult/porn: 4.761904761904762
market: 5.263157894736842
scam/crime: 8.16326530612245
forum/blog: 23.404255319148938
financial: 10.526315789473683

ccmen5ivf6em3m3s.html
drugs: 5.555555555555555
weapons: 8.0
adult/porn: 2.380952380952381
market: 23.684210526315788
scam/crime: 14.285714285714285
forum/blog: 12.76595744680851
financial: 31.57894736842105

mke3j4vlpo3ccmu4.html
drugs: 0.0
weapons: 0.0
adult/porn: 0.0
market: 0.0
scam/crime: 4.081632653061225
forum/blog: 2.127659574468085
financial: 7.894736842105263

2kka4f23pcxgqkpv.html
drugs: 1.8518518518518516
weapons: 4.0
adult/porn: 0.0
market: 2.631578947368421
scam/crime: 2.0408163265306123
forum/blog: 0.0
financial: 7.894736842105263

erghn4uraag3kqwt.html
drugs: 9.25925925925926
weapons: 4.0
adult/porn: 4.761904761904762
market: 18.421052631578945
scam/crime: 14.285714285714285
forum/blog: 10.638297872340425
financial: 26.31578947368421

ab2moc6ot2wkvua7.html
drugs: 27.77777777777778
weapons: 12.0
adult/porn: 16.666666666666664
market: 55.26315789473685
scam/crime: 44.89795918367347
forum/blog: 38.297872340425535
financial: 65.78947368421053

electrotev3tgo2p.html
drugs: 5.555555555555555
weapons: 0.0
adult/porn: 1.1904761904761905
market: 7.894736842105263
scam/crime: 2.0408163265306123
forum/blog: 2.127659574468085
financial: 2.631578947368421

talismanrestz7mr.html
drugs: 0.0
weapons: 4.0
adult/porn: 0.0
market: 0.0
scam/crime: 0.0
forum/blog: 0.0
financial: 0.0

rswwpapessp3xxpw.html
drugs: 1.8518518518518516
weapons: 4.0
adult/porn: 1.1904761904761905
market: 0.0
scam/crime: 6.122448979591836
forum/blog: 4.25531914893617
financial: 10.526315789473683

gemyxcnyumuqabep4uod2aaoim7bvzrhipdcrdmlgueqjpfc4lypn3yd.html
drugs: 0.0
weapons: 0.0
adult/porn: 0.0
market: 2.631578947368421
scam/crime: 2.0408163265306123
forum/blog: 0.0
financial: 13.157894736842104

y55zbhan7hft2dqn.html
drugs: 14.814814814814813
weapons: 4.0
adult/porn: 7.142857142857142
market: 39.473684210526315
scam/crime: 22.448979591836736
forum/blog: 14.893617021276595
financial: 50.0

ib62tqf55t7f34ay7fhspcgk2a43pjkwquegwkhcewivratwg2oy3mad.html
drugs: 5.555555555555555
weapons: 0.0
adult/porn: 2.380952380952381
market: 15.789473684210526
scam/crime: 14.285714285714285
forum/blog: 10.638297872340425
financial: 15.789473684210526

5p6dpc344vsbigv7.html
drugs: 7.4074074074074066
weapons: 0.0
adult/porn: 3.571428571428571
market: 10.526315789473683
scam/crime: 10.204081632653061
forum/blog: 21.27659574468085
financial: 21.052631578947366

iqpoaloqyiocskovifuviutyazytde4a7j65b5nn6dawtebvke2nkyid.html
drugs: 12.962962962962962
weapons: 0.0
adult/porn: 1.1904761904761905
market: 23.684210526315788
scam/crime: 14.285714285714285
forum/blog: 8.51063829787234
financial: 26.31578947368421

ayax72viounf5gkn.html
drugs: 1.8518518518518516
weapons: 0.0
adult/porn: 0.0
market: 5.263157894736842
scam/crime: 2.0408163265306123
forum/blog: 2.127659574468085
financial: 15.789473684210526

cfactoryxecooa6l.html
drugs: 5.555555555555555
weapons: 0.0
adult/porn: 1.1904761904761905
market: 5.263157894736842
scam/crime: 6.122448979591836
forum/blog: 2.127659574468085
financial: 7.894736842105263

lordpg3nluytdenw.html
drugs: 7.4074074074074066
weapons: 4.0
adult/porn: 3.571428571428571
market: 21.052631578947366
scam/crime: 12.244897959183673
forum/blog: 4.25531914893617
financial: 39.473684210526315

whg2stauorc4wddb.html
drugs: 1.8518518518518516
weapons: 0.0
adult/porn: 1.1904761904761905
market: 13.157894736842104
scam/crime: 2.0408163265306123
forum/blog: 10.638297872340425
financial: 26.31578947368421

penguinsmbshtgmf.html
drugs: 5.555555555555555
weapons: 0.0
adult/porn: 3.571428571428571
market: 2.631578947368421
scam/crime: 4.081632653061225
forum/blog: 10.638297872340425
financial: 10.526315789473683

blackmartqjhpnzh.html
drugs: 1.8518518518518516
weapons: 8.0
adult/porn: 3.571428571428571
market: 0.0
scam/crime: 6.122448979591836
forum/blog: 8.51063829787234
financial: 13.157894736842104

xplayyyyyirxui4n.html
drugs: 0.0
weapons: 0.0
adult/porn: 0.0
market: 0.0
scam/crime: 0.0
forum/blog: 0.0
financial: 0.0

ofvibtptm3c3vxxw.html
drugs: 3.7037037037037033
weapons: 0.0
adult/porn: 4.761904761904762
market: 5.263157894736842
scam/crime: 8.16326530612245
forum/blog: 23.404255319148938
financial: 10.526315789473683

instapayickpt3tu.html
drugs: 0.0
weapons: 0.0
adult/porn: 0.0
market: 0.0
scam/crime: 0.0
forum/blog: 0.0
financial: 0.0

vend2qz3bva3jhol.html
drugs: 9.25925925925926
weapons: 0.0
adult/porn: 2.380952380952381
market: 23.684210526315788
scam/crime: 8.16326530612245
forum/blog: 10.638297872340425
financial: 15.789473684210526

xyaukzqqcdkop4ui.html
drugs: 12.962962962962962
weapons: 4.0
adult/porn: 4.761904761904762
market: 18.421052631578945
scam/crime: 12.244897959183673
forum/blog: 12.76595744680851
financial: 28.947368421052634

invest775zkbmhiy.html
drugs: 9.25925925925926
weapons: 0.0
adult/porn: 5.952380952380952
market: 13.157894736842104
scam/crime: 12.244897959183673
forum/blog: 2.127659574468085
financial: 21.052631578947366

xfmro77i3lixucja.html
drugs: 0.0
weapons: 4.0
adult/porn: 3.571428571428571
market: 2.631578947368421
scam/crime: 0.0
forum/blog: 2.127659574468085
financial: 2.631578947368421

cashcc2z43vh5xtj.html
drugs: 22.22222222222222
weapons: 16.0
adult/porn: 11.904761904761903
market: 55.26315789473685
scam/crime: 38.775510204081634
forum/blog: 38.297872340425535
financial: 65.78947368421053

applekpoykqqdjo5.html
drugs: 14.814814814814813
weapons: 8.0
adult/porn: 17.857142857142858
market: 63.1578947368421
scam/crime: 28.57142857142857
forum/blog: 38.297872340425535
financial: 42.10526315789473

acteam2mf2ubo5hapf2dgsj4h7kjembfy4c6pmlkpueobucl2b3oyyqd.html
drugs: 7.4074074074074066
weapons: 4.0
adult/porn: 2.380952380952381
market: 15.789473684210526
scam/crime: 6.122448979591836
forum/blog: 4.25531914893617
financial: 31.57894736842105

meqqoxfrjrbicl2l.html
drugs: 12.962962962962962
weapons: 8.0
adult/porn: 5.952380952380952
market: 23.684210526315788
scam/crime: 20.408163265306122
forum/blog: 12.76595744680851
financial: 31.57894736842105

thundersplv36ecb.html
drugs: 0.0
weapons: 0.0
adult/porn: 0.0
market: 0.0
scam/crime: 0.0
forum/blog: 0.0
financial: 0.0

lrcnreaelox6ccu6qnr77jlz5vbsba2davmtncb6plpklkpgrlhx2sad.html
drugs: 0.0
weapons: 0.0
adult/porn: 0.0
market: 0.0
scam/crime: 0.0
forum/blog: 6.382978723404255
financial: 2.631578947368421

zzzzzzzuk2dl5sp7ugqdxctuprve5tjxj6tx3svz5y6qom5hczb2jdyd.html
drugs: 25.925925925925924
weapons: 16.0
adult/porn: 10.714285714285714
market: 47.368421052631575
scam/crime: 34.69387755102041
forum/blog: 27.659574468085108
financial: 71.05263157894737

he22pncoselnm54h.html
drugs: 12.962962962962962
weapons: 8.0
adult/porn: 7.142857142857142
market: 28.947368421052634
scam/crime: 16.3265306122449
forum/blog: 23.404255319148938
financial: 47.368421052631575

secushare.cheettyiapsyciew.html
drugs: 9.25925925925926
weapons: 8.0
adult/porn: 10.714285714285714
market: 13.157894736842104
scam/crime: 14.285714285714285
forum/blog: 51.06382978723404
financial: 21.052631578947366

ly75dbzixy7hlp663j32xo4dtoiikm6bxb53jvivqkpo6jwppptx3sad.html
drugs: 42.592592592592595
weapons: 8.0
adult/porn: 4.761904761904762
market: 31.57894736842105
scam/crime: 24.489795918367346
forum/blog: 27.659574468085108
financial: 36.84210526315789

torc5bhzq6xorhb4.html
drugs: 0.0
weapons: 0.0
adult/porn: 3.571428571428571
market: 0.0
scam/crime: 4.081632653061225
forum/blog: 6.382978723404255
financial: 0.0

pzog5c75czwr7pehzgzcfq26geymqqwqmlh5wqhcawf42h4ac2qjrpid.html
drugs: 1.8518518518518516
weapons: 0.0
adult/porn: 1.1904761904761905
market: 5.263157894736842
scam/crime: 2.0408163265306123
forum/blog: 2.127659574468085
financial: 7.894736842105263

cccenterse4ofwp6.html
drugs: 0.0
weapons: 0.0
adult/porn: 1.1904761904761905
market: 0.0
scam/crime: 0.0
forum/blog: 0.0
financial: 10.526315789473683

accsaphx55wcxaxd.html
drugs: 7.4074074074074066
weapons: 4.0
adult/porn: 4.761904761904762
market: 26.31578947368421
scam/crime: 6.122448979591836
forum/blog: 17.02127659574468
financial: 31.57894736842105

ppccpzam4nurujzv.html
drugs: 11.11111111111111
weapons: 8.0
adult/porn: 1.1904761904761905
market: 23.684210526315788
scam/crime: 18.367346938775512
forum/blog: 25.53191489361702
financial: 36.84210526315789

blackccyuvti57v7.html
drugs: 0.0
weapons: 0.0
adult/porn: 1.1904761904761905
market: 2.631578947368421
scam/crime: 0.0
forum/blog: 0.0
financial: 2.631578947368421

kxojy6ygju4h6lwn.html
drugs: 9.25925925925926
weapons: 0.0
adult/porn: 1.1904761904761905
market: 26.31578947368421
scam/crime: 8.16326530612245
forum/blog: 17.02127659574468
financial: 18.421052631578945

cjakglmv3vidqwgt.html
drugs: 0.0
weapons: 0.0
adult/porn: 0.0
market: 0.0
scam/crime: 0.0
forum/blog: 0.0
financial: 0.0

drugss5mif4vrbws.html
drugs: 1.8518518518518516
weapons: 0.0
adult/porn: 0.0
market: 0.0
scam/crime: 0.0
forum/blog: 0.0
financial: 2.631578947368421

yip2pklv6nivtzrq.html
drugs: 5.555555555555555
weapons: 0.0
adult/porn: 7.142857142857142
market: 2.631578947368421
scam/crime: 16.3265306122449
forum/blog: 25.53191489361702
financial: 18.421052631578945

clonedusbmna6mmw.html
drugs: 18.51851851851852
weapons: 4.0
adult/porn: 4.761904761904762
market: 23.684210526315788
scam/crime: 26.53061224489796
forum/blog: 21.27659574468085
financial: 39.473684210526315

b2lqdo3v4tphyqbf.html
drugs: 11.11111111111111
weapons: 8.0
adult/porn: 11.904761904761903
market: 7.894736842105263
scam/crime: 20.408163265306122
forum/blog: 36.17021276595745
financial: 21.052631578947366

bpo4ybbs2apk4sk4.html
drugs: 0.0
weapons: 0.0
adult/porn: 0.0
market: 0.0
scam/crime: 0.0
forum/blog: 0.0
financial: 0.0

35flmpspwpnarbos.html
drugs: 5.555555555555555
weapons: 0.0
adult/porn: 2.380952380952381
market: 15.789473684210526
scam/crime: 12.244897959183673
forum/blog: 10.638297872340425
financial: 13.157894736842104

gc4youuhrzbp5rlm.html
drugs: 7.4074074074074066
weapons: 4.0
adult/porn: 9.523809523809524
market: 21.052631578947366
scam/crime: 6.122448979591836
forum/blog: 14.893617021276595
financial: 26.31578947368421

uddlxqhteqsujguz.html
drugs: 0.0
weapons: 0.0
adult/porn: 1.1904761904761905
market: 0.0
scam/crime: 2.0408163265306123
forum/blog: 2.127659574468085
financial: 2.631578947368421

ninja623l33nwxfu.html
drugs: 5.555555555555555
weapons: 0.0
adult/porn: 2.380952380952381
market: 10.526315789473683
scam/crime: 6.122448979591836
forum/blog: 12.76595744680851
financial: 10.526315789473683

chchchiasaeljqgs.html
drugs: 7.4074074074074066
weapons: 4.0
adult/porn: 5.952380952380952
market: 7.894736842105263
scam/crime: 18.367346938775512
forum/blog: 12.76595744680851
financial: 15.789473684210526

6lczfj6jasxcoztq.html
drugs: 7.4074074074074066
weapons: 0.0
adult/porn: 2.380952380952381
market: 5.263157894736842
scam/crime: 2.0408163265306123
forum/blog: 4.25531914893617
financial: 7.894736842105263

bitpw7stentgch5y.html
drugs: 5.555555555555555
weapons: 0.0
adult/porn: 1.1904761904761905
market: 7.894736842105263
scam/crime: 14.285714285714285
forum/blog: 12.76595744680851
financial: 21.052631578947366

clgs64523yi2bkhz.html
drugs: 5.555555555555555
weapons: 8.0
adult/porn: 3.571428571428571
market: 13.157894736842104
scam/crime: 10.204081632653061
forum/blog: 31.914893617021278
financial: 7.894736842105263

3r7ailix2glqhrwb.html
drugs: 3.7037037037037033
weapons: 0.0
adult/porn: 4.761904761904762
market: 5.263157894736842
scam/crime: 8.16326530612245
forum/blog: 23.404255319148938
financial: 10.526315789473683

drugszun7tvsgsaa.html
drugs: 42.592592592592595
weapons: 4.0
adult/porn: 4.761904761904762
market: 28.947368421052634
scam/crime: 18.367346938775512
forum/blog: 6.382978723404255
financial: 21.052631578947366

midcity7ccxtrzhn.html
drugs: 25.925925925925924
weapons: 4.0
adult/porn: 11.904761904761903
market: 21.052631578947366
scam/crime: 12.244897959183673
forum/blog: 12.76595744680851
financial: 26.31578947368421

allbtcr3kvhuwqvc.html
drugs: 14.814814814814813
weapons: 4.0
adult/porn: 5.952380952380952
market: 26.31578947368421
scam/crime: 24.489795918367346
forum/blog: 21.27659574468085
financial: 36.84210526315789

nexuspaycjnhjkwh.html
drugs: 12.962962962962962
weapons: 0.0
adult/porn: 9.523809523809524
market: 34.21052631578947
scam/crime: 22.448979591836736
forum/blog: 19.148936170212767
financial: 52.63157894736842

ndntmfusjmj6tkpl.html
drugs: 46.2962962962963
weapons: 48.0
adult/porn: 30.952380952380953
market: 78.94736842105263
scam/crime: 63.26530612244898
forum/blog: 87.2340425531915
financial: 84.21052631578947

ai6snpi55zufypi2.html
drugs: 7.4074074074074066
weapons: 4.0
adult/porn: 3.571428571428571
market: 15.789473684210526
scam/crime: 12.244897959183673
forum/blog: 12.76595744680851
financial: 21.052631578947366

2tq6nz2a3ijn4yhh.html
drugs: 0.0
weapons: 0.0
adult/porn: 0.0
market: 0.0
scam/crime: 0.0
forum/blog: 2.127659574468085
financial: 2.631578947368421

zrwxcayqc4jgggnm.html
drugs: 0.0
weapons: 0.0
adult/porn: 0.0
market: 0.0
scam/crime: 0.0
forum/blog: 4.25531914893617
financial: 0.0

familybw6azkhjsc.html
drugs: 0.0
weapons: 0.0
adult/porn: 1.1904761904761905
market: 0.0
scam/crime: 0.0
forum/blog: 0.0
financial: 0.0

dwlonion3o3pjqsl.html
drugs: 20.37037037037037
weapons: 16.0
adult/porn: 9.523809523809524
market: 26.31578947368421
scam/crime: 36.734693877551024
forum/blog: 42.5531914893617
financial: 36.84210526315789

btcsafefwiacwafb.html
drugs: 0.0
weapons: 0.0
adult/porn: 0.0
market: 0.0
scam/crime: 0.0
forum/blog: 0.0
financial: 0.0

nh5hqktdhe2gogsb.html
drugs: 7.4074074074074066
weapons: 4.0
adult/porn: 2.380952380952381
market: 15.789473684210526
scam/crime: 10.204081632653061
forum/blog: 12.76595744680851
financial: 21.052631578947366

dirnxxdraygbifgc.html
drugs: 22.22222222222222
weapons: 16.0
adult/porn: 15.476190476190476
market: 26.31578947368421
scam/crime: 38.775510204081634
forum/blog: 51.06382978723404
financial: 44.73684210526316

clonexp3j3qdjdvp.html
drugs: 11.11111111111111
weapons: 8.0
adult/porn: 3.571428571428571
market: 18.421052631578945
scam/crime: 12.244897959183673
forum/blog: 17.02127659574468
financial: 23.684210526315788

w7cgqtsmycxoz7gl.html
drugs: 5.555555555555555
weapons: 0.0
adult/porn: 0.0
market: 15.789473684210526
scam/crime: 6.122448979591836
forum/blog: 2.127659574468085
financial: 13.157894736842104

kbzo63kbtdp35cgf.html
drugs: 9.25925925925926
weapons: 0.0
adult/porn: 2.380952380952381
market: 13.157894736842104
scam/crime: 6.122448979591836
forum/blog: 2.127659574468085
financial: 18.421052631578945

uge64izcjdxbew6hfavpblgdrzqep3emrp5xydsly5glqbxogvxbfwid.html
drugs: 22.22222222222222
weapons: 4.0
adult/porn: 8.333333333333332
market: 47.368421052631575
scam/crime: 32.6530612244898
forum/blog: 31.914893617021278
financial: 57.89473684210527

rhe4faeuhjs4ldc5.html
drugs: 5.555555555555555
weapons: 4.0
adult/porn: 3.571428571428571
market: 5.263157894736842
scam/crime: 4.081632653061225
forum/blog: 12.76595744680851
financial: 2.631578947368421

pncldyerk4gqofhp.html
drugs: 0.0
weapons: 0.0
adult/porn: 1.1904761904761905
market: 0.0
scam/crime: 0.0
forum/blog: 4.25531914893617
financial: 2.631578947368421

escortnokqqptuxz.html
drugs: 5.555555555555555
weapons: 4.0
adult/porn: 10.714285714285714
market: 5.263157894736842
scam/crime: 6.122448979591836
forum/blog: 21.27659574468085
financial: 10.526315789473683

golddig65dfkenb4.html
drugs: 7.4074074074074066
weapons: 0.0
adult/porn: 0.0
market: 10.526315789473683
scam/crime: 4.081632653061225
forum/blog: 0.0
financial: 7.894736842105263

ozon3kdtlr6gtzjn.html
drugs: 0.0
weapons: 0.0
adult/porn: 0.0
market: 0.0
scam/crime: 0.0
forum/blog: 0.0
financial: 0.0

snovzruogrfrh252.html
drugs: 7.4074074074074066
weapons: 0.0
adult/porn: 1.1904761904761905
market: 23.684210526315788
scam/crime: 20.408163265306122
forum/blog: 14.893617021276595
financial: 15.789473684210526

timaq4ygg2iegci7.html
drugs: 0.0
weapons: 4.0
adult/porn: 1.1904761904761905
market: 0.0
scam/crime: 4.081632653061225
forum/blog: 10.638297872340425
financial: 5.263157894736842

tj2dl4f4piiyke4i.html
drugs: 11.11111111111111
weapons: 12.0
adult/porn: 10.714285714285714
market: 28.947368421052634
scam/crime: 18.367346938775512
forum/blog: 8.51063829787234
financial: 52.63157894736842

goldqoxx2w7os2h3.html
drugs: 5.555555555555555
weapons: 0.0
adult/porn: 2.380952380952381
market: 10.526315789473683
scam/crime: 8.16326530612245
forum/blog: 4.25531914893617
financial: 28.947368421052634

egixqvttogpxc75f.html
drugs: 0.0
weapons: 4.0
adult/porn: 1.1904761904761905
market: 10.526315789473683
scam/crime: 6.122448979591836
forum/blog: 2.127659574468085
financial: 21.052631578947366

4gj66ltkilkyutyw.html
drugs: 20.37037037037037
weapons: 8.0
adult/porn: 5.952380952380952
market: 47.368421052631575
scam/crime: 24.489795918367346
forum/blog: 14.893617021276595
financial: 50.0

mc5qpimdpfp7pnwc.html
drugs: 5.555555555555555
weapons: 0.0
adult/porn: 2.380952380952381
market: 7.894736842105263
scam/crime: 10.204081632653061
forum/blog: 8.51063829787234
financial: 13.157894736842104

xki4jbhk64b2efkn.html
drugs: 0.0
weapons: 0.0
adult/porn: 0.0
market: 5.263157894736842
scam/crime: 2.0408163265306123
forum/blog: 4.25531914893617
financial: 18.421052631578945

wuvdsbmbwyjzsgei.html
drugs: 1.8518518518518516
weapons: 0.0
adult/porn: 0.0
market: 2.631578947368421
scam/crime: 4.081632653061225
forum/blog: 6.382978723404255
financial: 2.631578947368421

ppcentrend4erspk.html
drugs: 0.0
weapons: 0.0
adult/porn: 3.571428571428571
market: 5.263157894736842
scam/crime: 4.081632653061225
forum/blog: 12.76595744680851
financial: 10.526315789473683

p4o6v54dvdc6v5wo.html
drugs: 20.37037037037037
weapons: 12.0
adult/porn: 7.142857142857142
market: 28.947368421052634
scam/crime: 22.448979591836736
forum/blog: 27.659574468085108
financial: 47.368421052631575

mzeh627q7bmzsoxozampnsstkfnby2zvm3y73qcsy43n3eaveehqjoyd.html
drugs: 20.37037037037037
weapons: 16.0
adult/porn: 4.761904761904762
market: 15.789473684210526
scam/crime: 10.204081632653061
forum/blog: 4.25531914893617
financial: 15.789473684210526

cpartywvpihlabsy.html
drugs: 0.0
weapons: 0.0
adult/porn: 1.1904761904761905
market: 0.0
scam/crime: 2.0408163265306123
forum/blog: 8.51063829787234
financial: 5.263157894736842

cavetord6bosm3sl.html
drugs: 33.33333333333333
weapons: 28.000000000000004
adult/porn: 25.0
market: 52.63157894736842
scam/crime: 36.734693877551024
forum/blog: 40.42553191489361
financial: 42.10526315789473

usjudr3c6ez6tesi.html
drugs: 5.555555555555555
weapons: 4.0
adult/porn: 3.571428571428571
market: 7.894736842105263
scam/crime: 6.122448979591836
forum/blog: 6.382978723404255
financial: 10.526315789473683

totozzimg6zbvthl.html
drugs: 0.0
weapons: 0.0
adult/porn: 0.0
market: 0.0
scam/crime: 0.0
forum/blog: 0.0
financial: 0.0

64bndst3ktyfxbsq.html
drugs: 1.8518518518518516
weapons: 0.0
adult/porn: 0.0
market: 0.0
scam/crime: 0.0
forum/blog: 0.0
financial: 0.0

deepdot35wvmeyd5.html
drugs: 0.0
weapons: 0.0
adult/porn: 0.0
market: 0.0
scam/crime: 2.0408163265306123
forum/blog: 2.127659574468085
financial: 2.631578947368421

trn53kchmnc2tgzp.html
drugs: 3.7037037037037033
weapons: 0.0
adult/porn: 4.761904761904762
market: 5.263157894736842
scam/crime: 8.16326530612245
forum/blog: 23.404255319148938
financial: 10.526315789473683

c2qzddqjccyy4qem.html
drugs: 7.4074074074074066
weapons: 0.0
adult/porn: 0.0
market: 18.421052631578945
scam/crime: 16.3265306122449
forum/blog: 8.51063829787234
financial: 31.57894736842105

xqxf2ggcud2kntck.html
drugs: 3.7037037037037033
weapons: 0.0
adult/porn: 4.761904761904762
market: 5.263157894736842
scam/crime: 8.16326530612245
forum/blog: 23.404255319148938
financial: 10.526315789473683

pgdnvi6nf26gbzgf.html
drugs: 3.7037037037037033
weapons: 0.0
adult/porn: 4.761904761904762
market: 5.263157894736842
scam/crime: 8.16326530612245
forum/blog: 23.404255319148938
financial: 10.526315789473683

rutorzzmfflzllk5.html
drugs: 1.8518518518518516
weapons: 8.0
adult/porn: 3.571428571428571
market: 0.0
scam/crime: 6.122448979591836
forum/blog: 8.51063829787234
financial: 13.157894736842104

cashoutt3qd4t5bo.html
drugs: 0.0
weapons: 0.0
adult/porn: 2.380952380952381
market: 0.0
scam/crime: 0.0
forum/blog: 4.25531914893617
financial: 7.894736842105263

hdwikicorldcisiy.html
drugs: 0.0
weapons: 0.0
adult/porn: 0.0
market: 2.631578947368421
scam/crime: 2.0408163265306123
forum/blog: 12.76595744680851
financial: 5.263157894736842

tordex7iie7z2wcg.html
drugs: 0.0
weapons: 0.0
adult/porn: 0.0
market: 0.0
scam/crime: 2.0408163265306123
forum/blog: 6.382978723404255
financial: 2.631578947368421

blackph5fuiz72bf.html
drugs: 16.666666666666664
weapons: 0.0
adult/porn: 4.761904761904762
market: 2.631578947368421
scam/crime: 10.204081632653061
forum/blog: 4.25531914893617
financial: 10.526315789473683

webaqp4igb7miec7.html
drugs: 11.11111111111111
weapons: 20.0
adult/porn: 5.952380952380952
market: 18.421052631578945
scam/crime: 8.16326530612245
forum/blog: 17.02127659574468
financial: 13.157894736842104

carddumpa36spoya.html
drugs: 9.25925925925926
weapons: 4.0
adult/porn: 0.0
market: 7.894736842105263
scam/crime: 10.204081632653061
forum/blog: 19.148936170212767
financial: 36.84210526315789

darknet4rbfizlg53dwc5lt5hj4mewcgltubcpvrfpvjavm64inaf3ad.html
drugs: 0.0
weapons: 0.0
adult/porn: 1.1904761904761905
market: 0.0
scam/crime: 0.0
forum/blog: 0.0
financial: 0.0

ccaz3dzqrouqshop.html
drugs: 5.555555555555555
weapons: 0.0
adult/porn: 2.380952380952381
market: 10.526315789473683
scam/crime: 6.122448979591836
forum/blog: 2.127659574468085
financial: 7.894736842105263

6f6ejaiiixypfqaf.html
drugs: 3.7037037037037033
weapons: 0.0
adult/porn: 10.714285714285714
market: 7.894736842105263
scam/crime: 8.16326530612245
forum/blog: 23.404255319148938
financial: 5.263157894736842

ksoteuqdvuzfwqbx.html
drugs: 14.814814814814813
weapons: 4.0
adult/porn: 7.142857142857142
market: 39.473684210526315
scam/crime: 22.448979591836736
forum/blog: 14.893617021276595
financial: 50.0

blackhost5xlrhev.html
drugs: 5.555555555555555
weapons: 4.0
adult/porn: 11.904761904761903
market: 15.789473684210526
scam/crime: 10.204081632653061
forum/blog: 34.04255319148936
financial: 21.052631578947366

blackmazzm6g7kiok4a7tdkhnwik5w3dxynl22po3ih2rp6zwolgfmad.html
drugs: 1.8518518518518516
weapons: 0.0
adult/porn: 1.1904761904761905
market: 5.263157894736842
scam/crime: 4.081632653061225
forum/blog: 2.127659574468085
financial: 5.263157894736842

kcn476k7jxzcbkobgb2xjfospodpwnjrpqailjjqg4q2uq5juiiwy5id.html
drugs: 0.0
weapons: 0.0
adult/porn: 1.1904761904761905
market: 0.0
scam/crime: 0.0
forum/blog: 0.0
financial: 10.526315789473683

paypaltjyuuggfuz.html
drugs: 9.25925925925926
weapons: 4.0
adult/porn: 2.380952380952381
market: 7.894736842105263
scam/crime: 6.122448979591836
forum/blog: 2.127659574468085
financial: 15.789473684210526

v4t3rb4gpei5vixb.html
drugs: 29.629629629629626
weapons: 4.0
adult/porn: 9.523809523809524
market: 18.421052631578945
scam/crime: 18.367346938775512
forum/blog: 12.76595744680851
financial: 13.157894736842104

hiddenz7c5ilffe3hq2qawguqnmffg7awyuiqmernrnvxvixyogt7dqd.html
drugs: 18.51851851851852
weapons: 8.0
adult/porn: 4.761904761904762
market: 39.473684210526315
scam/crime: 28.57142857142857
forum/blog: 25.53191489361702
financial: 63.1578947368421

auw6fzx756f6gqcd.html
drugs: 7.4074074074074066
weapons: 0.0
adult/porn: 0.0
market: 5.263157894736842
scam/crime: 0.0
forum/blog: 0.0
financial: 7.894736842105263

cannazon4gbjluus.html
drugs: 0.0
weapons: 0.0
adult/porn: 0.0
market: 0.0
scam/crime: 0.0
forum/blog: 2.127659574468085
financial: 0.0

creditclap4h3w6b.html
drugs: 1.8518518518518516
weapons: 0.0
adult/porn: 1.1904761904761905
market: 5.263157894736842
scam/crime: 2.0408163265306123
forum/blog: 4.25531914893617
financial: 21.052631578947366

222222222xn2ozdb2mjnkjrvcopf5thb6la6yj24jvyjqrbohx5kccid.html
drugs: 16.666666666666664
weapons: 8.0
adult/porn: 7.142857142857142
market: 42.10526315789473
scam/crime: 24.489795918367346
forum/blog: 21.27659574468085
financial: 55.26315789473685

3bd7kkf7xm2fcthbm6ynqwg6i5crl46o4hfmllbgtkpwhlzkbdsju6id.html
drugs: 0.0
weapons: 0.0
adult/porn: 0.0
market: 0.0
scam/crime: 0.0
forum/blog: 6.382978723404255
financial: 2.631578947368421

ygrqgcnoodnqdmlc.html
drugs: 9.25925925925926
weapons: 0.0
adult/porn: 4.761904761904762
market: 5.263157894736842
scam/crime: 10.204081632653061
forum/blog: 4.25531914893617
financial: 2.631578947368421

33wxmjuxfe2uec6ey5jyn4iiegmyg6l5surs63w4kodilkgpuhqjroyd.html
drugs: 12.962962962962962
weapons: 0.0
adult/porn: 7.142857142857142
market: 18.421052631578945
scam/crime: 26.53061224489796
forum/blog: 19.148936170212767
financial: 31.57894736842105

hss3uro2hsxfogfq.html
drugs: 0.0
weapons: 0.0
adult/porn: 0.0
market: 0.0
scam/crime: 0.0
forum/blog: 0.0
financial: 0.0

lzogc3coyafxtfir3u6w7cms6t3zgyldgvwtw7lmq6e5pdfy5vqu57id.html
drugs: 22.22222222222222
weapons: 4.0
adult/porn: 7.142857142857142
market: 28.947368421052634
scam/crime: 16.3265306122449
forum/blog: 14.893617021276595
financial: 47.368421052631575

stacwitkktemyvgs.html
drugs: 0.0
weapons: 0.0
adult/porn: 1.1904761904761905
market: 0.0
scam/crime: 0.0
forum/blog: 2.127659574468085
financial: 0.0

iz56hciijqh5uh5u.html
drugs: 5.555555555555555
weapons: 8.0
adult/porn: 13.095238095238097
market: 7.894736842105263
scam/crime: 8.16326530612245
forum/blog: 2.127659574468085
financial: 10.526315789473683

agc3x6jxnhv5f6i3.html
drugs: 7.4074074074074066
weapons: 4.0
adult/porn: 2.380952380952381
market: 15.789473684210526
scam/crime: 10.204081632653061
forum/blog: 12.76595744680851
financial: 21.052631578947366

cashyjun2yp4tiub.html
drugs: 22.22222222222222
weapons: 12.0
adult/porn: 10.714285714285714
market: 50.0
scam/crime: 38.775510204081634
forum/blog: 34.04255319148936
financial: 60.526315789473685

torccwpcp6nzhlfs.html
drugs: 11.11111111111111
weapons: 0.0
adult/porn: 3.571428571428571
market: 26.31578947368421
scam/crime: 20.408163265306122
forum/blog: 25.53191489361702
financial: 47.368421052631575

dragonccmlb5cd7w.html
drugs: 20.37037037037037
weapons: 8.0
adult/porn: 3.571428571428571
market: 23.684210526315788
scam/crime: 12.244897959183673
forum/blog: 8.51063829787234
financial: 31.57894736842105

gunshopzpqbe4kgl.html
drugs: 9.25925925925926
weapons: 20.0
adult/porn: 4.761904761904762
market: 15.789473684210526
scam/crime: 14.285714285714285
forum/blog: 8.51063829787234
financial: 15.789473684210526

fcard5m4hhzj2va46h4tjudjqlmz3ejunpiv6p5pzoh5i2xvvr5vnbqd.html
drugs: 25.925925925925924
weapons: 12.0
adult/porn: 10.714285714285714
market: 47.368421052631575
scam/crime: 40.816326530612244
forum/blog: 36.17021276595745
financial: 65.78947368421053

oybigtz43h5mhflm.html
drugs: 1.8518518518518516
weapons: 0.0
adult/porn: 1.1904761904761905
market: 13.157894736842104
scam/crime: 2.0408163265306123
forum/blog: 10.638297872340425
financial: 26.31578947368421

ugtech3haoipeh3s.html
drugs: 0.0
weapons: 0.0
adult/porn: 1.1904761904761905
market: 2.631578947368421
scam/crime: 0.0
forum/blog: 0.0
financial: 2.631578947368421

besttorzqwulirt5.html
drugs: 7.4074074074074066
weapons: 0.0
adult/porn: 3.571428571428571
market: 26.31578947368421
scam/crime: 12.244897959183673
forum/blog: 10.638297872340425
financial: 39.473684210526315

jguhoxvxp3x6ndre.html
drugs: 5.555555555555555
weapons: 4.0
adult/porn: 2.380952380952381
market: 21.052631578947366
scam/crime: 10.204081632653061
forum/blog: 6.382978723404255
financial: 26.31578947368421

cannazonceujdye3.html
drugs: 0.0
weapons: 0.0
adult/porn: 0.0
market: 0.0
scam/crime: 0.0
forum/blog: 2.127659574468085
financial: 0.0

wdtdhq4x2txvvqby.html
drugs: 20.37037037037037
weapons: 12.0
adult/porn: 15.476190476190476
market: 28.947368421052634
scam/crime: 46.93877551020408
forum/blog: 44.680851063829785
financial: 50.0

ny4a6zwwmrvyjtlu.html
drugs: 5.555555555555555
weapons: 4.0
adult/porn: 0.0
market: 2.631578947368421
scam/crime: 0.0
forum/blog: 2.127659574468085
financial: 2.631578947368421

deepdothh3xqavqx.html
drugs: 5.555555555555555
weapons: 0.0
adult/porn: 1.1904761904761905
market: 18.421052631578945
scam/crime: 14.285714285714285
forum/blog: 21.27659574468085
financial: 23.684210526315788

qeybpwjb7qn2ws2dein5zvsqgxral3shzsobgypzom4oihqfdlvl4uid.html
drugs: 22.22222222222222
weapons: 12.0
adult/porn: 10.714285714285714
market: 50.0
scam/crime: 38.775510204081634
forum/blog: 34.04255319148936
financial: 60.526315789473685

mescrowvbbfqihed.html
drugs: 3.7037037037037033
weapons: 0.0
adult/porn: 0.0
market: 7.894736842105263
scam/crime: 10.204081632653061
forum/blog: 14.893617021276595
financial: 18.421052631578945

tbaown3pd2sfidwx.html
drugs: 5.555555555555555
weapons: 4.0
adult/porn: 2.380952380952381
market: 5.263157894736842
scam/crime: 6.122448979591836
forum/blog: 12.76595744680851
financial: 13.157894736842104

xstftgk5c3hnf2s6.html
drugs: 0.0
weapons: 0.0
adult/porn: 0.0
market: 2.631578947368421
scam/crime: 2.0408163265306123
forum/blog: 0.0
financial: 2.631578947368421

4jcfkzkwbl6t3qq4.html
drugs: 3.7037037037037033
weapons: 0.0
adult/porn: 0.0
market: 5.263157894736842
scam/crime: 4.081632653061225
forum/blog: 2.127659574468085
financial: 15.789473684210526

ihh6byubzfjqzrdo.html
drugs: 12.962962962962962
weapons: 4.0
adult/porn: 4.761904761904762
market: 15.789473684210526
scam/crime: 10.204081632653061
forum/blog: 10.638297872340425
financial: 28.947368421052634

nu5grt6sxtkep757.html
drugs: 0.0
weapons: 0.0
adult/porn: 0.0
market: 2.631578947368421
scam/crime: 0.0
forum/blog: 0.0
financial: 0.0

mystorea4mbkgt76.html
drugs: 1.8518518518518516
weapons: 0.0
adult/porn: 1.1904761904761905
market: 2.631578947368421
scam/crime: 4.081632653061225
forum/blog: 0.0
financial: 2.631578947368421

nudes2fdd6b775zr.html
drugs: 0.0
weapons: 0.0
adult/porn: 7.142857142857142
market: 0.0
scam/crime: 2.0408163265306123
forum/blog: 17.02127659574468
financial: 2.631578947368421

paypal46zyr2uqpn.html
drugs: 0.0
weapons: 0.0
adult/porn: 0.0
market: 0.0
scam/crime: 0.0
forum/blog: 0.0
financial: 0.0

counterfxhjvtrlw.html
drugs: 7.4074074074074066
weapons: 0.0
adult/porn: 4.761904761904762
market: 18.421052631578945
scam/crime: 16.3265306122449
forum/blog: 8.51063829787234
financial: 18.421052631578945

6h6map4z5j2e7xxbokjzcav6susjpcmc32v72k2bki2wzwhqjxd5l2qd.html
drugs: 20.37037037037037
weapons: 12.0
adult/porn: 16.666666666666664
market: 39.473684210526315
scam/crime: 34.69387755102041
forum/blog: 29.78723404255319
financial: 63.1578947368421

sbqaxe6dwiydetyr.html
drugs: 9.25925925925926
weapons: 0.0
adult/porn: 4.761904761904762
market: 15.789473684210526
scam/crime: 20.408163265306122
forum/blog: 21.27659574468085
financial: 34.21052631578947

jh32yv5zgayyyts3.html
drugs: 38.88888888888889
weapons: 36.0
adult/porn: 20.238095238095237
market: 42.10526315789473
scam/crime: 40.816326530612244
forum/blog: 78.72340425531915
financial: 60.526315789473685

6sgjmi53igmg7fm7.html
drugs: 1.8518518518518516
weapons: 4.0
adult/porn: 5.952380952380952
market: 10.526315789473683
scam/crime: 14.285714285714285
forum/blog: 14.893617021276595
financial: 2.631578947368421

hbl6udan73w7qbjdey6chsu5gq5ehrfqbb73jq726kj3khnev2yarlid.html
drugs: 18.51851851851852
weapons: 0.0
adult/porn: 7.142857142857142
market: 31.57894736842105
scam/crime: 18.367346938775512
forum/blog: 14.893617021276595
financial: 42.10526315789473

stacixwftmr27igr.html
drugs: 0.0
weapons: 0.0
adult/porn: 1.1904761904761905
market: 0.0
scam/crime: 0.0
forum/blog: 2.127659574468085
financial: 0.0

ugtechlr4a6x5eab.html
drugs: 0.0
weapons: 0.0
adult/porn: 1.1904761904761905
market: 2.631578947368421
scam/crime: 0.0
forum/blog: 0.0
financial: 2.631578947368421

itilyljv5y4jpx2u.html
drugs: 11.11111111111111
weapons: 4.0
adult/porn: 2.380952380952381
market: 23.684210526315788
scam/crime: 8.16326530612245
forum/blog: 10.638297872340425
financial: 28.947368421052634

zw3crggtadila2sg.html
drugs: 0.0
weapons: 0.0
adult/porn: 0.0
market: 0.0
scam/crime: 0.0
forum/blog: 0.0
financial: 0.0

zx7uws4eygc62dya.html
drugs: 14.814814814814813
weapons: 4.0
adult/porn: 4.761904761904762
market: 26.31578947368421
scam/crime: 16.3265306122449
forum/blog: 10.638297872340425
financial: 34.21052631578947

3ksk72lnqnuogf32ptstwqv3djndtdizdoventuhukfnxovb6y6ohvyd.html
drugs: 16.666666666666664
weapons: 16.0
adult/porn: 4.761904761904762
market: 18.421052631578945
scam/crime: 18.367346938775512
forum/blog: 17.02127659574468
financial: 31.57894736842105

easycard44ybfgoc.html
drugs: 20.37037037037037
weapons: 12.0
adult/porn: 13.095238095238097
market: 28.947368421052634
scam/crime: 40.816326530612244
forum/blog: 38.297872340425535
financial: 47.368421052631575

ftyffwtact6nguwi.html
drugs: 0.0
weapons: 0.0
adult/porn: 1.1904761904761905
market: 0.0
scam/crime: 0.0
forum/blog: 0.0
financial: 0.0

h4nopdvhp2upmvkx.html
drugs: 16.666666666666664
weapons: 4.0
adult/porn: 2.380952380952381
market: 26.31578947368421
scam/crime: 20.408163265306122
forum/blog: 8.51063829787234
financial: 28.947368421052634

pistolcqex2ecr5r.html
drugs: 1.8518518518518516
weapons: 4.0
adult/porn: 0.0
market: 2.631578947368421
scam/crime: 2.0408163265306123
forum/blog: 0.0
financial: 10.526315789473683

o5vuy75oxvwedczyqoappdlqxsuor7avb4gudhkhcvozkf3pv3o4rgqd.html
drugs: 5.555555555555555
weapons: 0.0
adult/porn: 5.952380952380952
market: 13.157894736842104
scam/crime: 16.3265306122449
forum/blog: 8.51063829787234
financial: 28.947368421052634

22ppp3cboaonwjwl.html
drugs: 5.555555555555555
weapons: 12.0
adult/porn: 1.1904761904761905
market: 15.789473684210526
scam/crime: 8.16326530612245
forum/blog: 17.02127659574468
financial: 18.421052631578945

hosting6iar5zo7c.html
drugs: 0.0
weapons: 0.0
adult/porn: 1.1904761904761905
market: 0.0
scam/crime: 0.0
forum/blog: 6.382978723404255
financial: 2.631578947368421

7kuslhhtlooylgu4.html
drugs: 3.7037037037037033
weapons: 0.0
adult/porn: 4.761904761904762
market: 5.263157894736842
scam/crime: 8.16326530612245
forum/blog: 23.404255319148938
financial: 10.526315789473683

5ifblitg2ywjjo2t.html
drugs: 3.7037037037037033
weapons: 0.0
adult/porn: 4.761904761904762
market: 2.631578947368421
scam/crime: 6.122448979591836
forum/blog: 12.76595744680851
financial: 15.789473684210526

parckwartvo7fskp.html
drugs: 0.0
weapons: 4.0
adult/porn: 2.380952380952381
market: 5.263157894736842
scam/crime: 2.0408163265306123
forum/blog: 14.893617021276595
financial: 7.894736842105263

rap7gypjs4v6a7ax.html
drugs: 11.11111111111111
weapons: 12.0
adult/porn: 5.952380952380952
market: 15.789473684210526
scam/crime: 28.57142857142857
forum/blog: 21.27659574468085
financial: 18.421052631578945

greenegbqkyk3ois.html
drugs: 9.25925925925926
weapons: 0.0
adult/porn: 7.142857142857142
market: 23.684210526315788
scam/crime: 8.16326530612245
forum/blog: 6.382978723404255
financial: 34.21052631578947

nql7pv7k32nnqor2.html
drugs: 3.7037037037037033
weapons: 0.0
adult/porn: 3.571428571428571
market: 5.263157894736842
scam/crime: 16.3265306122449
forum/blog: 21.27659574468085
financial: 23.684210526315788

okcardoofkl7l7ns.html
drugs: 16.666666666666664
weapons: 8.0
adult/porn: 1.1904761904761905
market: 15.789473684210526
scam/crime: 14.285714285714285
forum/blog: 14.893617021276595
financial: 28.947368421052634

betxg7wl3ssrtjrr.html
drugs: 11.11111111111111
weapons: 8.0
adult/porn: 3.571428571428571
market: 18.421052631578945
scam/crime: 18.367346938775512
forum/blog: 12.76595744680851
financial: 18.421052631578945

hlpg5p2rc3uou7wr.html
drugs: 20.37037037037037
weapons: 12.0
adult/porn: 13.095238095238097
market: 28.947368421052634
scam/crime: 40.816326530612244
forum/blog: 38.297872340425535
financial: 47.368421052631575

d6d6qr5r5jurtvjh.html
drugs: 5.555555555555555
weapons: 0.0
adult/porn: 0.0
market: 10.526315789473683
scam/crime: 2.0408163265306123
forum/blog: 4.25531914893617
financial: 7.894736842105263

netauth3qialu2ha.html
drugs: 3.7037037037037033
weapons: 0.0
adult/porn: 2.380952380952381
market: 7.894736842105263
scam/crime: 0.0
forum/blog: 14.893617021276595
financial: 13.157894736842104

cashoutxdrebmlj2.html
drugs: 16.666666666666664
weapons: 0.0
adult/porn: 8.333333333333332
market: 55.26315789473685
scam/crime: 22.448979591836736
forum/blog: 29.78723404255319
financial: 65.78947368421053

iphonegwasqieryi.html
drugs: 16.666666666666664
weapons: 0.0
adult/porn: 7.142857142857142
market: 34.21052631578947
scam/crime: 16.3265306122449
forum/blog: 6.382978723404255
financial: 21.052631578947366

jce2kbq5ferrgppvmrxjnujjkxl5vu6ch737m26cf2ynuaqs3aueavqd.html
drugs: 14.814814814814813
weapons: 4.0
adult/porn: 7.142857142857142
market: 39.473684210526315
scam/crime: 22.448979591836736
forum/blog: 14.893617021276595
financial: 50.0

queencdcguevwedi.html
drugs: 18.51851851851852
weapons: 4.0
adult/porn: 5.952380952380952
market: 28.947368421052634
scam/crime: 22.448979591836736
forum/blog: 19.148936170212767
financial: 47.368421052631575

rsescrow5zcepqjh.html
drugs: 1.8518518518518516
weapons: 0.0
adult/porn: 2.380952380952381
market: 7.894736842105263
scam/crime: 14.285714285714285
forum/blog: 17.02127659574468
financial: 21.052631578947366

covid35fc774e3y2hapsm2z4cez22uz52fk5fynbsusg5yzj7xb676qd.html
drugs: 7.4074074074074066
weapons: 0.0
adult/porn: 5.952380952380952
market: 15.789473684210526
scam/crime: 10.204081632653061
forum/blog: 14.893617021276595
financial: 21.052631578947366

3xyzrjb72jzmshoq.html
drugs: 0.0
weapons: 0.0
adult/porn: 0.0
market: 0.0
scam/crime: 0.0
forum/blog: 0.0
financial: 0.0

t4is3dhdc2jd4yhw.html
drugs: 0.0
weapons: 0.0
adult/porn: 1.1904761904761905
market: 0.0
scam/crime: 2.0408163265306123
forum/blog: 10.638297872340425
financial: 5.263157894736842

escortukmoz52fmu.html
drugs: 12.962962962962962
weapons: 8.0
adult/porn: 15.476190476190476
market: 10.526315789473683
scam/crime: 8.16326530612245
forum/blog: 19.148936170212767
financial: 10.526315789473683

hdwikiueikaeviwk.html
drugs: 22.22222222222222
weapons: 8.0
adult/porn: 11.904761904761903
market: 36.84210526315789
scam/crime: 30.612244897959183
forum/blog: 55.319148936170215
financial: 60.526315789473685

newpdsuslmzqazvr.html
drugs: 29.629629629629626
weapons: 4.0
adult/porn: 3.571428571428571
market: 18.421052631578945
scam/crime: 14.285714285714285
forum/blog: 6.382978723404255
financial: 21.052631578947366

freedomd2rm7quv5josvsx2kgd4guj6uboqeqs7pmlsmfiuxn5klt4ad.html
drugs: 5.555555555555555
weapons: 4.0
adult/porn: 3.571428571428571
market: 13.157894736842104
scam/crime: 2.0408163265306123
forum/blog: 10.638297872340425
financial: 31.57894736842105

loundryslz2venqx.html
drugs: 1.8518518518518516
weapons: 0.0
adult/porn: 1.1904761904761905
market: 2.631578947368421
scam/crime: 2.0408163265306123
forum/blog: 6.382978723404255
financial: 15.789473684210526

yaleshopznl7dyus.html
drugs: 0.0
weapons: 0.0
adult/porn: 1.1904761904761905
market: 7.894736842105263
scam/crime: 0.0
forum/blog: 0.0
financial: 2.631578947368421

staco3a37yho7sox.html
drugs: 0.0
weapons: 0.0
adult/porn: 1.1904761904761905
market: 0.0
scam/crime: 0.0
forum/blog: 2.127659574468085
financial: 0.0

easycarv4hxwe4ex.html
drugs: 0.0
weapons: 0.0
adult/porn: 0.0
market: 0.0
scam/crime: 0.0
forum/blog: 0.0
financial: 0.0

amazon2ywuthyyf3ayvm57poacie4akh6qstbvrixkmf3zbv4cdmo7qd.html
drugs: 7.4074074074074066
weapons: 0.0
adult/porn: 1.1904761904761905
market: 15.789473684210526
scam/crime: 6.122448979591836
forum/blog: 10.638297872340425
financial: 23.684210526315788

lmoney4vkif72ipi.html
drugs: 18.51851851851852
weapons: 8.0
adult/porn: 4.761904761904762
market: 39.473684210526315
scam/crime: 22.448979591836736
forum/blog: 17.02127659574468
financial: 55.26315789473685

zenithccalwhzy26.html
drugs: 7.4074074074074066
weapons: 4.0
adult/porn: 3.571428571428571
market: 23.684210526315788
scam/crime: 12.244897959183673
forum/blog: 4.25531914893617
financial: 34.21052631578947

3g2upl4pq6kufc4m.html
drugs: 0.0
weapons: 0.0
adult/porn: 0.0
market: 0.0
scam/crime: 0.0
forum/blog: 2.127659574468085
financial: 0.0

zqktlwi4fecvo6ri.html
drugs: 0.0
weapons: 0.0
adult/porn: 0.0
market: 0.0
scam/crime: 0.0
forum/blog: 2.127659574468085
financial: 0.0

hackerrljqhmq6jb.html
drugs: 9.25925925925926
weapons: 0.0
adult/porn: 11.904761904761903
market: 13.157894736842104
scam/crime: 28.57142857142857
forum/blog: 19.148936170212767
financial: 21.052631578947366

deep2v63hwfsupagnmzxyal6jxhtcxdennvcsekkji7qqic4jmjcj3yd.html
drugs: 11.11111111111111
weapons: 4.0
adult/porn: 1.1904761904761905
market: 28.947368421052634
scam/crime: 20.408163265306122
forum/blog: 34.04255319148936
financial: 47.368421052631575

allbtcq7z5xjjh3d.html
drugs: 16.666666666666664
weapons: 0.0
adult/porn: 8.333333333333332
market: 28.947368421052634
scam/crime: 32.6530612244898
forum/blog: 19.148936170212767
financial: 39.473684210526315

fastmsz4ldn4atcv.html
drugs: 0.0
weapons: 0.0
adult/porn: 0.0
market: 2.631578947368421
scam/crime: 0.0
forum/blog: 0.0
financial: 5.263157894736842

world6zlyzbs6yol36h6wjdzxddsnos3b4rakizkm3q75dwkiujyauid.html
drugs: 0.0
weapons: 0.0
adult/porn: 0.0
market: 0.0
scam/crime: 0.0
forum/blog: 0.0
financial: 0.0

puyr3jb76flvqemhkllg5bttt2dmiaexs3ggmfpyewc44vt5265uuaad.html
drugs: 44.44444444444444
weapons: 28.000000000000004
adult/porn: 30.952380952380953
market: 73.68421052631578
scam/crime: 57.14285714285714
forum/blog: 74.46808510638297
financial: 84.21052631578947

eqac56hh4ppxzy27.html
drugs: 0.0
weapons: 0.0
adult/porn: 1.1904761904761905
market: 0.0
scam/crime: 4.081632653061225
forum/blog: 10.638297872340425
financial: 7.894736842105263

z57whuq7jaqgmh6d.html
drugs: 0.0
weapons: 0.0
adult/porn: 0.0
market: 0.0
scam/crime: 0.0
forum/blog: 2.127659574468085
financial: 2.631578947368421

msydqstlz2kzerdg.html
drugs: 1.8518518518518516
weapons: 4.0
adult/porn: 2.380952380952381
market: 0.0
scam/crime: 2.0408163265306123
forum/blog: 12.76595744680851
financial: 5.263157894736842

en35tuzqmn4lofbk.html
drugs: 5.555555555555555
weapons: 4.0
adult/porn: 0.0
market: 10.526315789473683
scam/crime: 4.081632653061225
forum/blog: 0.0
financial: 2.631578947368421

25ffhnaechrbzwf3.html
drugs: 7.4074074074074066
weapons: 0.0
adult/porn: 0.0
market: 2.631578947368421
scam/crime: 0.0
forum/blog: 0.0
financial: 2.631578947368421

sblqp5utjj3bu2ec.html
drugs: 7.4074074074074066
weapons: 12.0
adult/porn: 4.761904761904762
market: 13.157894736842104
scam/crime: 22.448979591836736
forum/blog: 17.02127659574468
financial: 18.421052631578945

transferiwon44pq.html
drugs: 7.4074074074074066
weapons: 0.0
adult/porn: 10.714285714285714
market: 18.421052631578945
scam/crime: 16.3265306122449
forum/blog: 17.02127659574468
financial: 31.57894736842105

bitshopotisgandd.html
drugs: 7.4074074074074066
weapons: 4.0
adult/porn: 1.1904761904761905
market: 13.157894736842104
scam/crime: 12.244897959183673
forum/blog: 6.382978723404255
financial: 21.052631578947366

h4y5xramfiooe3mz.html
drugs: 3.7037037037037033
weapons: 0.0
adult/porn: 2.380952380952381
market: 13.157894736842104
scam/crime: 4.081632653061225
forum/blog: 4.25531914893617
financial: 7.894736842105263

x2c6xvao4mafnioyh26mq7j5thb7jirw2pfteobt56jidndkuqxjkuyd.html
drugs: 18.51851851851852
weapons: 8.0
adult/porn: 5.952380952380952
market: 28.947368421052634
scam/crime: 20.408163265306122
forum/blog: 17.02127659574468
financial: 47.368421052631575

hntpud2v7otxphgf.html
drugs: 7.4074074074074066
weapons: 4.0
adult/porn: 1.1904761904761905
market: 7.894736842105263
scam/crime: 6.122448979591836
forum/blog: 4.25531914893617
financial: 2.631578947368421

ppccpzamw4qb3yji.html
drugs: 11.11111111111111
weapons: 8.0
adult/porn: 1.1904761904761905
market: 23.684210526315788
scam/crime: 18.367346938775512
forum/blog: 25.53191489361702
financial: 36.84210526315789

writeas7pm7rcdqg.html
drugs: 9.25925925925926
weapons: 0.0
adult/porn: 7.142857142857142
market: 10.526315789473683
scam/crime: 14.285714285714285
forum/blog: 14.893617021276595
financial: 7.894736842105263

znmgndmvtudghsnf.html
drugs: 5.555555555555555
weapons: 0.0
adult/porn: 0.0
market: 5.263157894736842
scam/crime: 2.0408163265306123
forum/blog: 2.127659574468085
financial: 18.421052631578945

ecashpkvsc2qroz6.html
drugs: 1.8518518518518516
weapons: 0.0
adult/porn: 1.1904761904761905
market: 13.157894736842104
scam/crime: 2.0408163265306123
forum/blog: 10.638297872340425
financial: 26.31578947368421

vb75uj2ap3hyyava.html
drugs: 11.11111111111111
weapons: 8.0
adult/porn: 7.142857142857142
market: 26.31578947368421
scam/crime: 22.448979591836736
forum/blog: 31.914893617021278
financial: 39.473684210526315

middle2d7bkn7mdy.html
drugs: 3.7037037037037033
weapons: 0.0
adult/porn: 0.0
market: 7.894736842105263
scam/crime: 10.204081632653061
forum/blog: 12.76595744680851
financial: 18.421052631578945

o5fbyx7t27sjwq5x.html
drugs: 9.25925925925926
weapons: 4.0
adult/porn: 4.761904761904762
market: 18.421052631578945
scam/crime: 14.285714285714285
forum/blog: 10.638297872340425
financial: 26.31578947368421

cashkxxqpzbgggg7.html
drugs: 0.0
weapons: 0.0
adult/porn: 0.0
market: 0.0
scam/crime: 4.081632653061225
forum/blog: 8.51063829787234
financial: 5.263157894736842

premiumd7ww5c43q.html
drugs: 24.074074074074073
weapons: 4.0
adult/porn: 7.142857142857142
market: 39.473684210526315
scam/crime: 20.408163265306122
forum/blog: 17.02127659574468
financial: 42.10526315789473

maghrebwzbkucctg.html
drugs: 5.555555555555555
weapons: 0.0
adult/porn: 1.1904761904761905
market: 15.789473684210526
scam/crime: 4.081632653061225
forum/blog: 2.127659574468085
financial: 5.263157894736842

cash365ndbtwp7zn.html
drugs: 0.0
weapons: 0.0
adult/porn: 1.1904761904761905
market: 2.631578947368421
scam/crime: 0.0
forum/blog: 0.0
financial: 2.631578947368421

luckp47s6xhz26rn.html
drugs: 11.11111111111111
weapons: 24.0
adult/porn: 3.571428571428571
market: 21.052631578947366
scam/crime: 16.3265306122449
forum/blog: 6.382978723404255
financial: 23.684210526315788

kpvz7ki2v5agwt35.html
drugs: 0.0
weapons: 0.0
adult/porn: 0.0
market: 0.0
scam/crime: 0.0
forum/blog: 2.127659574468085
financial: 0.0

yzarbkzcyzysxvdo.html
drugs: 12.962962962962962
weapons: 0.0
adult/porn: 2.380952380952381
market: 21.052631578947366
scam/crime: 20.408163265306122
forum/blog: 14.893617021276595
financial: 50.0

protonirockerxow.html
drugs: 0.0
weapons: 0.0
adult/porn: 0.0
market: 0.0
scam/crime: 0.0
forum/blog: 2.127659574468085
financial: 0.0

applestor7qfi636.html
drugs: 12.962962962962962
weapons: 4.0
adult/porn: 3.571428571428571
market: 31.57894736842105
scam/crime: 24.489795918367346
forum/blog: 8.51063829787234
financial: 26.31578947368421

3gs7lq52ccbqvdu3kf7m7ilbasjqhsegmb2rnvu4zjfx7lf27oz7ytyd.html
drugs: 3.7037037037037033
weapons: 0.0
adult/porn: 0.0
market: 7.894736842105263
scam/crime: 4.081632653061225
forum/blog: 2.127659574468085
financial: 21.052631578947366

aqdkw4qjwponmlt3.html
drugs: 5.555555555555555
weapons: 4.0
adult/porn: 1.1904761904761905
market: 13.157894736842104
scam/crime: 2.0408163265306123
forum/blog: 4.25531914893617
financial: 23.684210526315788

applesf6emggp2pz.html
drugs: 3.7037037037037033
weapons: 0.0
adult/porn: 2.380952380952381
market: 7.894736842105263
scam/crime: 6.122448979591836
forum/blog: 0.0
financial: 5.263157894736842

ocu3errhpxppmwpr.html
drugs: 0.0
weapons: 0.0
adult/porn: 0.0
market: 0.0
scam/crime: 4.081632653061225
forum/blog: 6.382978723404255
financial: 2.631578947368421

2a2a2abbjsjcjwfuozip6idfxsxyowoi3ajqyehqzfqyxezhacur7oyd.html
drugs: 16.666666666666664
weapons: 8.0
adult/porn: 2.380952380952381
market: 44.73684210526316
scam/crime: 16.3265306122449
forum/blog: 17.02127659574468
financial: 44.73684210526316

2junuwyqfrfgtlfn.html
drugs: 29.629629629629626
weapons: 4.0
adult/porn: 3.571428571428571
market: 18.421052631578945
scam/crime: 14.285714285714285
forum/blog: 6.382978723404255
financial: 21.052631578947366

bitmailendavkbec.html
drugs: 1.8518518518518516
weapons: 0.0
adult/porn: 0.0
market: 0.0
scam/crime: 0.0
forum/blog: 12.76595744680851
financial: 5.263157894736842

ytteyiazq2xyazjws45lxjpqie5krxdcoe4nr5vysldu54olnbtrg5qd.html
drugs: 3.7037037037037033
weapons: 0.0
adult/porn: 1.1904761904761905
market: 5.263157894736842
scam/crime: 10.204081632653061
forum/blog: 14.893617021276595
financial: 2.631578947368421

kznam6basvxxdcpf.html
drugs: 0.0
weapons: 4.0
adult/porn: 0.0
market: 0.0
scam/crime: 0.0
forum/blog: 0.0
financial: 0.0

gunsdtk47tolcrre.html
drugs: 3.7037037037037033
weapons: 8.0
adult/porn: 0.0
market: 5.263157894736842
scam/crime: 2.0408163265306123
forum/blog: 0.0
financial: 5.263157894736842

uddlxqmuijitkobv.html
drugs: 5.555555555555555
weapons: 0.0
adult/porn: 5.952380952380952
market: 15.789473684210526
scam/crime: 16.3265306122449
forum/blog: 8.51063829787234
financial: 28.947368421052634

vi5ydynhfco62g4v.html
drugs: 9.25925925925926
weapons: 8.0
adult/porn: 77.38095238095238
market: 13.157894736842104
scam/crime: 8.16326530612245
forum/blog: 29.78723404255319
financial: 13.157894736842104

tsyyky3oc7fngj5l.html
drugs: 9.25925925925926
weapons: 12.0
adult/porn: 7.142857142857142
market: 10.526315789473683
scam/crime: 32.6530612244898
forum/blog: 14.893617021276595
financial: 23.684210526315788

swkcw6eudl7lciek.html
drugs: 0.0
weapons: 8.0
adult/porn: 0.0
market: 2.631578947368421
scam/crime: 6.122448979591836
forum/blog: 8.51063829787234
financial: 5.263157894736842

q3xlqv65nhypm6tn.html
drugs: 7.4074074074074066
weapons: 0.0
adult/porn: 1.1904761904761905
market: 5.263157894736842
scam/crime: 6.122448979591836
forum/blog: 4.25531914893617
financial: 7.894736842105263

cwu7eglxcabwttzf.html
drugs: 1.8518518518518516
weapons: 12.0
adult/porn: 3.571428571428571
market: 7.894736842105263
scam/crime: 14.285714285714285
forum/blog: 34.04255319148936
financial: 15.789473684210526

tg6dun3esfon4x63poawnwg2bfp3ubfquyspb5bnpsgxdrnztoygosad.html
drugs: 18.51851851851852
weapons: 8.0
adult/porn: 5.952380952380952
market: 28.947368421052634
scam/crime: 20.408163265306122
forum/blog: 17.02127659574468
financial: 47.368421052631575

zjuhnrnaz573362iwpqm2peoozwd37yfeohyzdymmn2xlewr5li3zpqd.html
drugs: 3.7037037037037033
weapons: 0.0
adult/porn: 1.1904761904761905
market: 7.894736842105263
scam/crime: 6.122448979591836
forum/blog: 12.76595744680851
financial: 2.631578947368421

mh7mkfvezts5j6yu.html
drugs: 12.962962962962962
weapons: 12.0
adult/porn: 13.095238095238097
market: 10.526315789473683
scam/crime: 28.57142857142857
forum/blog: 42.5531914893617
financial: 23.684210526315788

darkoddrkj3gqz7ke7nyjfkh7o72hlvr44uz5zl2xrapna4tribuorqd.html
drugs: 0.0
weapons: 0.0
adult/porn: 2.380952380952381
market: 0.0
scam/crime: 0.0
forum/blog: 0.0
financial: 0.0

cardshopffielsxi.html
drugs: 27.77777777777778
weapons: 12.0
adult/porn: 16.666666666666664
market: 55.26315789473685
scam/crime: 44.89795918367347
forum/blog: 38.297872340425535
financial: 65.78947368421053

4w2oe6qatchezuhy.html
drugs: 7.4074074074074066
weapons: 4.0
adult/porn: 2.380952380952381
market: 15.789473684210526
scam/crime: 10.204081632653061
forum/blog: 12.76595744680851
financial: 21.052631578947366

qj3m7wxqk4pfqwob.html
drugs: 3.7037037037037033
weapons: 4.0
adult/porn: 2.380952380952381
market: 0.0
scam/crime: 2.0408163265306123
forum/blog: 6.382978723404255
financial: 2.631578947368421

wumsyv4676p4gdrofwz5w3a74aajexxq4kss2wx42umymdy5uxxranyd.html
drugs: 16.666666666666664
weapons: 16.0
adult/porn: 7.142857142857142
market: 31.57894736842105
scam/crime: 26.53061224489796
forum/blog: 21.27659574468085
financial: 52.63157894736842

i4niz4z3nhqd2j2tl4iqzjyf3k543wljhzrqyv34r7hqmpbmlisaohqd.html
drugs: 14.814814814814813
weapons: 0.0
adult/porn: 3.571428571428571
market: 23.684210526315788
scam/crime: 20.408163265306122
forum/blog: 14.893617021276595
financial: 31.57894736842105

deepmehruhlkmelzffkpcxathectjtnanzkgk7xw7ibuj6qieubpecqd.html
drugs: 1.8518518518518516
weapons: 0.0
adult/porn: 0.0
market: 0.0
scam/crime: 0.0
forum/blog: 0.0
financial: 2.631578947368421

drkseidwayn6uc5x.html
drugs: 3.7037037037037033
weapons: 16.0
adult/porn: 1.1904761904761905
market: 5.263157894736842
scam/crime: 6.122448979591836
forum/blog: 2.127659574468085
financial: 2.631578947368421

5xxqhn7qbtug7cag.html
drugs: 12.962962962962962
weapons: 28.000000000000004
adult/porn: 7.142857142857142
market: 13.157894736842104
scam/crime: 18.367346938775512
forum/blog: 14.893617021276595
financial: 10.526315789473683

suprbayoubiexnmp.html
drugs: 3.7037037037037033
weapons: 4.0
adult/porn: 3.571428571428571
market: 2.631578947368421
scam/crime: 4.081632653061225
forum/blog: 31.914893617021278
financial: 5.263157894736842

llf6yyalipib4jau.html
drugs: 9.25925925925926
weapons: 8.0
adult/porn: 77.38095238095238
market: 13.157894736842104
scam/crime: 8.16326530612245
forum/blog: 29.78723404255319
financial: 13.157894736842104

dkzerogt6z6ybhcj.html
drugs: 1.8518518518518516
weapons: 0.0
adult/porn: 2.380952380952381
market: 0.0
scam/crime: 2.0408163265306123
forum/blog: 8.51063829787234
financial: 0.0

kkf7wy3uu7kgbaa6.html
drugs: 7.4074074074074066
weapons: 4.0
adult/porn: 1.1904761904761905
market: 7.894736842105263
scam/crime: 4.081632653061225
forum/blog: 6.382978723404255
financial: 2.631578947368421

zvvtba2a37mcydnntjkzy26lrv3y5elfyotr4glujkaaanyz5a4uerqd.html
drugs: 18.51851851851852
weapons: 8.0
adult/porn: 5.952380952380952
market: 28.947368421052634
scam/crime: 20.408163265306122
forum/blog: 17.02127659574468
financial: 47.368421052631575

plastic4xuqjt52uwbmxsbyrwor3garq4t5kvpes4i6hfmfyufkf54qd.html
drugs: 11.11111111111111
weapons: 4.0
adult/porn: 3.571428571428571
market: 26.31578947368421
scam/crime: 12.244897959183673
forum/blog: 17.02127659574468
financial: 39.473684210526315

blackmarthw3vp7a.html
drugs: 1.8518518518518516
weapons: 8.0
adult/porn: 3.571428571428571
market: 0.0
scam/crime: 6.122448979591836
forum/blog: 8.51063829787234
financial: 13.157894736842104

ka3ds43g3wfltjn4.html
drugs: 14.814814814814813
weapons: 0.0
adult/porn: 8.333333333333332
market: 23.684210526315788
scam/crime: 20.408163265306122
forum/blog: 14.893617021276595
financial: 26.31578947368421

ub2fkkeeyl3jgwwz.html
drugs: 24.074074074074073
weapons: 4.0
adult/porn: 17.857142857142858
market: 55.26315789473685
scam/crime: 38.775510204081634
forum/blog: 29.78723404255319
financial: 63.1578947368421

mgybzfrldjn5drzv537skh7kgwgbq45dwha67r4elda4vl7m6qul5xqd.html
drugs: 0.0
weapons: 0.0
adult/porn: 0.0
market: 0.0
scam/crime: 2.0408163265306123
forum/blog: 2.127659574468085
financial: 2.631578947368421

2mccetnaxhfxbgbp6jbircejfhedz775a3v3zb3hs4th35tuboxuybid.html
drugs: 29.629629629629626
weapons: 12.0
adult/porn: 17.857142857142858
market: 57.89473684210527
scam/crime: 48.97959183673469
forum/blog: 31.914893617021278
financial: 63.1578947368421

7hictnmx2vrxzubpexxxvke44p27t2qhzclfs5h2cqfh42c3wukt3vad.html
drugs: 1.8518518518518516
weapons: 0.0
adult/porn: 1.1904761904761905
market: 5.263157894736842
scam/crime: 6.122448979591836
forum/blog: 10.638297872340425
financial: 7.894736842105263

viagr4rub7dne4xk.html
drugs: 3.7037037037037033
weapons: 0.0
adult/porn: 4.761904761904762
market: 5.263157894736842
scam/crime: 8.16326530612245
forum/blog: 23.404255319148938
financial: 10.526315789473683

o3fkhst6gymb6duo.html
drugs: 9.25925925925926
weapons: 0.0
adult/porn: 1.1904761904761905
market: 15.789473684210526
scam/crime: 8.16326530612245
forum/blog: 4.25531914893617
financial: 34.21052631578947

silkroadxjzvoyxh.html
drugs: 0.0
weapons: 4.0
adult/porn: 0.0
market: 2.631578947368421
scam/crime: 0.0
forum/blog: 4.25531914893617
financial: 2.631578947368421

qr5rw75na7gipe62.html
drugs: 0.0
weapons: 0.0
adult/porn: 0.0
market: 0.0
scam/crime: 0.0
forum/blog: 0.0
financial: 0.0

bitccmch47v3xypb.html
drugs: 11.11111111111111
weapons: 4.0
adult/porn: 5.952380952380952
market: 23.684210526315788
scam/crime: 20.408163265306122
forum/blog: 12.76595744680851
financial: 31.57894736842105

h2xpbrao7yv2spmqnvo646ju2mo2eqsv27pthm4b6co2ip2hpmgetiyd.html
drugs: 14.814814814814813
weapons: 4.0
adult/porn: 7.142857142857142
market: 39.473684210526315
scam/crime: 22.448979591836736
forum/blog: 14.893617021276595
financial: 50.0

do7dt6vuskgrz3sa.html
drugs: 0.0
weapons: 0.0
adult/porn: 0.0
market: 0.0
scam/crime: 0.0
forum/blog: 0.0
financial: 0.0

yxuy5oau7nugw4kpb4lclrqdbixp3wvc4iuiad23ebyp2q3gx7rtrgqd.html
drugs: 0.0
weapons: 0.0
adult/porn: 0.0
market: 0.0
scam/crime: 0.0
forum/blog: 0.0
financial: 0.0

qpz3rshx7f53x3syr4saweqkhol24rtv3lh3w7vav4vcv5rtreufvbid.html
drugs: 18.51851851851852
weapons: 8.0
adult/porn: 4.761904761904762
market: 39.473684210526315
scam/crime: 22.448979591836736
forum/blog: 17.02127659574468
financial: 55.26315789473685

omega5fjqqqkfnqs.html
drugs: 11.11111111111111
weapons: 8.0
adult/porn: 9.523809523809524
market: 21.052631578947366
scam/crime: 20.408163265306122
forum/blog: 25.53191489361702
financial: 36.84210526315789

toplinkzrey4sfaf.html
drugs: 9.25925925925926
weapons: 8.0
adult/porn: 77.38095238095238
market: 13.157894736842104
scam/crime: 8.16326530612245
forum/blog: 29.78723404255319
financial: 13.157894736842104

efby23qxgt6rb6vc.html
drugs: 3.7037037037037033
weapons: 4.0
adult/porn: 0.0
market: 2.631578947368421
scam/crime: 2.0408163265306123
forum/blog: 0.0
financial: 5.263157894736842

loobucks2fmgyivu.html
drugs: 29.629629629629626
weapons: 8.0
adult/porn: 11.904761904761903
market: 57.89473684210527
scam/crime: 46.93877551020408
forum/blog: 44.680851063829785
financial: 68.42105263157895

tcc26dp2rs6g3v6c.html
drugs: 3.7037037037037033
weapons: 0.0
adult/porn: 2.380952380952381
market: 21.052631578947366
scam/crime: 4.081632653061225
forum/blog: 6.382978723404255
financial: 18.421052631578945

arhivachovtj2jrp.html
drugs: 0.0
weapons: 0.0
adult/porn: 0.0
market: 0.0
scam/crime: 0.0
forum/blog: 0.0
financial: 0.0

qkj4drtgvpm7eecl.html
drugs: 7.4074074074074066
weapons: 4.0
adult/porn: 1.1904761904761905
market: 7.894736842105263
scam/crime: 6.122448979591836
forum/blog: 4.25531914893617
financial: 2.631578947368421

c6qolqd4nuvdymhn.html
drugs: 33.33333333333333
weapons: 0.0
adult/porn: 0.0
market: 5.263157894736842
scam/crime: 2.0408163265306123
forum/blog: 0.0
financial: 5.263157894736842

bfpma74qdqjrd5rb6b5fqbp5rerofjkbrmtbd6rjxrw4eycimu2h67qd.html
drugs: 12.962962962962962
weapons: 0.0
adult/porn: 7.142857142857142
market: 18.421052631578945
scam/crime: 26.53061224489796
forum/blog: 19.148936170212767
financial: 31.57894736842105

accsu4tzutniz2ke.html
drugs: 7.4074074074074066
weapons: 4.0
adult/porn: 4.761904761904762
market: 26.31578947368421
scam/crime: 6.122448979591836
forum/blog: 17.02127659574468
financial: 31.57894736842105

cannazondp5fciis.html
drugs: 0.0
weapons: 0.0
adult/porn: 0.0
market: 0.0
scam/crime: 0.0
forum/blog: 2.127659574468085
financial: 0.0

jxotugbval26qqlv.html
drugs: 9.25925925925926
weapons: 8.0
adult/porn: 1.1904761904761905
market: 15.789473684210526
scam/crime: 22.448979591836736
forum/blog: 14.893617021276595
financial: 26.31578947368421

fsv2bgli7wk4hkvl.html
drugs: 0.0
weapons: 0.0
adult/porn: 1.1904761904761905
market: 2.631578947368421
scam/crime: 6.122448979591836
forum/blog: 14.893617021276595
financial: 2.631578947368421

weapon5cd6o72mny.html
drugs: 9.25925925925926
weapons: 12.0
adult/porn: 2.380952380952381
market: 13.157894736842104
scam/crime: 6.122448979591836
forum/blog: 2.127659574468085
financial: 10.526315789473683

heineknunuziaaym.html
drugs: 11.11111111111111
weapons: 4.0
adult/porn: 3.571428571428571
market: 13.157894736842104
scam/crime: 14.285714285714285
forum/blog: 14.893617021276595
financial: 34.21052631578947

sf6pmq4fur5c22hu.html
drugs: 12.962962962962962
weapons: 4.0
adult/porn: 4.761904761904762
market: 7.894736842105263
scam/crime: 6.122448979591836
forum/blog: 4.25531914893617
financial: 18.421052631578945

tenebra5nlfxplf5.html
drugs: 0.0
weapons: 0.0
adult/porn: 0.0
market: 0.0
scam/crime: 0.0
forum/blog: 0.0
financial: 0.0

moneyplheq37vfyk.html
drugs: 12.962962962962962
weapons: 0.0
adult/porn: 5.952380952380952
market: 26.31578947368421
scam/crime: 18.367346938775512
forum/blog: 19.148936170212767
financial: 44.73684210526316

slwc4j5wkn3yyo5j.html
drugs: 18.51851851851852
weapons: 0.0
adult/porn: 7.142857142857142
market: 31.57894736842105
scam/crime: 18.367346938775512
forum/blog: 14.893617021276595
financial: 42.10526315789473

bnruxuk34pu5l37h.html
drugs: 18.51851851851852
weapons: 8.0
adult/porn: 5.952380952380952
market: 28.947368421052634
scam/crime: 20.408163265306122
forum/blog: 17.02127659574468
financial: 47.368421052631575

izfefywxx4pirgexwmtp4ckibum7htanmzmnssw4upm6lbrknzyaodid.html
drugs: 9.25925925925926
weapons: 4.0
adult/porn: 7.142857142857142
market: 13.157894736842104
scam/crime: 22.448979591836736
forum/blog: 19.148936170212767
financial: 31.57894736842105

deepmexzsejpzqid3k7knaas2p73dko6kxgpou7oey7vqtmrhopjyqyd.html
drugs: 1.8518518518518516
weapons: 0.0
adult/porn: 0.0
market: 0.0
scam/crime: 0.0
forum/blog: 0.0
financial: 2.631578947368421

lxvywgnrzwbon3t2.html
drugs: 18.51851851851852
weapons: 8.0
adult/porn: 5.952380952380952
market: 28.947368421052634
scam/crime: 20.408163265306122
forum/blog: 17.02127659574468
financial: 47.368421052631575

uniccxide6hker6y.html
drugs: 0.0
weapons: 0.0
adult/porn: 0.0
market: 0.0
scam/crime: 0.0
forum/blog: 0.0
financial: 0.0

oxnob7zfpf42ouzl.html
drugs: 20.37037037037037
weapons: 12.0
adult/porn: 15.476190476190476
market: 28.947368421052634
scam/crime: 46.93877551020408
forum/blog: 44.680851063829785
financial: 50.0

hackerw6dcplg3ej.html
drugs: 0.0
weapons: 0.0
adult/porn: 0.0
market: 0.0
scam/crime: 0.0
forum/blog: 0.0
financial: 0.0

oiiuv2gwl2jhvg3j.html
drugs: 0.0
weapons: 0.0
adult/porn: 0.0
market: 0.0
scam/crime: 4.081632653061225
forum/blog: 2.127659574468085
financial: 7.894736842105263

rsescrowtybxf43d.html
drugs: 1.8518518518518516
weapons: 0.0
adult/porn: 2.380952380952381
market: 7.894736842105263
scam/crime: 14.285714285714285
forum/blog: 17.02127659574468
financial: 21.052631578947366

stacvvulbayktqlf.html
drugs: 0.0
weapons: 0.0
adult/porn: 1.1904761904761905
market: 0.0
scam/crime: 0.0
forum/blog: 2.127659574468085
financial: 0.0

tinhat233xymse34.html
drugs: 7.4074074074074066
weapons: 0.0
adult/porn: 5.952380952380952
market: 10.526315789473683
scam/crime: 18.367346938775512
forum/blog: 31.914893617021278
financial: 15.789473684210526

zlvpbozpgrq7uwqc.html
drugs: 5.555555555555555
weapons: 4.0
adult/porn: 2.380952380952381
market: 13.157894736842104
scam/crime: 14.285714285714285
forum/blog: 4.25531914893617
financial: 18.421052631578945

stacaqpfbfiz54sq.html
drugs: 0.0
weapons: 0.0
adult/porn: 1.1904761904761905
market: 0.0
scam/crime: 0.0
forum/blog: 2.127659574468085
financial: 0.0

underdj5ziov3ic7.html
drugs: 0.0
weapons: 0.0
adult/porn: 0.0
market: 0.0
scam/crime: 0.0
forum/blog: 10.638297872340425
financial: 2.631578947368421

plasticzxmw4gepd.html
drugs: 3.7037037037037033
weapons: 0.0
adult/porn: 4.761904761904762
market: 28.947368421052634
scam/crime: 10.204081632653061
forum/blog: 21.27659574468085
financial: 39.473684210526315

easycoinsayj7p5l.html
drugs: 9.25925925925926
weapons: 4.0
adult/porn: 3.571428571428571
market: 23.684210526315788
scam/crime: 24.489795918367346
forum/blog: 19.148936170212767
financial: 34.21052631578947

radiocbsi2q27tob.html
drugs: 0.0
weapons: 0.0
adult/porn: 0.0
market: 0.0
scam/crime: 0.0
forum/blog: 0.0
financial: 0.0

nnksciarbrfsg3ud.html
drugs: 0.0
weapons: 4.0
adult/porn: 1.1904761904761905
market: 2.631578947368421
scam/crime: 0.0
forum/blog: 2.127659574468085
financial: 2.631578947368421

hidden24qtvlgaxp.html
drugs: 0.0
weapons: 0.0
adult/porn: 0.0
market: 0.0
scam/crime: 2.0408163265306123
forum/blog: 0.0
financial: 0.0

lifecardfxgjoori.html
drugs: 11.11111111111111
weapons: 8.0
adult/porn: 9.523809523809524
market: 28.947368421052634
scam/crime: 18.367346938775512
forum/blog: 8.51063829787234
financial: 52.63157894736842

oliverpw6z4bjept.html
drugs: 9.25925925925926
weapons: 12.0
adult/porn: 1.1904761904761905
market: 7.894736842105263
scam/crime: 12.244897959183673
forum/blog: 4.25531914893617
financial: 26.31578947368421

f6wqhy6ii7metm45m4mg6yg76yytik5kxe6h7sestyvm6gnlcw3n4qad.html
drugs: 5.555555555555555
weapons: 8.0
adult/porn: 1.1904761904761905
market: 13.157894736842104
scam/crime: 8.16326530612245
forum/blog: 8.51063829787234
financial: 15.789473684210526

jlve2y45zacpbz6s.html
drugs: 0.0
weapons: 0.0
adult/porn: 5.952380952380952
market: 5.263157894736842
scam/crime: 12.244897959183673
forum/blog: 19.148936170212767
financial: 15.789473684210526

etronix47auvlmt7.html
drugs: 3.7037037037037033
weapons: 0.0
adult/porn: 2.380952380952381
market: 23.684210526315788
scam/crime: 4.081632653061225
forum/blog: 8.51063829787234
financial: 5.263157894736842

cardsnvzjw7emmad.html
drugs: 14.814814814814813
weapons: 0.0
adult/porn: 3.571428571428571
market: 23.684210526315788
scam/crime: 20.408163265306122
forum/blog: 14.893617021276595
financial: 34.21052631578947

lmoney4rw45hrqfm.html
drugs: 18.51851851851852
weapons: 8.0
adult/porn: 4.761904761904762
market: 39.473684210526315
scam/crime: 22.448979591836736
forum/blog: 17.02127659574468
financial: 55.26315789473685

doxtorg7natnwyz5.html
drugs: 11.11111111111111
weapons: 4.0
adult/porn: 7.142857142857142
market: 13.157894736842104
scam/crime: 12.244897959183673
forum/blog: 14.893617021276595
financial: 15.789473684210526

bithackiq6wntrm3sow6v5egxkqbwrilnxzd6fka6cpjsso4rnlxivyd.html
drugs: 1.8518518518518516
weapons: 0.0
adult/porn: 0.0
market: 2.631578947368421
scam/crime: 2.0408163265306123
forum/blog: 0.0
financial: 5.263157894736842

potatooezyf2aql6.html
drugs: 3.7037037037037033
weapons: 8.0
adult/porn: 3.571428571428571
market: 5.263157894736842
scam/crime: 8.16326530612245
forum/blog: 17.02127659574468
financial: 7.894736842105263

worldgyonnnlgg332jwgjxvj2dojerz2hh65ce44h56howcfmpehupad.html
drugs: 0.0
weapons: 0.0
adult/porn: 0.0
market: 0.0
scam/crime: 0.0
forum/blog: 0.0
financial: 0.0

g5b5erkjomqen6nm.html
drugs: 11.11111111111111
weapons: 8.0
adult/porn: 1.1904761904761905
market: 21.052631578947366
scam/crime: 18.367346938775512
forum/blog: 25.53191489361702
financial: 39.473684210526315

xzycbxex66aja7fd.html
drugs: 12.962962962962962
weapons: 4.0
adult/porn: 4.761904761904762
market: 23.684210526315788
scam/crime: 20.408163265306122
forum/blog: 12.76595744680851
financial: 31.57894736842105

exwljei3bfvchv6p.html
drugs: 1.8518518518518516
weapons: 4.0
adult/porn: 2.380952380952381
market: 0.0
scam/crime: 0.0
forum/blog: 0.0
financial: 5.263157894736842

stacps5rb3dwzmju.html
drugs: 0.0
weapons: 0.0
adult/porn: 1.1904761904761905
market: 0.0
scam/crime: 0.0
forum/blog: 2.127659574468085
financial: 0.0

ykrryvbboc2vq64a.html
drugs: 16.666666666666664
weapons: 4.0
adult/porn: 7.142857142857142
market: 28.947368421052634
scam/crime: 26.53061224489796
forum/blog: 17.02127659574468
financial: 47.368421052631575

hiddencrztrqz2h6bjito56pzdamwvhwssnhhghfvumfebuk5aejtlad.html
drugs: 0.0
weapons: 0.0
adult/porn: 0.0
market: 0.0
scam/crime: 2.0408163265306123
forum/blog: 0.0
financial: 0.0

cleancoikmh6uamc.html
drugs: 1.8518518518518516
weapons: 0.0
adult/porn: 1.1904761904761905
market: 2.631578947368421
scam/crime: 8.16326530612245
forum/blog: 10.638297872340425
financial: 21.052631578947366

darkzonebry27nxa.html
drugs: 0.0
weapons: 0.0
adult/porn: 0.0
market: 5.263157894736842
scam/crime: 4.081632653061225
forum/blog: 6.382978723404255
financial: 10.526315789473683

cmarketsiuhtiix5.html
drugs: 7.4074074074074066
weapons: 0.0
adult/porn: 2.380952380952381
market: 13.157894736842104
scam/crime: 10.204081632653061
forum/blog: 6.382978723404255
financial: 18.421052631578945

stopscamzn7nqag6.html
drugs: 11.11111111111111
weapons: 8.0
adult/porn: 4.761904761904762
market: 10.526315789473683
scam/crime: 28.57142857142857
forum/blog: 19.148936170212767
financial: 18.421052631578945

stacnb5bmdtzysww.html
drugs: 0.0
weapons: 0.0
adult/porn: 1.1904761904761905
market: 0.0
scam/crime: 0.0
forum/blog: 2.127659574468085
financial: 0.0

hkcr7naqdkmw76gr.html
drugs: 9.25925925925926
weapons: 0.0
adult/porn: 0.0
market: 5.263157894736842
scam/crime: 8.16326530612245
forum/blog: 6.382978723404255
financial: 18.421052631578945

p6afzcaghpulzr5r.html
drugs: 0.0
weapons: 4.0
adult/porn: 0.0
market: 0.0
scam/crime: 0.0
forum/blog: 0.0
financial: 0.0

kqi3xlwupbe3d5rjtch724oewv2ou4zamzurdp7i3a4ec566kxlzs7ad.html
drugs: 5.555555555555555
weapons: 0.0
adult/porn: 2.380952380952381
market: 10.526315789473683
scam/crime: 4.081632653061225
forum/blog: 4.25531914893617
financial: 21.052631578947366

m6ssh6ejcsppepa5.html
drugs: 3.7037037037037033
weapons: 4.0
adult/porn: 3.571428571428571
market: 5.263157894736842
scam/crime: 6.122448979591836
forum/blog: 14.893617021276595
financial: 10.526315789473683

wiki5kauuihowqi5.html
drugs: 40.74074074074074
weapons: 36.0
adult/porn: 29.761904761904763
market: 55.26315789473685
scam/crime: 36.734693877551024
forum/blog: 59.57446808510638
financial: 55.26315789473685

ccfreshobyk4cymx.html
drugs: 0.0
weapons: 0.0
adult/porn: 0.0
market: 0.0
scam/crime: 0.0
forum/blog: 0.0
financial: 0.0

imperialwqk43cjr.html
drugs: 16.666666666666664
weapons: 8.0
adult/porn: 7.142857142857142
market: 42.10526315789473
scam/crime: 24.489795918367346
forum/blog: 21.27659574468085
financial: 55.26315789473685

arq37mrqvn6hj553.html
drugs: 11.11111111111111
weapons: 4.0
adult/porn: 1.1904761904761905
market: 31.57894736842105
scam/crime: 12.244897959183673
forum/blog: 10.638297872340425
financial: 36.84210526315789

vfqnd6mieccqyiit.html
drugs: 5.555555555555555
weapons: 4.0
adult/porn: 2.380952380952381
market: 13.157894736842104
scam/crime: 14.285714285714285
forum/blog: 4.25531914893617
financial: 18.421052631578945

omertavzkmsn6tp6.html
drugs: 0.0
weapons: 0.0
adult/porn: 0.0
market: 2.631578947368421
scam/crime: 2.0408163265306123
forum/blog: 4.25531914893617
financial: 2.631578947368421

buybtcstbl2d3igz.html
drugs: 0.0
weapons: 0.0
adult/porn: 0.0
market: 2.631578947368421
scam/crime: 0.0
forum/blog: 0.0
financial: 5.263157894736842

tugvveav653hfqig.html
drugs: 9.25925925925926
weapons: 12.0
adult/porn: 4.761904761904762
market: 31.57894736842105
scam/crime: 16.3265306122449
forum/blog: 14.893617021276595
financial: 31.57894736842105

psyched25pydrgul.html
drugs: 11.11111111111111
weapons: 0.0
adult/porn: 1.1904761904761905
market: 5.263157894736842
scam/crime: 4.081632653061225
forum/blog: 0.0
financial: 7.894736842105263

wmmw7wdoet4lmhta.html
drugs: 0.0
weapons: 0.0
adult/porn: 3.571428571428571
market: 7.894736842105263
scam/crime: 0.0
forum/blog: 2.127659574468085
financial: 5.263157894736842

matrixdirectory.torpress2sarn7xw.html
drugs: 7.4074074074074066
weapons: 0.0
adult/porn: 1.1904761904761905
market: 5.263157894736842
scam/crime: 16.3265306122449
forum/blog: 23.404255319148938
financial: 7.894736842105263

dc5gee72qyaayr4d.html
drugs: 5.555555555555555
weapons: 0.0
adult/porn: 1.1904761904761905
market: 18.421052631578945
scam/crime: 6.122448979591836
forum/blog: 0.0
financial: 5.263157894736842

yitulsbdshrmsmzz.html
drugs: 16.666666666666664
weapons: 4.0
adult/porn: 8.333333333333332
market: 26.31578947368421
scam/crime: 18.367346938775512
forum/blog: 6.382978723404255
financial: 31.57894736842105

mllpfi3dsfp7wjms.html
drugs: 0.0
weapons: 0.0
adult/porn: 0.0
market: 2.631578947368421
scam/crime: 8.16326530612245
forum/blog: 10.638297872340425
financial: 2.631578947368421

xb635ncim63dlahg.html
drugs: 0.0
weapons: 0.0
adult/porn: 1.1904761904761905
market: 0.0
scam/crime: 4.081632653061225
forum/blog: 0.0
financial: 2.631578947368421

tj2d2hizwtbialiv.html
drugs: 24.074074074074073
weapons: 12.0
adult/porn: 10.714285714285714
market: 44.73684210526316
scam/crime: 28.57142857142857
forum/blog: 19.148936170212767
financial: 65.78947368421053

asiatrfnrlfibkqz.html
drugs: 16.666666666666664
weapons: 4.0
adult/porn: 4.761904761904762
market: 26.31578947368421
scam/crime: 24.489795918367346
forum/blog: 12.76595744680851
financial: 57.89473684210527

torlinkswwqg3lwt.html
drugs: 16.666666666666664
weapons: 4.0
adult/porn: 2.380952380952381
market: 18.421052631578945
scam/crime: 26.53061224489796
forum/blog: 29.78723404255319
financial: 42.10526315789473

vxx2tfzprjm56eka.html
drugs: 3.7037037037037033
weapons: 0.0
adult/porn: 4.761904761904762
market: 5.263157894736842
scam/crime: 8.16326530612245
forum/blog: 23.404255319148938
financial: 10.526315789473683

2y3kpqcdwhwemfoc.html
drugs: 11.11111111111111
weapons: 0.0
adult/porn: 5.952380952380952
market: 21.052631578947366
scam/crime: 10.204081632653061
forum/blog: 8.51063829787234
financial: 23.684210526315788

hansamkt2rr6nfg3.html
drugs: 0.0
weapons: 0.0
adult/porn: 0.0
market: 0.0
scam/crime: 2.0408163265306123
forum/blog: 2.127659574468085
financial: 2.631578947368421

allbtcsromt76qmg.html
drugs: 0.0
weapons: 0.0
adult/porn: 0.0
market: 0.0
scam/crime: 0.0
forum/blog: 0.0
financial: 2.631578947368421

kca5otiavhwjw4xy.html
drugs: 5.555555555555555
weapons: 0.0
adult/porn: 5.952380952380952
market: 15.789473684210526
scam/crime: 16.3265306122449
forum/blog: 8.51063829787234
financial: 28.947368421052634

ixpnon3zvysm24ct.html
drugs: 0.0
weapons: 0.0
adult/porn: 0.0
market: 0.0
scam/crime: 0.0
forum/blog: 0.0
financial: 0.0

blkmobbzqjhpn232.html
drugs: 1.8518518518518516
weapons: 0.0
adult/porn: 3.571428571428571
market: 5.263157894736842
scam/crime: 10.204081632653061
forum/blog: 12.76595744680851
financial: 7.894736842105263

krgtoifgjo5bbnopalwkunonf4dw6jo7i6crvk2jimzzzknefn4cbpid.html
drugs: 3.7037037037037033
weapons: 0.0
adult/porn: 0.0
market: 10.526315789473683
scam/crime: 8.16326530612245
forum/blog: 4.25531914893617
financial: 21.052631578947366

cstoreav7i44h2lr.html
drugs: 0.0
weapons: 0.0
adult/porn: 1.1904761904761905
market: 0.0
scam/crime: 0.0
forum/blog: 0.0
financial: 0.0

wallstyizjhkrvmj.html
drugs: 0.0
weapons: 0.0
adult/porn: 0.0
market: 0.0
scam/crime: 0.0
forum/blog: 0.0
financial: 0.0

paypalacfi5pv4t2.html
drugs: 3.7037037037037033
weapons: 0.0
adult/porn: 1.1904761904761905
market: 7.894736842105263
scam/crime: 2.0408163265306123
forum/blog: 2.127659574468085
financial: 10.526315789473683

6mdzov735cyntz4j344pjtreexwcasnjs5elknqm4cex5brkhufccgqd.html
drugs: 11.11111111111111
weapons: 4.0
adult/porn: 3.571428571428571
market: 26.31578947368421
scam/crime: 12.244897959183673
forum/blog: 17.02127659574468
financial: 39.473684210526315

wvxwdchqvprqfkl4.html
drugs: 3.7037037037037033
weapons: 0.0
adult/porn: 4.761904761904762
market: 5.263157894736842
scam/crime: 8.16326530612245
forum/blog: 23.404255319148938
financial: 10.526315789473683

infantilefb6ovh4.html
drugs: 0.0
weapons: 0.0
adult/porn: 2.380952380952381
market: 2.631578947368421
scam/crime: 0.0
forum/blog: 6.382978723404255
financial: 7.894736842105263

countermltd42g4x.html
drugs: 7.4074074074074066
weapons: 4.0
adult/porn: 1.1904761904761905
market: 7.894736842105263
scam/crime: 6.122448979591836
forum/blog: 4.25531914893617
financial: 2.631578947368421

nare7pqnmnojs2pg.html
drugs: 1.8518518518518516
weapons: 0.0
adult/porn: 2.380952380952381
market: 5.263157894736842
scam/crime: 2.0408163265306123
forum/blog: 8.51063829787234
financial: 7.894736842105263

6tbgusvuzwovvacr3ygn66flaekw5dyigi7fnelxdgdtwxib73gwjkqd.html
drugs: 11.11111111111111
weapons: 4.0
adult/porn: 2.380952380952381
market: 31.57894736842105
scam/crime: 12.244897959183673
forum/blog: 8.51063829787234
financial: 28.947368421052634

cocain2xkqiesuqd.html
drugs: 1.8518518518518516
weapons: 0.0
adult/porn: 0.0
market: 2.631578947368421
scam/crime: 0.0
forum/blog: 0.0
financial: 2.631578947368421

capitaavobvq35sv.html
drugs: 12.962962962962962
weapons: 0.0
adult/porn: 3.571428571428571
market: 23.684210526315788
scam/crime: 14.285714285714285
forum/blog: 8.51063829787234
financial: 26.31578947368421

7haz75ietrhjds3j.html
drugs: 0.0
weapons: 0.0
adult/porn: 1.1904761904761905
market: 0.0
scam/crime: 0.0
forum/blog: 0.0
financial: 0.0

bananavvz3rjchih.html
drugs: 0.0
weapons: 0.0
adult/porn: 0.0
market: 2.631578947368421
scam/crime: 0.0
forum/blog: 2.127659574468085
financial: 5.263157894736842

nzxj65x32vh2fkhk.html
drugs: 0.0
weapons: 0.0
adult/porn: 0.0
market: 0.0
scam/crime: 2.0408163265306123
forum/blog: 4.25531914893617
financial: 0.0

7hwy246m7zcujilc.html
drugs: 7.4074074074074066
weapons: 4.0
adult/porn: 9.523809523809524
market: 18.421052631578945
scam/crime: 16.3265306122449
forum/blog: 14.893617021276595
financial: 36.84210526315789

k4btcoezc5tlxyaf.html
drugs: 18.51851851851852
weapons: 0.0
adult/porn: 3.571428571428571
market: 5.263157894736842
scam/crime: 10.204081632653061
forum/blog: 4.25531914893617
financial: 10.526315789473683

darkmarketsomqvzqfjudpd6t5eabgvvpplrbtzq6prervyogenlrlqd.html
drugs: 0.0
weapons: 0.0
adult/porn: 1.1904761904761905
market: 0.0
scam/crime: 0.0
forum/blog: 0.0
financial: 0.0

artifaxdeep.torpress2sarn7xw.html
drugs: 0.0
weapons: 0.0
adult/porn: 0.0
market: 0.0
scam/crime: 6.122448979591836
forum/blog: 8.51063829787234
financial: 7.894736842105263

jwvyciheor2abnjn.html
drugs: 27.77777777777778
weapons: 12.0
adult/porn: 16.666666666666664
market: 55.26315789473685
scam/crime: 44.89795918367347
forum/blog: 31.914893617021278
financial: 65.78947368421053

cashbuckdz67mro2.html
drugs: 9.25925925925926
weapons: 0.0
adult/porn: 1.1904761904761905
market: 7.894736842105263
scam/crime: 8.16326530612245
forum/blog: 0.0
financial: 15.789473684210526

gunsdarkhzyowteb.html
drugs: 3.7037037037037033
weapons: 0.0
adult/porn: 4.761904761904762
market: 5.263157894736842
scam/crime: 8.16326530612245
forum/blog: 23.404255319148938
financial: 10.526315789473683

ybiaxhp2mhn4dtog.html
drugs: 5.555555555555555
weapons: 0.0
adult/porn: 1.1904761904761905
market: 18.421052631578945
scam/crime: 6.122448979591836
forum/blog: 0.0
financial: 5.263157894736842

bnrub6cwicyu7snv.html
drugs: 18.51851851851852
weapons: 8.0
adult/porn: 5.952380952380952
market: 28.947368421052634
scam/crime: 20.408163265306122
forum/blog: 17.02127659574468
financial: 47.368421052631575

6thhimkhby4az3vz.html
drugs: 9.25925925925926
weapons: 4.0
adult/porn: 2.380952380952381
market: 7.894736842105263
scam/crime: 8.16326530612245
forum/blog: 4.25531914893617
financial: 5.263157894736842

losmauhhek7laxdv.html
drugs: 14.814814814814813
weapons: 8.0
adult/porn: 8.333333333333332
market: 36.84210526315789
scam/crime: 26.53061224489796
forum/blog: 27.659574468085108
financial: 55.26315789473685

uhb2gkawseo74dzo.html
drugs: 11.11111111111111
weapons: 0.0
adult/porn: 3.571428571428571
market: 21.052631578947366
scam/crime: 18.367346938775512
forum/blog: 19.148936170212767
financial: 34.21052631578947

fp5xenfx2tl4tw2h.html
drugs: 16.666666666666664
weapons: 16.0
adult/porn: 7.142857142857142
market: 28.947368421052634
scam/crime: 22.448979591836736
forum/blog: 19.148936170212767
financial: 50.0

fxwyfqrcj67nxal3.html
drugs: 3.7037037037037033
weapons: 0.0
adult/porn: 4.761904761904762
market: 5.263157894736842
scam/crime: 8.16326530612245
forum/blog: 23.404255319148938
financial: 10.526315789473683

dh7fozu2b52tawvhtxxqlqthxcofrenorz2mw4h6uku324xtbeiyn4yd.html
drugs: 9.25925925925926
weapons: 0.0
adult/porn: 5.952380952380952
market: 26.31578947368421
scam/crime: 20.408163265306122
forum/blog: 19.148936170212767
financial: 34.21052631578947

jctbbts4z3gi6b3k.html
drugs: 12.962962962962962
weapons: 8.0
adult/porn: 5.952380952380952
market: 23.684210526315788
scam/crime: 20.408163265306122
forum/blog: 12.76595744680851
financial: 31.57894736842105

smoker32pk4qt3mx.html
drugs: 5.555555555555555
weapons: 0.0
adult/porn: 0.0
market: 10.526315789473683
scam/crime: 2.0408163265306123
forum/blog: 4.25531914893617
financial: 7.894736842105263

7hk64iz2vn2ewi7h.html
drugs: 1.8518518518518516
weapons: 0.0
adult/porn: 2.380952380952381
market: 0.0
scam/crime: 4.081632653061225
forum/blog: 4.25531914893617
financial: 0.0

qyh35wx75lkf6z55.html
drugs: 18.51851851851852
weapons: 4.0
adult/porn: 7.142857142857142
market: 28.947368421052634
scam/crime: 20.408163265306122
forum/blog: 17.02127659574468
financial: 47.368421052631575

eeyovrly7charuku.html
drugs: 1.8518518518518516
weapons: 4.0
adult/porn: 1.1904761904761905
market: 2.631578947368421
scam/crime: 0.0
forum/blog: 8.51063829787234
financial: 5.263157894736842

ze5zfg2vj2sg2cnf.html
drugs: 0.0
weapons: 0.0
adult/porn: 0.0
market: 0.0
scam/crime: 0.0
forum/blog: 0.0
financial: 0.0

safebtck4qejiero.html
drugs: 5.555555555555555
weapons: 0.0
adult/porn: 1.1904761904761905
market: 7.894736842105263
scam/crime: 14.285714285714285
forum/blog: 12.76595744680851
financial: 21.052631578947366

safepayt2nt56gy4.html
drugs: 5.555555555555555
weapons: 0.0
adult/porn: 1.1904761904761905
market: 7.894736842105263
scam/crime: 14.285714285714285
forum/blog: 12.76595744680851
financial: 21.052631578947366

animalirgsuecrvn.html
drugs: 9.25925925925926
weapons: 8.0
adult/porn: 77.38095238095238
market: 13.157894736842104
scam/crime: 8.16326530612245
forum/blog: 29.78723404255319
financial: 13.157894736842104

cockmailwwfvrtqj.html
drugs: 0.0
weapons: 0.0
adult/porn: 1.1904761904761905
market: 7.894736842105263
scam/crime: 2.0408163265306123
forum/blog: 6.382978723404255
financial: 5.263157894736842

dedopedhvmcsxylb.html
drugs: 7.4074074074074066
weapons: 0.0
adult/porn: 0.0
market: 5.263157894736842
scam/crime: 0.0
forum/blog: 0.0
financial: 10.526315789473683

ejcfqvftvxlyhrsloz4k2qqku2di2kvshl645o7jdoyv3co6fn6cxiyd.html
drugs: 14.814814814814813
weapons: 4.0
adult/porn: 1.1904761904761905
market: 34.21052631578947
scam/crime: 10.204081632653061
forum/blog: 6.382978723404255
financial: 26.31578947368421

cybercs4zuvqyqli.html
drugs: 14.814814814814813
weapons: 0.0
adult/porn: 5.952380952380952
market: 34.21052631578947
scam/crime: 18.367346938775512
forum/blog: 21.27659574468085
financial: 52.63157894736842

5xwceaxhhehervpn.html
drugs: 0.0
weapons: 0.0
adult/porn: 0.0
market: 0.0
scam/crime: 0.0
forum/blog: 0.0
financial: 0.0

userl7qp24jlajyx.html
drugs: 3.7037037037037033
weapons: 0.0
adult/porn: 4.761904761904762
market: 5.263157894736842
scam/crime: 8.16326530612245
forum/blog: 23.404255319148938
financial: 10.526315789473683

shopcardphj4zjsx.html
drugs: 27.77777777777778
weapons: 8.0
adult/porn: 16.666666666666664
market: 55.26315789473685
scam/crime: 44.89795918367347
forum/blog: 29.78723404255319
financial: 65.78947368421053

y5fmhyqdr6r7ddws.html
drugs: 1.8518518518518516
weapons: 0.0
adult/porn: 1.1904761904761905
market: 5.263157894736842
scam/crime: 4.081632653061225
forum/blog: 10.638297872340425
financial: 7.894736842105263

abyssopyps3z4xof.html
drugs: 33.33333333333333
weapons: 12.0
adult/porn: 13.095238095238097
market: 36.84210526315789
scam/crime: 28.57142857142857
forum/blog: 31.914893617021278
financial: 47.368421052631575

3n3w4m56atug7osb.html
drugs: 9.25925925925926
weapons: 8.0
adult/porn: 2.380952380952381
market: 23.684210526315788
scam/crime: 14.285714285714285
forum/blog: 6.382978723404255
financial: 13.157894736842104

mollyworh4524fop.html
drugs: 9.25925925925926
weapons: 0.0
adult/porn: 0.0
market: 2.631578947368421
scam/crime: 2.0408163265306123
forum/blog: 0.0
financial: 2.631578947368421

2hftxvyft7dl3fk2.html
drugs: 3.7037037037037033
weapons: 0.0
adult/porn: 1.1904761904761905
market: 5.263157894736842
scam/crime: 6.122448979591836
forum/blog: 6.382978723404255
financial: 10.526315789473683

eurogdhw5fxe2xjb.html
drugs: 7.4074074074074066
weapons: 16.0
adult/porn: 3.571428571428571
market: 18.421052631578945
scam/crime: 6.122448979591836
forum/blog: 2.127659574468085
financial: 10.526315789473683

lmoneylmwki7lv4vtijsqr23p6odzpyaw3uffsbm6f5e3osy3wkrfvad.html
drugs: 18.51851851851852
weapons: 8.0
adult/porn: 4.761904761904762
market: 39.473684210526315
scam/crime: 22.448979591836736
forum/blog: 17.02127659574468
financial: 55.26315789473685

2krvzozptjnzhioa.html
drugs: 9.25925925925926
weapons: 0.0
adult/porn: 4.761904761904762
market: 10.526315789473683
scam/crime: 14.285714285714285
forum/blog: 8.51063829787234
financial: 18.421052631578945

visitorfi5kl7q7i.html
drugs: 0.0
weapons: 0.0
adult/porn: 1.1904761904761905
market: 0.0
scam/crime: 6.122448979591836
forum/blog: 10.638297872340425
financial: 10.526315789473683

2ogmrlfzdthnwkez.html
drugs: 9.25925925925926
weapons: 12.0
adult/porn: 7.142857142857142
market: 10.526315789473683
scam/crime: 32.6530612244898
forum/blog: 14.893617021276595
financial: 23.684210526315788

ccshopi6db65t6kj.html
drugs: 12.962962962962962
weapons: 0.0
adult/porn: 7.142857142857142
market: 34.21052631578947
scam/crime: 12.244897959183673
forum/blog: 14.893617021276595
financial: 31.57894736842105

silkroadkaxmspva.html
drugs: 0.0
weapons: 4.0
adult/porn: 0.0
market: 2.631578947368421
scam/crime: 0.0
forum/blog: 4.25531914893617
financial: 2.631578947368421

uujpz6aszhnrxyix.html
drugs: 11.11111111111111
weapons: 8.0
adult/porn: 2.380952380952381
market: 23.684210526315788
scam/crime: 12.244897959183673
forum/blog: 12.76595744680851
financial: 31.57894736842105

pj3aoi7dzivfjbpe.html
drugs: 14.814814814814813
weapons: 4.0
adult/porn: 7.142857142857142
market: 39.473684210526315
scam/crime: 22.448979591836736
forum/blog: 14.893617021276595
financial: 50.0

liberty6o7lubin4t2nzyebylmk4l4xfw6kk2o5xhg3fahqoatfiprqd.html
drugs: 0.0
weapons: 0.0
adult/porn: 1.1904761904761905
market: 2.631578947368421
scam/crime: 2.0408163265306123
forum/blog: 4.25531914893617
financial: 0.0

nzh3fv6jc6jskki3.html
drugs: 5.555555555555555
weapons: 0.0
adult/porn: 5.952380952380952
market: 13.157894736842104
scam/crime: 14.285714285714285
forum/blog: 31.914893617021278
financial: 15.789473684210526

2dnwnh5djmua3ji6ocfuetkgycuxrn77tc2lkvmjxuffn7vkxo7y4hid.html
drugs: 11.11111111111111
weapons: 4.0
adult/porn: 4.761904761904762
market: 15.789473684210526
scam/crime: 10.204081632653061
forum/blog: 6.382978723404255
financial: 36.84210526315789

aannwx6fzpwniruq.html
drugs: 3.7037037037037033
weapons: 0.0
adult/porn: 8.333333333333332
market: 18.421052631578945
scam/crime: 20.408163265306122
forum/blog: 12.76595744680851
financial: 44.73684210526316

etrrdbuorwng2hkw.html
drugs: 0.0
weapons: 0.0
adult/porn: 0.0
market: 0.0
scam/crime: 0.0
forum/blog: 0.0
financial: 0.0

cardccgwbm5xob4e.html
drugs: 5.555555555555555
weapons: 4.0
adult/porn: 0.0
market: 13.157894736842104
scam/crime: 10.204081632653061
forum/blog: 8.51063829787234
financial: 23.684210526315788

smokerhv5hlklzh2.html
drugs: 5.555555555555555
weapons: 0.0
adult/porn: 0.0
market: 2.631578947368421
scam/crime: 2.0408163265306123
forum/blog: 6.382978723404255
financial: 7.894736842105263

7tllqrhac6nugool.html
drugs: 0.0
weapons: 0.0
adult/porn: 0.0
market: 0.0
scam/crime: 0.0
forum/blog: 2.127659574468085
financial: 0.0

s5q54hfww56ov2xc.html
drugs: 33.33333333333333
weapons: 0.0
adult/porn: 0.0
market: 5.263157894736842
scam/crime: 2.0408163265306123
forum/blog: 0.0
financial: 5.263157894736842

wizbyu3pkptftdfzrid7oxojfw7efz6kss7cu433yr7qcefmolk2xuid.html
drugs: 27.77777777777778
weapons: 8.0
adult/porn: 16.666666666666664
market: 55.26315789473685
scam/crime: 44.89795918367347
forum/blog: 29.78723404255319
financial: 65.78947368421053

acardsavkhwfreuq.html
drugs: 5.555555555555555
weapons: 0.0
adult/porn: 1.1904761904761905
market: 15.789473684210526
scam/crime: 8.16326530612245
forum/blog: 2.127659574468085
financial: 21.052631578947366

bescrowwc3nlocsb.html
drugs: 5.555555555555555
weapons: 0.0
adult/porn: 2.380952380952381
market: 13.157894736842104
scam/crime: 4.081632653061225
forum/blog: 6.382978723404255
financial: 15.789473684210526

6tds66lovd24jl7f.html
drugs: 18.51851851851852
weapons: 8.0
adult/porn: 9.523809523809524
market: 55.26315789473685
scam/crime: 26.53061224489796
forum/blog: 21.27659574468085
financial: 50.0

427b566urhnglxjn526xib5x373agyyygo6zpjx7he4pvjg6a2m3ilad.html
drugs: 11.11111111111111
weapons: 0.0
adult/porn: 1.1904761904761905
market: 18.421052631578945
scam/crime: 14.285714285714285
forum/blog: 17.02127659574468
financial: 39.473684210526315

wikitjerrta4qgz4.html
drugs: 44.44444444444444
weapons: 36.0
adult/porn: 26.190476190476193
market: 57.89473684210527
scam/crime: 44.89795918367347
forum/blog: 87.2340425531915
financial: 68.42105263157895

aoh5yljyr2gawvz6isodr3yp4wfb5ghml4bunjymys24vzxqqw6qhayd.html
drugs: 3.7037037037037033
weapons: 4.0
adult/porn: 1.1904761904761905
market: 10.526315789473683
scam/crime: 6.122448979591836
forum/blog: 8.51063829787234
financial: 26.31578947368421

huomyxhpzx6mw74e6jfxtj5kmxov6wdmc62ylk6oc7feht5gntuawaqd.html
drugs: 11.11111111111111
weapons: 0.0
adult/porn: 2.380952380952381
market: 10.526315789473683
scam/crime: 22.448979591836736
forum/blog: 19.148936170212767
financial: 15.789473684210526

mjturxqbtbncbv6i.html
drugs: 5.555555555555555
weapons: 0.0
adult/porn: 2.380952380952381
market: 15.789473684210526
scam/crime: 14.285714285714285
forum/blog: 8.51063829787234
financial: 15.789473684210526

ueypzk7474bi2kiss7noqcffl2yr3bytlibsoai26jfhmhqh5lcf3hqd.html
drugs: 9.25925925925926
weapons: 4.0
adult/porn: 4.761904761904762
market: 26.31578947368421
scam/crime: 14.285714285714285
forum/blog: 4.25531914893617
financial: 26.31578947368421

torbuyxpe6auueywlctu4wz6ur3o5n2meybt6tyi4rmeudtjsysayqyd.html
drugs: 0.0
weapons: 0.0
adult/porn: 0.0
market: 0.0
scam/crime: 0.0
forum/blog: 0.0
financial: 0.0

55bk7hkfqlyo2xg3.html
drugs: 5.555555555555555
weapons: 0.0
adult/porn: 0.0
market: 15.789473684210526
scam/crime: 6.122448979591836
forum/blog: 2.127659574468085
financial: 13.157894736842104

j6ktoixcmcr7avgf.html
drugs: 7.4074074074074066
weapons: 0.0
adult/porn: 2.380952380952381
market: 13.157894736842104
scam/crime: 8.16326530612245
forum/blog: 6.382978723404255
financial: 23.684210526315788

dsenxis5txr4zbxe.html
drugs: 1.8518518518518516
weapons: 4.0
adult/porn: 2.380952380952381
market: 10.526315789473683
scam/crime: 2.0408163265306123
forum/blog: 2.127659574468085
financial: 2.631578947368421

btcmultiimolu2fo.html
drugs: 0.0
weapons: 0.0
adult/porn: 0.0
market: 0.0
scam/crime: 0.0
forum/blog: 0.0
financial: 0.0

vola7ileiax4ueow.html
drugs: 1.8518518518518516
weapons: 0.0
adult/porn: 0.0
market: 2.631578947368421
scam/crime: 2.0408163265306123
forum/blog: 8.51063829787234
financial: 7.894736842105263

tuu66yxvrnn3of7l.html
drugs: 3.7037037037037033
weapons: 12.0
adult/porn: 0.0
market: 7.894736842105263
scam/crime: 2.0408163265306123
forum/blog: 0.0
financial: 5.263157894736842

midnightkt43f3fk.html
drugs: 3.7037037037037033
weapons: 4.0
adult/porn: 3.571428571428571
market: 18.421052631578945
scam/crime: 6.122448979591836
forum/blog: 2.127659574468085
financial: 10.526315789473683

stacithgj4xrdolk.html
drugs: 0.0
weapons: 0.0
adult/porn: 1.1904761904761905
market: 0.0
scam/crime: 0.0
forum/blog: 2.127659574468085
financial: 0.0

sn2vwdleom47kzqp.html
drugs: 9.25925925925926
weapons: 4.0
adult/porn: 5.952380952380952
market: 18.421052631578945
scam/crime: 20.408163265306122
forum/blog: 23.404255319148938
financial: 23.684210526315788

torvps7kzis5ujfz.html
drugs: 1.8518518518518516
weapons: 0.0
adult/porn: 0.0
market: 0.0
scam/crime: 2.0408163265306123
forum/blog: 6.382978723404255
financial: 5.263157894736842

ppextalynbst3xqm.html
drugs: 3.7037037037037033
weapons: 0.0
adult/porn: 1.1904761904761905
market: 10.526315789473683
scam/crime: 2.0408163265306123
forum/blog: 6.382978723404255
financial: 13.157894736842104

7uvijlsswycvih2p.html
drugs: 20.37037037037037
weapons: 4.0
adult/porn: 1.1904761904761905
market: 2.631578947368421
scam/crime: 2.0408163265306123
forum/blog: 4.25531914893617
financial: 0.0

wlriogia33mzs2kl.html
drugs: 11.11111111111111
weapons: 4.0
adult/porn: 2.380952380952381
market: 31.57894736842105
scam/crime: 12.244897959183673
forum/blog: 8.51063829787234
financial: 28.947368421052634

xmatchesfmhuzgfb.html
drugs: 11.11111111111111
weapons: 0.0
adult/porn: 4.761904761904762
market: 13.157894736842104
scam/crime: 10.204081632653061
forum/blog: 10.638297872340425
financial: 18.421052631578945

vh4rsfok2houie2o.html
drugs: 3.7037037037037033
weapons: 0.0
adult/porn: 0.0
market: 5.263157894736842
scam/crime: 4.081632653061225
forum/blog: 2.127659574468085
financial: 18.421052631578945

bucepafkui6lyblt.html
drugs: 0.0
weapons: 0.0
adult/porn: 0.0
market: 0.0
scam/crime: 0.0
forum/blog: 0.0
financial: 0.0

sgjfdl42o6565wli.html
drugs: 5.555555555555555
weapons: 0.0
adult/porn: 4.761904761904762
market: 5.263157894736842
scam/crime: 12.244897959183673
forum/blog: 8.51063829787234
financial: 7.894736842105263

6bw7sxdi7gtdpnng.html
drugs: 20.37037037037037
weapons: 12.0
adult/porn: 7.142857142857142
market: 28.947368421052634
scam/crime: 22.448979591836736
forum/blog: 27.659574468085108
financial: 47.368421052631575

j7hackfestgaeuvv.html
drugs: 0.0
weapons: 0.0
adult/porn: 1.1904761904761905
market: 5.263157894736842
scam/crime: 4.081632653061225
forum/blog: 10.638297872340425
financial: 5.263157894736842

paypaltfkmgp5v4c.html
drugs: 0.0
weapons: 0.0
adult/porn: 1.1904761904761905
market: 13.157894736842104
scam/crime: 0.0
forum/blog: 8.51063829787234
financial: 23.684210526315788

alphaca4pxfzfyvm.html
drugs: 1.8518518518518516
weapons: 0.0
adult/porn: 1.1904761904761905
market: 7.894736842105263
scam/crime: 0.0
forum/blog: 2.127659574468085
financial: 18.421052631578945

cosmistljwunnzgr.html
drugs: 0.0
weapons: 0.0
adult/porn: 0.0
market: 0.0
scam/crime: 4.081632653061225
forum/blog: 12.76595744680851
financial: 0.0

worldtx2zjdrxwwdvthuilhadqyfcl3fqgyjddhtakq3j4fonppvy3id.html
drugs: 0.0
weapons: 0.0
adult/porn: 0.0
market: 0.0
scam/crime: 0.0
forum/blog: 0.0
financial: 0.0

6q5mipksw3qe5cqxxfmjg2gorzwlctbbmdjiub2iwxiu6zxse5bwvaid.html
drugs: 1.8518518518518516
weapons: 0.0
adult/porn: 0.0
market: 5.263157894736842
scam/crime: 4.081632653061225
forum/blog: 4.25531914893617
financial: 13.157894736842104

platypusxchhwv6z.html
drugs: 3.7037037037037033
weapons: 0.0
adult/porn: 2.380952380952381
market: 13.157894736842104
scam/crime: 2.0408163265306123
forum/blog: 6.382978723404255
financial: 15.789473684210526

moneyhundy5im6qi.html
drugs: 29.629629629629626
weapons: 12.0
adult/porn: 16.666666666666664
market: 60.526315789473685
scam/crime: 44.89795918367347
forum/blog: 38.297872340425535
financial: 68.42105263157895

bitstorenctdwhmo.html
drugs: 11.11111111111111
weapons: 0.0
adult/porn: 2.380952380952381
market: 26.31578947368421
scam/crime: 10.204081632653061
forum/blog: 0.0
financial: 21.052631578947366

styleup76zfdvypm.html
drugs: 14.814814814814813
weapons: 16.0
adult/porn: 7.142857142857142
market: 26.31578947368421
scam/crime: 24.489795918367346
forum/blog: 19.148936170212767
financial: 50.0

deepmartk7oqun66.html
drugs: 1.8518518518518516
weapons: 0.0
adult/porn: 1.1904761904761905
market: 2.631578947368421
scam/crime: 0.0
forum/blog: 2.127659574468085
financial: 5.263157894736842

imperiacfwnxzhkpyce2ifxwdf3zromko5wwrbaeldhtkvask3es7tyd.html
drugs: 11.11111111111111
weapons: 8.0
adult/porn: 3.571428571428571
market: 15.789473684210526
scam/crime: 12.244897959183673
forum/blog: 8.51063829787234
financial: 31.57894736842105

3fym7qpu7jsljat7.html
drugs: 9.25925925925926
weapons: 8.0
adult/porn: 77.38095238095238
market: 13.157894736842104
scam/crime: 8.16326530612245
forum/blog: 29.78723404255319
financial: 13.157894736842104

m4jglxobiz7fnz7seq5ej7henoe6sxzvf3lybjkptc66olutxis6lnad.html
drugs: 9.25925925925926
weapons: 0.0
adult/porn: 4.761904761904762
market: 7.894736842105263
scam/crime: 10.204081632653061
forum/blog: 6.382978723404255
financial: 15.789473684210526

betcoinahk4j27yb.html
drugs: 1.8518518518518516
weapons: 0.0
adult/porn: 1.1904761904761905
market: 5.263157894736842
scam/crime: 8.16326530612245
forum/blog: 8.51063829787234
financial: 26.31578947368421

2cardsowr7u7uvpyrnc5lxuclhb4noj6q2cqf2so7ezg2zufntkjefad.html
drugs: 12.962962962962962
weapons: 16.0
adult/porn: 10.714285714285714
market: 31.57894736842105
scam/crime: 28.57142857142857
forum/blog: 25.53191489361702
financial: 63.1578947368421

hcutffpecnc44vef.html
drugs: 0.0
weapons: 0.0
adult/porn: 0.0
market: 0.0
scam/crime: 0.0
forum/blog: 2.127659574468085
financial: 0.0

jedhvw74olnzgz6rdepfb3eojtjy5b2sgygaxieyf3dclucbwgnz7dqd.html
drugs: 3.7037037037037033
weapons: 0.0
adult/porn: 4.761904761904762
market: 13.157894736842104
scam/crime: 10.204081632653061
forum/blog: 8.51063829787234
financial: 18.421052631578945

apkx44pmf7fyd63e.html
drugs: 0.0
weapons: 0.0
adult/porn: 0.0
market: 0.0
scam/crime: 4.081632653061225
forum/blog: 8.51063829787234
financial: 2.631578947368421

gdaqpaukrkqwjop6.html
drugs: 0.0
weapons: 0.0
adult/porn: 0.0
market: 0.0
scam/crime: 0.0
forum/blog: 2.127659574468085
financial: 2.631578947368421

alphaic5aw7skw2x.html
drugs: 0.0
weapons: 0.0
adult/porn: 1.1904761904761905
market: 7.894736842105263
scam/crime: 2.0408163265306123
forum/blog: 4.25531914893617
financial: 21.052631578947366

pharmauoq6wnqp7q.html
drugs: 0.0
weapons: 0.0
adult/porn: 0.0
market: 0.0
scam/crime: 0.0
forum/blog: 0.0
financial: 0.0

pwqjuqhj4humjwxgqryg5s4mblu3acqfphqhjvb3k6m5lx2eup45cpid.html
drugs: 18.51851851851852
weapons: 8.0
adult/porn: 4.761904761904762
market: 39.473684210526315
scam/crime: 22.448979591836736
forum/blog: 17.02127659574468
financial: 55.26315789473685

saefjmgij57x5gky.html
drugs: 3.7037037037037033
weapons: 0.0
adult/porn: 4.761904761904762
market: 5.263157894736842
scam/crime: 8.16326530612245
forum/blog: 23.404255319148938
financial: 10.526315789473683

scryptmaildniwm6.html
drugs: 1.8518518518518516
weapons: 0.0
adult/porn: 1.1904761904761905
market: 2.631578947368421
scam/crime: 2.0408163265306123
forum/blog: 8.51063829787234
financial: 2.631578947368421

slavegl5jgdo2pbk.html
drugs: 1.8518518518518516
weapons: 0.0
adult/porn: 2.380952380952381
market: 2.631578947368421
scam/crime: 2.0408163265306123
forum/blog: 0.0
financial: 5.263157894736842

bnrusds5aw6b3iul.html
drugs: 18.51851851851852
weapons: 8.0
adult/porn: 5.952380952380952
market: 28.947368421052634
scam/crime: 20.408163265306122
forum/blog: 17.02127659574468
financial: 47.368421052631575

4t2qo5bgrwicvqw7.html
drugs: 18.51851851851852
weapons: 0.0
adult/porn: 3.571428571428571
market: 5.263157894736842
scam/crime: 10.204081632653061
forum/blog: 4.25531914893617
financial: 10.526315789473683

fakebillkelmwaos.html
drugs: 16.666666666666664
weapons: 8.0
adult/porn: 4.761904761904762
market: 23.684210526315788
scam/crime: 14.285714285714285
forum/blog: 6.382978723404255
financial: 34.21052631578947

3pdx7y4r2mc3zuxw.html
drugs: 18.51851851851852
weapons: 0.0
adult/porn: 1.1904761904761905
market: 10.526315789473683
scam/crime: 6.122448979591836
forum/blog: 0.0
financial: 7.894736842105263

ozdp6boy4xfmsetv.html
drugs: 20.37037037037037
weapons: 12.0
adult/porn: 7.142857142857142
market: 28.947368421052634
scam/crime: 22.448979591836736
forum/blog: 27.659574468085108
financial: 47.368421052631575

newshit5g5lc5coc.html
drugs: 5.555555555555555
weapons: 0.0
adult/porn: 3.571428571428571
market: 10.526315789473683
scam/crime: 2.0408163265306123
forum/blog: 6.382978723404255
financial: 5.263157894736842

dwayoz4ucb4nszmi.html
drugs: 37.03703703703704
weapons: 16.0
adult/porn: 16.666666666666664
market: 63.1578947368421
scam/crime: 51.02040816326531
forum/blog: 48.93617021276596
financial: 63.1578947368421

oq3y6kvdjmhcavto.html
drugs: 3.7037037037037033
weapons: 0.0
adult/porn: 4.761904761904762
market: 5.263157894736842
scam/crime: 8.16326530612245
forum/blog: 23.404255319148938
financial: 10.526315789473683

escrow26gdxwbzjb.html
drugs: 1.8518518518518516
weapons: 0.0
adult/porn: 2.380952380952381
market: 10.526315789473683
scam/crime: 6.122448979591836
forum/blog: 12.76595744680851
financial: 15.789473684210526

cashcowbaahb6ai4.html
drugs: 24.074074074074073
weapons: 4.0
adult/porn: 11.904761904761903
market: 34.21052631578947
scam/crime: 30.612244897959183
forum/blog: 17.02127659574468
financial: 42.10526315789473

dunl4qc7zlaqmavm.html
drugs: 7.4074074074074066
weapons: 0.0
adult/porn: 0.0
market: 2.631578947368421
scam/crime: 0.0
forum/blog: 0.0
financial: 2.631578947368421

csxtih62vmohxptm.html
drugs: 0.0
weapons: 0.0
adult/porn: 1.1904761904761905
market: 0.0
scam/crime: 0.0
forum/blog: 0.0
financial: 0.0

4nolzswd7i34f7yc.html
drugs: 22.22222222222222
weapons: 20.0
adult/porn: 14.285714285714285
market: 47.368421052631575
scam/crime: 30.612244897959183
forum/blog: 31.914893617021278
financial: 57.89473684210527

stacaqsyrzfg4jos.html
drugs: 0.0
weapons: 0.0
adult/porn: 1.1904761904761905
market: 0.0
scam/crime: 0.0
forum/blog: 2.127659574468085
financial: 0.0

hiddenywc3g77cj6jkj5mrgekpwujdacxm7bkl3juay24ink7ryp5zqd.html
drugs: 0.0
weapons: 0.0
adult/porn: 0.0
market: 0.0
scam/crime: 0.0
forum/blog: 0.0
financial: 0.0

n65xqgf3qj423wfj.html
drugs: 3.7037037037037033
weapons: 0.0
adult/porn: 4.761904761904762
market: 5.263157894736842
scam/crime: 8.16326530612245
forum/blog: 23.404255319148938
financial: 10.526315789473683

7ca736d4of2xe7pm.html
drugs: 0.0
weapons: 0.0
adult/porn: 7.142857142857142
market: 2.631578947368421
scam/crime: 0.0
forum/blog: 4.25531914893617
financial: 0.0

mvmalrzuhmlznwookw7fg5he7ep6nhhcjof3o5vu7rtu4kzcq53lqwyd.html
drugs: 11.11111111111111
weapons: 4.0
adult/porn: 2.380952380952381
market: 31.57894736842105
scam/crime: 20.408163265306122
forum/blog: 8.51063829787234
financial: 42.10526315789473

trinixy73gm6z4fq.html
drugs: 3.7037037037037033
weapons: 0.0
adult/porn: 3.571428571428571
market: 26.31578947368421
scam/crime: 6.122448979591836
forum/blog: 8.51063829787234
financial: 5.263157894736842

vfh3tsbizlsirnxg73ebrf2fuuud62oben7rijm7kzhfg43de6ecoiyd.html
drugs: 0.0
weapons: 0.0
adult/porn: 0.0
market: 0.0
scam/crime: 0.0
forum/blog: 6.382978723404255
financial: 2.631578947368421

darkmambawopntdk.html
drugs: 1.8518518518518516
weapons: 0.0
adult/porn: 4.761904761904762
market: 2.631578947368421
scam/crime: 4.081632653061225
forum/blog: 4.25531914893617
financial: 7.894736842105263

rzilaygoiqfvmmcl.html
drugs: 9.25925925925926
weapons: 8.0
adult/porn: 77.38095238095238
market: 13.157894736842104
scam/crime: 8.16326530612245
forum/blog: 29.78723404255319
financial: 13.157894736842104

directdal7bourmy.html
drugs: 35.18518518518518
weapons: 32.0
adult/porn: 9.523809523809524
market: 60.526315789473685
scam/crime: 38.775510204081634
forum/blog: 34.04255319148936
financial: 71.05263157894737

kaarvixjxfdy2wv2.html
drugs: 0.0
weapons: 0.0
adult/porn: 0.0
market: 2.631578947368421
scam/crime: 2.0408163265306123
forum/blog: 2.127659574468085
financial: 0.0

kobrabd77ppgjd2r.html
drugs: 0.0
weapons: 0.0
adult/porn: 0.0
market: 0.0
scam/crime: 0.0
forum/blog: 0.0
financial: 0.0

cheenazap345z6a7.html
drugs: 1.8518518518518516
weapons: 0.0
adult/porn: 1.1904761904761905
market: 0.0
scam/crime: 4.081632653061225
forum/blog: 4.25531914893617
financial: 2.631578947368421

edfbn5gfuaj2bc2w.html
drugs: 7.4074074074074066
weapons: 0.0
adult/porn: 1.1904761904761905
market: 5.263157894736842
scam/crime: 6.122448979591836
forum/blog: 6.382978723404255
financial: 7.894736842105263

cocahze7fqy4qwwx.html
drugs: 1.8518518518518516
weapons: 0.0
adult/porn: 0.0
market: 0.0
scam/crime: 0.0
forum/blog: 0.0
financial: 2.631578947368421

tfwdi3izigxllure.html
drugs: 1.8518518518518516
weapons: 0.0
adult/porn: 3.571428571428571
market: 7.894736842105263
scam/crime: 6.122448979591836
forum/blog: 0.0
financial: 2.631578947368421

zriokjwqb244oci7.html
drugs: 1.8518518518518516
weapons: 4.0
adult/porn: 4.761904761904762
market: 0.0
scam/crime: 4.081632653061225
forum/blog: 17.02127659574468
financial: 5.263157894736842

hydraruzxpnew4af.html
drugs: 0.0
weapons: 0.0
adult/porn: 0.0
market: 0.0
scam/crime: 0.0
forum/blog: 0.0
financial: 0.0

h7hsn3g7ebub3opewsxtcjfsstyy3s4kvtphxwmv5lvwq5lrtazit2yd.html
drugs: 11.11111111111111
weapons: 0.0
adult/porn: 3.571428571428571
market: 18.421052631578945
scam/crime: 12.244897959183673
forum/blog: 17.02127659574468
financial: 31.57894736842105

mescrowsi3yjswh2.html
drugs: 3.7037037037037033
weapons: 0.0
adult/porn: 0.0
market: 7.894736842105263
scam/crime: 10.204081632653061
forum/blog: 14.893617021276595
financial: 18.421052631578945

gunsganjkiexjkew.html
drugs: 0.0
weapons: 12.0
adult/porn: 0.0
market: 0.0
scam/crime: 0.0
forum/blog: 0.0
financial: 0.0

xf3mt5ev4brqmfrh.html
drugs: 20.37037037037037
weapons: 12.0
adult/porn: 13.095238095238097
market: 28.947368421052634
scam/crime: 40.816326530612244
forum/blog: 38.297872340425535
financial: 47.368421052631575

newsiiwanaduqpre.html
drugs: 0.0
weapons: 0.0
adult/porn: 1.1904761904761905
market: 0.0
scam/crime: 2.0408163265306123
forum/blog: 10.638297872340425
financial: 5.263157894736842

55niksbd22qqaedkw36qw4cpofmbxdtbwonxam7ov2ga62zqbhgty3yd.html
drugs: 7.4074074074074066
weapons: 4.0
adult/porn: 4.761904761904762
market: 26.31578947368421
scam/crime: 6.122448979591836
forum/blog: 17.02127659574468
financial: 31.57894736842105

mobileay2syyw6qf.html
drugs: 9.25925925925926
weapons: 4.0
adult/porn: 2.380952380952381
market: 21.052631578947366
scam/crime: 6.122448979591836
forum/blog: 2.127659574468085
financial: 7.894736842105263

weed46fkpfzc3lvi.html
drugs: 3.7037037037037033
weapons: 0.0
adult/porn: 0.0
market: 2.631578947368421
scam/crime: 4.081632653061225
forum/blog: 2.127659574468085
financial: 5.263157894736842

mgibojrlzdfoajbn.html
drugs: 9.25925925925926
weapons: 12.0
adult/porn: 4.761904761904762
market: 31.57894736842105
scam/crime: 16.3265306122449
forum/blog: 14.893617021276595
financial: 31.57894736842105

cchackeryteydyp4.html
drugs: 1.8518518518518516
weapons: 0.0
adult/porn: 0.0
market: 2.631578947368421
scam/crime: 6.122448979591836
forum/blog: 4.25531914893617
financial: 7.894736842105263

bankrollc2qbvqn3.html
drugs: 7.4074074074074066
weapons: 0.0
adult/porn: 2.380952380952381
market: 13.157894736842104
scam/crime: 10.204081632653061
forum/blog: 4.25531914893617
financial: 26.31578947368421

g24stauh3c3fkk4j.html
drugs: 9.25925925925926
weapons: 8.0
adult/porn: 77.38095238095238
market: 13.157894736842104
scam/crime: 8.16326530612245
forum/blog: 29.78723404255319
financial: 13.157894736842104

dtkeubgx47jeqvag.html
drugs: 3.7037037037037033
weapons: 0.0
adult/porn: 4.761904761904762
market: 5.263157894736842
scam/crime: 8.16326530612245
forum/blog: 23.404255319148938
financial: 10.526315789473683

xmq7cvvf2t7qtais5pobcnzs4wzysqjco2qlxyvnyckpf2uwankuzdad.html
drugs: 5.555555555555555
weapons: 0.0
adult/porn: 2.380952380952381
market: 10.526315789473683
scam/crime: 4.081632653061225
forum/blog: 4.25531914893617
financial: 21.052631578947366

alphac5biyz7adb4.html
drugs: 14.814814814814813
weapons: 0.0
adult/porn: 3.571428571428571
market: 23.684210526315788
scam/crime: 20.408163265306122
forum/blog: 14.893617021276595
financial: 34.21052631578947

jzn5w5pac26sqef4.html
drugs: 0.0
weapons: 4.0
adult/porn: 1.1904761904761905
market: 10.526315789473683
scam/crime: 6.122448979591836
forum/blog: 2.127659574468085
financial: 21.052631578947366

wth474sv6ct4glwiowjipvr6ydeg6tbxlenxqibe5vno7ivmeqlumnid.html
drugs: 22.22222222222222
weapons: 8.0
adult/porn: 8.333333333333332
market: 52.63157894736842
scam/crime: 30.612244897959183
forum/blog: 34.04255319148936
financial: 57.89473684210527

hiddenuip5qlthdkbeqrpcfja4k5qr5urordvm4sm3gnz6wcy7yo5qqd.html
drugs: 0.0
weapons: 0.0
adult/porn: 0.0
market: 0.0
scam/crime: 2.0408163265306123
forum/blog: 0.0
financial: 0.0

7rmath4ro2of2a42.html
drugs: 25.925925925925924
weapons: 28.000000000000004
adult/porn: 14.285714285714285
market: 36.84210526315789
scam/crime: 38.775510204081634
forum/blog: 44.680851063829785
financial: 28.947368421052634

zerobinqmdqd236y.html
drugs: 0.0
weapons: 0.0
adult/porn: 2.380952380952381
market: 2.631578947368421
scam/crime: 2.0408163265306123
forum/blog: 10.638297872340425
financial: 7.894736842105263

ebkjlvge7furmo6y.html
drugs: 12.962962962962962
weapons: 8.0
adult/porn: 9.523809523809524
market: 13.157894736842104
scam/crime: 20.408163265306122
forum/blog: 10.638297872340425
financial: 23.684210526315788

rso4hutlefirefqp.html
drugs: 11.11111111111111
weapons: 0.0
adult/porn: 0.0
market: 2.631578947368421
scam/crime: 2.0408163265306123
forum/blog: 0.0
financial: 2.631578947368421

biu2c4zjzt5mnsmfjfcnisxzybhmliwxobdblcgpa2afc3mj2ilvqfqd.html
drugs: 27.77777777777778
weapons: 12.0
adult/porn: 16.666666666666664
market: 57.89473684210527
scam/crime: 44.89795918367347
forum/blog: 40.42553191489361
financial: 68.42105263157895

pppppppppnuuh5amu6ez7lfgjod2b54c4sgh25aygj56xq4d2zvuv5ad.html
drugs: 22.22222222222222
weapons: 12.0
adult/porn: 10.714285714285714
market: 50.0
scam/crime: 38.775510204081634
forum/blog: 34.04255319148936
financial: 60.526315789473685

pharma5jbbmwjoo3.html
drugs: 3.7037037037037033
weapons: 0.0
adult/porn: 0.0
market: 0.0
scam/crime: 0.0
forum/blog: 2.127659574468085
financial: 2.631578947368421

cardp2rckmuocccy.html
drugs: 12.962962962962962
weapons: 4.0
adult/porn: 5.952380952380952
market: 36.84210526315789
scam/crime: 22.448979591836736
forum/blog: 14.893617021276595
financial: 57.89473684210527

pcxpayc44a57kfo7.html
drugs: 7.4074074074074066
weapons: 4.0
adult/porn: 2.380952380952381
market: 31.57894736842105
scam/crime: 18.367346938775512
forum/blog: 17.02127659574468
financial: 52.63157894736842

imperi2m2v2ebxey.html
drugs: 12.962962962962962
weapons: 4.0
adult/porn: 7.142857142857142
market: 39.473684210526315
scam/crime: 18.367346938775512
forum/blog: 12.76595744680851
financial: 50.0

darknet3ysxpbjtvbtyqorzuq3bp4pk3vt4fuhqxz6h2bzj2kyjbisqd.html
drugs: 0.0
weapons: 0.0
adult/porn: 1.1904761904761905
market: 0.0
scam/crime: 0.0
forum/blog: 0.0
financial: 0.0

cryptomixns23scr.html
drugs: 14.814814814814813
weapons: 8.0
adult/porn: 4.761904761904762
market: 18.421052631578945
scam/crime: 20.408163265306122
forum/blog: 21.27659574468085
financial: 28.947368421052634

answerstedhctbek.html
drugs: 0.0
weapons: 0.0
adult/porn: 3.571428571428571
market: 7.894736842105263
scam/crime: 14.285714285714285
forum/blog: 23.404255319148938
financial: 2.631578947368421

xnwpwzm5dn5fi6kf.html
drugs: 11.11111111111111
weapons: 0.0
adult/porn: 0.0
market: 2.631578947368421
scam/crime: 2.0408163265306123
forum/blog: 0.0
financial: 2.631578947368421

cccenterjb27ubnm.html
drugs: 0.0
weapons: 0.0
adult/porn: 1.1904761904761905
market: 0.0
scam/crime: 0.0
forum/blog: 0.0
financial: 10.526315789473683

it.louhlbgyupgktsw7.html
drugs: 0.0
weapons: 0.0
adult/porn: 0.0
market: 0.0
scam/crime: 0.0
forum/blog: 6.382978723404255
financial: 0.0

ccqvend6aq5wig35.html
drugs: 1.8518518518518516
weapons: 0.0
adult/porn: 1.1904761904761905
market: 15.789473684210526
scam/crime: 4.081632653061225
forum/blog: 8.51063829787234
financial: 28.947368421052634

amazonfkuuy6g3ou.html
drugs: 3.7037037037037033
weapons: 0.0
adult/porn: 1.1904761904761905
market: 23.684210526315788
scam/crime: 4.081632653061225
forum/blog: 0.0
financial: 13.157894736842104

6w6vcynl6dumn67c.html
drugs: 0.0
weapons: 0.0
adult/porn: 1.1904761904761905
market: 0.0
scam/crime: 2.0408163265306123
forum/blog: 10.638297872340425
financial: 5.263157894736842

doggyfipznipbaia.html
drugs: 0.0
weapons: 0.0
adult/porn: 1.1904761904761905
market: 2.631578947368421
scam/crime: 0.0
forum/blog: 0.0
financial: 0.0

apmqltpmgmpqwqwt.html
drugs: 5.555555555555555
weapons: 0.0
adult/porn: 2.380952380952381
market: 15.789473684210526
scam/crime: 10.204081632653061
forum/blog: 4.25531914893617
financial: 13.157894736842104

buygc467q5ez2fg7.html
drugs: 7.4074074074074066
weapons: 4.0
adult/porn: 2.380952380952381
market: 15.789473684210526
scam/crime: 10.204081632653061
forum/blog: 12.76595744680851
financial: 21.052631578947366

bitcardsw34pkzvlauyt6etil4eb5bbketpgcx7c2ka4ag2omgbgqgad.html
drugs: 12.962962962962962
weapons: 8.0
adult/porn: 5.952380952380952
market: 23.684210526315788
scam/crime: 20.408163265306122
forum/blog: 10.638297872340425
financial: 31.57894736842105

2xdaeenpafva4adrhojz3ibj7uzpmfvzvv4drdkjxwwcqj3jt4dbfeid.html
drugs: 12.962962962962962
weapons: 4.0
adult/porn: 7.142857142857142
market: 31.57894736842105
scam/crime: 24.489795918367346
forum/blog: 17.02127659574468
financial: 60.526315789473685

horizontjsecs65q.html
drugs: 22.22222222222222
weapons: 28.000000000000004
adult/porn: 9.523809523809524
market: 44.73684210526316
scam/crime: 30.612244897959183
forum/blog: 31.914893617021278
financial: 57.89473684210527

realpissxny3hgyl.html
drugs: 0.0
weapons: 0.0
adult/porn: 0.0
market: 0.0
scam/crime: 0.0
forum/blog: 0.0
financial: 0.0

bitphar76n5t3qag.html
drugs: 31.48148148148148
weapons: 0.0
adult/porn: 0.0
market: 2.631578947368421
scam/crime: 2.0408163265306123
forum/blog: 0.0
financial: 5.263157894736842

mixbitw5m5zh4m7u.html
drugs: 5.555555555555555
weapons: 0.0
adult/porn: 0.0
market: 2.631578947368421
scam/crime: 14.285714285714285
forum/blog: 6.382978723404255
financial: 13.157894736842104

z25ub7elk47ca2gj.html
drugs: 3.7037037037037033
weapons: 0.0
adult/porn: 4.761904761904762
market: 5.263157894736842
scam/crime: 8.16326530612245
forum/blog: 23.404255319148938
financial: 10.526315789473683

muwkpdumqr4m6kxkdfcphx7g2onhjh7iurlipbwcjsqwc7sa3lpke3id.html
drugs: 1.8518518518518516
weapons: 0.0
adult/porn: 1.1904761904761905
market: 5.263157894736842
scam/crime: 2.0408163265306123
forum/blog: 10.638297872340425
financial: 2.631578947368421

lhst75hddynx4uaznj2x222zywtmym34faxojaicvxx4owwmfybc3uyd.html
drugs: 9.25925925925926
weapons: 4.0
adult/porn: 1.1904761904761905
market: 18.421052631578945
scam/crime: 12.244897959183673
forum/blog: 17.02127659574468
financial: 34.21052631578947

wi3dg355dpiy2g5k.html
drugs: 9.25925925925926
weapons: 4.0
adult/porn: 3.571428571428571
market: 23.684210526315788
scam/crime: 24.489795918367346
forum/blog: 19.148936170212767
financial: 34.21052631578947

counteuiwleiigv3.html
drugs: 7.4074074074074066
weapons: 0.0
adult/porn: 0.0
market: 18.421052631578945
scam/crime: 12.244897959183673
forum/blog: 8.51063829787234
financial: 28.947368421052634

acteam2nmbucjnht.html
drugs: 7.4074074074074066
weapons: 4.0
adult/porn: 2.380952380952381
market: 15.789473684210526
scam/crime: 6.122448979591836
forum/blog: 4.25531914893617
financial: 31.57894736842105

dumpsmarslfo4h5g.html
drugs: 5.555555555555555
weapons: 0.0
adult/porn: 1.1904761904761905
market: 13.157894736842104
scam/crime: 8.16326530612245
forum/blog: 0.0
financial: 15.789473684210526

sgkvfgvtxjzvbadm.html
drugs: 0.0
weapons: 0.0
adult/porn: 1.1904761904761905
market: 0.0
scam/crime: 2.0408163265306123
forum/blog: 2.127659574468085
financial: 2.631578947368421

2oywvwmtzdelmiei.html
drugs: 0.0
weapons: 4.0
adult/porn: 0.0
market: 0.0
scam/crime: 0.0
forum/blog: 0.0
financial: 0.0

apple5e3lqymppzp.html
drugs: 5.555555555555555
weapons: 4.0
adult/porn: 53.57142857142857
market: 0.0
scam/crime: 2.0408163265306123
forum/blog: 12.76595744680851
financial: 5.263157894736842

u7grdclw44l44vyj.html
drugs: 20.37037037037037
weapons: 4.0
adult/porn: 2.380952380952381
market: 28.947368421052634
scam/crime: 20.408163265306122
forum/blog: 8.51063829787234
financial: 50.0

t4wjrh634dnlue6i.html
drugs: 5.555555555555555
weapons: 4.0
adult/porn: 0.0
market: 10.526315789473683
scam/crime: 4.081632653061225
forum/blog: 0.0
financial: 2.631578947368421

252tmoknarvaevjj.html
drugs: 7.4074074074074066
weapons: 4.0
adult/porn: 3.571428571428571
market: 15.789473684210526
scam/crime: 12.244897959183673
forum/blog: 12.76595744680851
financial: 21.052631578947366

7yipwxdv5cfdjfpjztiz7sv2jlzzjuepmxy4mtlvuaojejwhg3zhliqd.html
drugs: 0.0
weapons: 0.0
adult/porn: 1.1904761904761905
market: 0.0
scam/crime: 2.0408163265306123
forum/blog: 0.0
financial: 0.0

z6ttukngw2hlok2u.html
drugs: 7.4074074074074066
weapons: 0.0
adult/porn: 4.761904761904762
market: 15.789473684210526
scam/crime: 22.448979591836736
forum/blog: 51.06382978723404
financial: 39.473684210526315

zilion4h6dxztysk.html
drugs: 0.0
weapons: 0.0
adult/porn: 0.0
market: 0.0
scam/crime: 2.0408163265306123
forum/blog: 4.25531914893617
financial: 2.631578947368421

nu5grt6sqv4imico.html
drugs: 0.0
weapons: 0.0
adult/porn: 0.0
market: 2.631578947368421
scam/crime: 0.0
forum/blog: 0.0
financial: 0.0

asap2u4pvplnkzl7ecle45wajojnftja45wvovl3jrvhangeyq67ziid.html
drugs: 0.0
weapons: 0.0
adult/porn: 0.0
market: 0.0
scam/crime: 0.0
forum/blog: 0.0
financial: 0.0

unoppqar7cy3zvux.html
drugs: 11.11111111111111
weapons: 0.0
adult/porn: 4.761904761904762
market: 21.052631578947366
scam/crime: 10.204081632653061
forum/blog: 8.51063829787234
financial: 21.052631578947366

v5dbacb4vw3cxtzp.html
drugs: 1.8518518518518516
weapons: 0.0
adult/porn: 3.571428571428571
market: 7.894736842105263
scam/crime: 6.122448979591836
forum/blog: 0.0
financial: 2.631578947368421

yzarbkzcvuigf53l.html
drugs: 12.962962962962962
weapons: 0.0
adult/porn: 2.380952380952381
market: 21.052631578947366
scam/crime: 20.408163265306122
forum/blog: 14.893617021276595
financial: 50.0

ctzzqqimlfamyhrc.html
drugs: 1.8518518518518516
weapons: 0.0
adult/porn: 3.571428571428571
market: 5.263157894736842
scam/crime: 6.122448979591836
forum/blog: 10.638297872340425
financial: 7.894736842105263

miningbf34ktfupa.html
drugs: 7.4074074074074066
weapons: 0.0
adult/porn: 3.571428571428571
market: 13.157894736842104
scam/crime: 10.204081632653061
forum/blog: 10.638297872340425
financial: 18.421052631578945

binance6eqkf4pzk.html
drugs: 5.555555555555555
weapons: 4.0
adult/porn: 2.380952380952381
market: 7.894736842105263
scam/crime: 6.122448979591836
forum/blog: 4.25531914893617
financial: 13.157894736842104

sblib3fk2gryb46d.html
drugs: 0.0
weapons: 0.0
adult/porn: 0.0
market: 0.0
scam/crime: 0.0
forum/blog: 2.127659574468085
financial: 0.0

